<!doctype html public "-//w3c//dtd html 4.0 transitional//en">
<html><head>
<title>Static Call Graph - [usb_final\usb_final.axf]</title></head>
<body><HR>
<H1>Static Call Graph for image usb_final\usb_final.axf</H1><HR>
<BR><P>#&#060CALLGRAPH&#062# ARM Linker, 5060750: Last Updated: Thu Jul 29 13:47:36 2021
<BR><P>
<H3>Maximum Stack Usage =        464 bytes + Unknown(Functions without stacksize, Cycles, Untraceable Function Pointers)</H3><H3>
Call chain for Maximum Stack Depth:</H3>
TIM1_UP_TIM10_IRQHandler &rArr; HAL_TIM_IRQHandler &rArr; HAL_TIM_PeriodElapsedCallback &rArr; save_to_usb &rArr; f_open &rArr; follow_path &rArr; dir_find &rArr; dir_next &rArr; create_chain &rArr; put_fat &rArr; move_window &rArr; sync_window &rArr; disk_write
<P>
<H3>
Functions with no stack information
</H3><UL>
 <LI><a href="#[bc]">__user_initial_stackheap</a>
</UL>
</UL>
<P>
<H3>
Mutually Recursive functions
</H3> <LI><a href="#[2c]">ADC_IRQHandler</a>&nbsp;&nbsp;&nbsp;&rArr;&nbsp;&nbsp;&nbsp;<a href="#[2c]">ADC_IRQHandler</a><BR>
 <LI><a href="#[14]">BusFault_Handler</a>&nbsp;&nbsp;&nbsp;&rArr;&nbsp;&nbsp;&nbsp;<a href="#[14]">BusFault_Handler</a><BR>
 <LI><a href="#[12]">HardFault_Handler</a>&nbsp;&nbsp;&nbsp;&rArr;&nbsp;&nbsp;&nbsp;<a href="#[12]">HardFault_Handler</a><BR>
 <LI><a href="#[13]">MemManage_Handler</a>&nbsp;&nbsp;&nbsp;&rArr;&nbsp;&nbsp;&nbsp;<a href="#[13]">MemManage_Handler</a><BR>
 <LI><a href="#[1d2]">putc_bfd</a>&nbsp;&nbsp;&nbsp;&rArr;&nbsp;&nbsp;&nbsp;<a href="#[1d2]">putc_bfd</a><BR>
 <LI><a href="#[15]">UsageFault_Handler</a>&nbsp;&nbsp;&nbsp;&rArr;&nbsp;&nbsp;&nbsp;<a href="#[15]">UsageFault_Handler</a><BR>
</UL>
<P>
<H3>
Function Pointers
</H3><UL>
 <LI><a href="#[2c]">ADC_IRQHandler</a> from startup_stm32f413xx.o(.text) referenced from startup_stm32f413xx.o(RESET)
 <LI><a href="#[14]">BusFault_Handler</a> from stm32f4xx_it.o(i.BusFault_Handler) referenced from startup_stm32f413xx.o(RESET)
 <LI><a href="#[2e]">CAN1_RX0_IRQHandler</a> from startup_stm32f413xx.o(.text) referenced from startup_stm32f413xx.o(RESET)
 <LI><a href="#[2f]">CAN1_RX1_IRQHandler</a> from startup_stm32f413xx.o(.text) referenced from startup_stm32f413xx.o(RESET)
 <LI><a href="#[30]">CAN1_SCE_IRQHandler</a> from startup_stm32f413xx.o(.text) referenced from startup_stm32f413xx.o(RESET)
 <LI><a href="#[2d]">CAN1_TX_IRQHandler</a> from startup_stm32f413xx.o(.text) referenced from startup_stm32f413xx.o(RESET)
 <LI><a href="#[5a]">CAN2_RX0_IRQHandler</a> from startup_stm32f413xx.o(.text) referenced from startup_stm32f413xx.o(RESET)
 <LI><a href="#[5b]">CAN2_RX1_IRQHandler</a> from startup_stm32f413xx.o(.text) referenced from startup_stm32f413xx.o(RESET)
 <LI><a href="#[5c]">CAN2_SCE_IRQHandler</a> from startup_stm32f413xx.o(.text) referenced from startup_stm32f413xx.o(RESET)
 <LI><a href="#[59]">CAN2_TX_IRQHandler</a> from startup_stm32f413xx.o(.text) referenced from startup_stm32f413xx.o(RESET)
 <LI><a href="#[65]">CAN3_RX0_IRQHandler</a> from startup_stm32f413xx.o(.text) referenced from startup_stm32f413xx.o(RESET)
 <LI><a href="#[66]">CAN3_RX1_IRQHandler</a> from startup_stm32f413xx.o(.text) referenced from startup_stm32f413xx.o(RESET)
 <LI><a href="#[67]">CAN3_SCE_IRQHandler</a> from startup_stm32f413xx.o(.text) referenced from startup_stm32f413xx.o(RESET)
 <LI><a href="#[64]">CAN3_TX_IRQHandler</a> from startup_stm32f413xx.o(.text) referenced from startup_stm32f413xx.o(RESET)
 <LI><a href="#[57]">DFSDM1_FLT0_IRQHandler</a> from startup_stm32f413xx.o(.text) referenced from startup_stm32f413xx.o(RESET)
 <LI><a href="#[58]">DFSDM1_FLT1_IRQHandler</a> from startup_stm32f413xx.o(.text) referenced from startup_stm32f413xx.o(RESET)
 <LI><a href="#[75]">DFSDM2_FLT0_IRQHandler</a> from startup_stm32f413xx.o(.text) referenced from startup_stm32f413xx.o(RESET)
 <LI><a href="#[76]">DFSDM2_FLT1_IRQHandler</a> from startup_stm32f413xx.o(.text) referenced from startup_stm32f413xx.o(RESET)
 <LI><a href="#[77]">DFSDM2_FLT2_IRQHandler</a> from startup_stm32f413xx.o(.text) referenced from startup_stm32f413xx.o(RESET)
 <LI><a href="#[78]">DFSDM2_FLT3_IRQHandler</a> from startup_stm32f413xx.o(.text) referenced from startup_stm32f413xx.o(RESET)
 <LI><a href="#[25]">DMA1_Stream0_IRQHandler</a> from startup_stm32f413xx.o(.text) referenced from startup_stm32f413xx.o(RESET)
 <LI><a href="#[26]">DMA1_Stream1_IRQHandler</a> from startup_stm32f413xx.o(.text) referenced from startup_stm32f413xx.o(RESET)
 <LI><a href="#[27]">DMA1_Stream2_IRQHandler</a> from startup_stm32f413xx.o(.text) referenced from startup_stm32f413xx.o(RESET)
 <LI><a href="#[28]">DMA1_Stream3_IRQHandler</a> from startup_stm32f413xx.o(.text) referenced from startup_stm32f413xx.o(RESET)
 <LI><a href="#[29]">DMA1_Stream4_IRQHandler</a> from startup_stm32f413xx.o(.text) referenced from startup_stm32f413xx.o(RESET)
 <LI><a href="#[2a]">DMA1_Stream5_IRQHandler</a> from startup_stm32f413xx.o(.text) referenced from startup_stm32f413xx.o(RESET)
 <LI><a href="#[2b]">DMA1_Stream6_IRQHandler</a> from startup_stm32f413xx.o(.text) referenced from startup_stm32f413xx.o(RESET)
 <LI><a href="#[49]">DMA1_Stream7_IRQHandler</a> from startup_stm32f413xx.o(.text) referenced from startup_stm32f413xx.o(RESET)
 <LI><a href="#[52]">DMA2_Stream0_IRQHandler</a> from startup_stm32f413xx.o(.text) referenced from startup_stm32f413xx.o(RESET)
 <LI><a href="#[53]">DMA2_Stream1_IRQHandler</a> from startup_stm32f413xx.o(.text) referenced from startup_stm32f413xx.o(RESET)
 <LI><a href="#[54]">DMA2_Stream2_IRQHandler</a> from startup_stm32f413xx.o(.text) referenced from startup_stm32f413xx.o(RESET)
 <LI><a href="#[55]">DMA2_Stream3_IRQHandler</a> from startup_stm32f413xx.o(.text) referenced from startup_stm32f413xx.o(RESET)
 <LI><a href="#[56]">DMA2_Stream4_IRQHandler</a> from startup_stm32f413xx.o(.text) referenced from startup_stm32f413xx.o(RESET)
 <LI><a href="#[5e]">DMA2_Stream5_IRQHandler</a> from startup_stm32f413xx.o(.text) referenced from startup_stm32f413xx.o(RESET)
 <LI><a href="#[5f]">DMA2_Stream6_IRQHandler</a> from startup_stm32f413xx.o(.text) referenced from startup_stm32f413xx.o(RESET)
 <LI><a href="#[60]">DMA2_Stream7_IRQHandler</a> from startup_stm32f413xx.o(.text) referenced from startup_stm32f413xx.o(RESET)
 <LI><a href="#[17]">DebugMon_Handler</a> from stm32f4xx_it.o(i.DebugMon_Handler) referenced from startup_stm32f413xx.o(RESET)
 <LI><a href="#[20]">EXTI0_IRQHandler</a> from startup_stm32f413xx.o(.text) referenced from startup_stm32f413xx.o(RESET)
 <LI><a href="#[42]">EXTI15_10_IRQHandler</a> from startup_stm32f413xx.o(.text) referenced from startup_stm32f413xx.o(RESET)
 <LI><a href="#[21]">EXTI1_IRQHandler</a> from startup_stm32f413xx.o(.text) referenced from startup_stm32f413xx.o(RESET)
 <LI><a href="#[22]">EXTI2_IRQHandler</a> from startup_stm32f413xx.o(.text) referenced from startup_stm32f413xx.o(RESET)
 <LI><a href="#[23]">EXTI3_IRQHandler</a> from startup_stm32f413xx.o(.text) referenced from startup_stm32f413xx.o(RESET)
 <LI><a href="#[24]">EXTI4_IRQHandler</a> from startup_stm32f413xx.o(.text) referenced from startup_stm32f413xx.o(RESET)
 <LI><a href="#[31]">EXTI9_5_IRQHandler</a> from startup_stm32f413xx.o(.text) referenced from startup_stm32f413xx.o(RESET)
 <LI><a href="#[1e]">FLASH_IRQHandler</a> from startup_stm32f413xx.o(.text) referenced from startup_stm32f413xx.o(RESET)
 <LI><a href="#[73]">FMPI2C1_ER_IRQHandler</a> from startup_stm32f413xx.o(.text) referenced from startup_stm32f413xx.o(RESET)
 <LI><a href="#[72]">FMPI2C1_EV_IRQHandler</a> from startup_stm32f413xx.o(.text) referenced from startup_stm32f413xx.o(RESET)
 <LI><a href="#[69]">FPU_IRQHandler</a> from startup_stm32f413xx.o(.text) referenced from startup_stm32f413xx.o(RESET)
 <LI><a href="#[4a]">FSMC_IRQHandler</a> from startup_stm32f413xx.o(.text) referenced from startup_stm32f413xx.o(RESET)
 <LI><a href="#[12]">HardFault_Handler</a> from stm32f4xx_it.o(i.HardFault_Handler) referenced from startup_stm32f413xx.o(RESET)
 <LI><a href="#[3a]">I2C1_ER_IRQHandler</a> from startup_stm32f413xx.o(.text) referenced from startup_stm32f413xx.o(RESET)
 <LI><a href="#[39]">I2C1_EV_IRQHandler</a> from startup_stm32f413xx.o(.text) referenced from startup_stm32f413xx.o(RESET)
 <LI><a href="#[3c]">I2C2_ER_IRQHandler</a> from startup_stm32f413xx.o(.text) referenced from startup_stm32f413xx.o(RESET)
 <LI><a href="#[3b]">I2C2_EV_IRQHandler</a> from startup_stm32f413xx.o(.text) referenced from startup_stm32f413xx.o(RESET)
 <LI><a href="#[63]">I2C3_ER_IRQHandler</a> from startup_stm32f413xx.o(.text) referenced from startup_stm32f413xx.o(RESET)
 <LI><a href="#[62]">I2C3_EV_IRQHandler</a> from startup_stm32f413xx.o(.text) referenced from startup_stm32f413xx.o(RESET)
 <LI><a href="#[74]">LPTIM1_IRQHandler</a> from startup_stm32f413xx.o(.text) referenced from startup_stm32f413xx.o(RESET)
 <LI><a href="#[13]">MemManage_Handler</a> from stm32f4xx_it.o(i.MemManage_Handler) referenced from startup_stm32f413xx.o(RESET)
 <LI><a href="#[11]">NMI_Handler</a> from stm32f4xx_it.o(i.NMI_Handler) referenced from startup_stm32f413xx.o(RESET)
 <LI><a href="#[5d]">OTG_FS_IRQHandler</a> from stm32f4xx_it.o(i.OTG_FS_IRQHandler) referenced from startup_stm32f413xx.o(RESET)
 <LI><a href="#[44]">OTG_FS_WKUP_IRQHandler</a> from startup_stm32f413xx.o(.text) referenced from startup_stm32f413xx.o(RESET)
 <LI><a href="#[1b]">PVD_IRQHandler</a> from startup_stm32f413xx.o(.text) referenced from startup_stm32f413xx.o(RESET)
 <LI><a href="#[18]">PendSV_Handler</a> from stm32f4xx_it.o(i.PendSV_Handler) referenced from startup_stm32f413xx.o(RESET)
 <LI><a href="#[71]">QUADSPI_IRQHandler</a> from startup_stm32f413xx.o(.text) referenced from startup_stm32f413xx.o(RESET)
 <LI><a href="#[1f]">RCC_IRQHandler</a> from startup_stm32f413xx.o(.text) referenced from startup_stm32f413xx.o(RESET)
 <LI><a href="#[68]">RNG_IRQHandler</a> from startup_stm32f413xx.o(.text) referenced from startup_stm32f413xx.o(RESET)
 <LI><a href="#[43]">RTC_Alarm_IRQHandler</a> from stm32f4xx_it.o(i.RTC_Alarm_IRQHandler) referenced from startup_stm32f413xx.o(RESET)
 <LI><a href="#[1d]">RTC_WKUP_IRQHandler</a> from startup_stm32f413xx.o(.text) referenced from startup_stm32f413xx.o(RESET)
 <LI><a href="#[10]">Reset_Handler</a> from startup_stm32f413xx.o(.text) referenced from startup_stm32f413xx.o(RESET)
 <LI><a href="#[6e]">SAI1_IRQHandler</a> from startup_stm32f413xx.o(.text) referenced from startup_stm32f413xx.o(RESET)
 <LI><a href="#[4b]">SDIO_IRQHandler</a> from startup_stm32f413xx.o(.text) referenced from startup_stm32f413xx.o(RESET)
 <LI><a href="#[3d]">SPI1_IRQHandler</a> from startup_stm32f413xx.o(.text) referenced from startup_stm32f413xx.o(RESET)
 <LI><a href="#[3e]">SPI2_IRQHandler</a> from startup_stm32f413xx.o(.text) referenced from startup_stm32f413xx.o(RESET)
 <LI><a href="#[4d]">SPI3_IRQHandler</a> from startup_stm32f413xx.o(.text) referenced from startup_stm32f413xx.o(RESET)
 <LI><a href="#[6c]">SPI4_IRQHandler</a> from startup_stm32f413xx.o(.text) referenced from startup_stm32f413xx.o(RESET)
 <LI><a href="#[6d]">SPI5_IRQHandler</a> from startup_stm32f413xx.o(.text) referenced from startup_stm32f413xx.o(RESET)
 <LI><a href="#[16]">SVC_Handler</a> from stm32f4xx_it.o(i.SVC_Handler) referenced from startup_stm32f413xx.o(RESET)
 <LI><a href="#[19]">SysTick_Handler</a> from stm32f4xx_it.o(i.SysTick_Handler) referenced from startup_stm32f413xx.o(RESET)
 <LI><a href="#[79]">SystemInit</a> from system_stm32f4xx.o(i.SystemInit) referenced from startup_stm32f413xx.o(.text)
 <LI><a href="#[1c]">TAMP_STAMP_IRQHandler</a> from startup_stm32f413xx.o(.text) referenced from startup_stm32f413xx.o(RESET)
 <LI><a href="#[32]">TIM1_BRK_TIM9_IRQHandler</a> from startup_stm32f413xx.o(.text) referenced from startup_stm32f413xx.o(RESET)
 <LI><a href="#[35]">TIM1_CC_IRQHandler</a> from startup_stm32f413xx.o(.text) referenced from startup_stm32f413xx.o(RESET)
 <LI><a href="#[34]">TIM1_TRG_COM_TIM11_IRQHandler</a> from startup_stm32f413xx.o(.text) referenced from startup_stm32f413xx.o(RESET)
 <LI><a href="#[33]">TIM1_UP_TIM10_IRQHandler</a> from stm32f4xx_it.o(i.TIM1_UP_TIM10_IRQHandler) referenced from startup_stm32f413xx.o(RESET)
 <LI><a href="#[36]">TIM2_IRQHandler</a> from startup_stm32f413xx.o(.text) referenced from startup_stm32f413xx.o(RESET)
 <LI><a href="#[37]">TIM3_IRQHandler</a> from startup_stm32f413xx.o(.text) referenced from startup_stm32f413xx.o(RESET)
 <LI><a href="#[38]">TIM4_IRQHandler</a> from startup_stm32f413xx.o(.text) referenced from startup_stm32f413xx.o(RESET)
 <LI><a href="#[4c]">TIM5_IRQHandler</a> from startup_stm32f413xx.o(.text) referenced from startup_stm32f413xx.o(RESET)
 <LI><a href="#[50]">TIM6_DAC_IRQHandler</a> from startup_stm32f413xx.o(.text) referenced from startup_stm32f413xx.o(RESET)
 <LI><a href="#[51]">TIM7_IRQHandler</a> from startup_stm32f413xx.o(.text) referenced from startup_stm32f413xx.o(RESET)
 <LI><a href="#[45]">TIM8_BRK_TIM12_IRQHandler</a> from startup_stm32f413xx.o(.text) referenced from startup_stm32f413xx.o(RESET)
 <LI><a href="#[48]">TIM8_CC_IRQHandler</a> from startup_stm32f413xx.o(.text) referenced from startup_stm32f413xx.o(RESET)
 <LI><a href="#[47]">TIM8_TRG_COM_TIM14_IRQHandler</a> from startup_stm32f413xx.o(.text) referenced from startup_stm32f413xx.o(RESET)
 <LI><a href="#[46]">TIM8_UP_TIM13_IRQHandler</a> from startup_stm32f413xx.o(.text) referenced from startup_stm32f413xx.o(RESET)
 <LI><a href="#[70]">UART10_IRQHandler</a> from startup_stm32f413xx.o(.text) referenced from startup_stm32f413xx.o(RESET)
 <LI><a href="#[4e]">UART4_IRQHandler</a> from startup_stm32f413xx.o(.text) referenced from startup_stm32f413xx.o(RESET)
 <LI><a href="#[4f]">UART5_IRQHandler</a> from startup_stm32f413xx.o(.text) referenced from startup_stm32f413xx.o(RESET)
 <LI><a href="#[6a]">UART7_IRQHandler</a> from startup_stm32f413xx.o(.text) referenced from startup_stm32f413xx.o(RESET)
 <LI><a href="#[6b]">UART8_IRQHandler</a> from startup_stm32f413xx.o(.text) referenced from startup_stm32f413xx.o(RESET)
 <LI><a href="#[6f]">UART9_IRQHandler</a> from startup_stm32f413xx.o(.text) referenced from startup_stm32f413xx.o(RESET)
 <LI><a href="#[3f]">USART1_IRQHandler</a> from startup_stm32f413xx.o(.text) referenced from startup_stm32f413xx.o(RESET)
 <LI><a href="#[40]">USART2_IRQHandler</a> from startup_stm32f413xx.o(.text) referenced from startup_stm32f413xx.o(RESET)
 <LI><a href="#[41]">USART3_IRQHandler</a> from startup_stm32f413xx.o(.text) referenced from startup_stm32f413xx.o(RESET)
 <LI><a href="#[61]">USART6_IRQHandler</a> from startup_stm32f413xx.o(.text) referenced from startup_stm32f413xx.o(RESET)
 <LI><a href="#[8a]">USBH_MSC_ClassRequest</a> from usbh_msc.o(i.USBH_MSC_ClassRequest) referenced from usbh_msc.o(.data)
 <LI><a href="#[89]">USBH_MSC_InterfaceDeInit</a> from usbh_msc.o(i.USBH_MSC_InterfaceDeInit) referenced from usbh_msc.o(.data)
 <LI><a href="#[88]">USBH_MSC_InterfaceInit</a> from usbh_msc.o(i.USBH_MSC_InterfaceInit) referenced from usbh_msc.o(.data)
 <LI><a href="#[8b]">USBH_MSC_Process</a> from usbh_msc.o(i.USBH_MSC_Process) referenced from usbh_msc.o(.data)
 <LI><a href="#[8c]">USBH_MSC_SOFProcess</a> from usbh_msc.o(i.USBH_MSC_SOFProcess) referenced from usbh_msc.o(.data)
 <LI><a href="#[7e]">USBH_UserProcess</a> from usb_host.o(i.USBH_UserProcess) referenced from usb_host.o(i.MX_USB_HOST_Init)
 <LI><a href="#[80]">USBH_initialize</a> from usbh_diskio.o(i.USBH_initialize) referenced from usbh_diskio.o(.constdata)
 <LI><a href="#[84]">USBH_ioctl</a> from usbh_diskio.o(i.USBH_ioctl) referenced from usbh_diskio.o(.constdata)
 <LI><a href="#[82]">USBH_read</a> from usbh_diskio.o(i.USBH_read) referenced from usbh_diskio.o(.constdata)
 <LI><a href="#[81]">USBH_status</a> from usbh_diskio.o(i.USBH_status) referenced from usbh_diskio.o(.constdata)
 <LI><a href="#[83]">USBH_write</a> from usbh_diskio.o(i.USBH_write) referenced from usbh_diskio.o(.constdata)
 <LI><a href="#[15]">UsageFault_Handler</a> from stm32f4xx_it.o(i.UsageFault_Handler) referenced from startup_stm32f413xx.o(RESET)
 <LI><a href="#[1a]">WWDG_IRQHandler</a> from startup_stm32f413xx.o(.text) referenced from startup_stm32f413xx.o(RESET)
 <LI><a href="#[7f]">__default_new_handler()</a> from arm_newhandler_noexceptions.o(.text) referenced from new.o(i._Znwj)
 <LI><a href="#[7d]">[local to arm_exceptions_c]::__default_terminate_handler()</a> from arm_exceptions_globs.o(.text) referenced from arm_exceptions_globs.o(.text)
 <LI><a href="#[86]">DHT22::Check_Response()</a> from dht22.o(i._ZN5DHT2214Check_ResponseEv) referenced from dht22.o(.constdata__ZTV5DHT22)
 <LI><a href="#[87]">DHT22::Read()</a> from dht22.o(i._ZN5DHT224ReadEv) referenced from dht22.o(.constdata__ZTV5DHT22)
 <LI><a href="#[85]">DHT22::Start()</a> from dht22.o(i._ZN5DHT225StartEv) referenced from dht22.o(.constdata__ZTV5DHT22)
 <LI><a href="#[8d]">__main</a> from __main.o(!!!main) referenced from startup_stm32f413xx.o(.text)
 <LI><a href="#[7c]">_printf_input_char</a> from _printf_char_common.o(.text) referenced from _printf_char_common.o(.text)
 <LI><a href="#[7b]">_sputc</a> from _sputc.o(.text) referenced from noretval__2sprintf.o(.text)
</UL>
<P>
<H3>
Global Symbols
</H3>
<P><STRONG><a name="[8d]"></a>__main</STRONG> (Thumb, 8 bytes, Stack size 0 bytes, __main.o(!!!main))
<BR><BR>[Calls]<UL><LI><a href="#[8f]">&gt;&gt;</a>&nbsp;&nbsp;&nbsp;__rt_entry
<LI><a href="#[8e]">&gt;&gt;</a>&nbsp;&nbsp;&nbsp;__scatterload
</UL>

<P><STRONG><a name="[8e]"></a>__scatterload</STRONG> (Thumb, 0 bytes, Stack size unknown bytes, __scatter.o(!!!scatter))
<BR><BR>[Called By]<UL><LI><a href="#[8d]">&gt;&gt;</a>&nbsp;&nbsp;&nbsp;__main
</UL>

<P><STRONG><a name="[90]"></a>__scatterload_rt2</STRONG> (Thumb, 44 bytes, Stack size unknown bytes, __scatter.o(!!!scatter), UNUSED)
<BR><BR>[Calls]<UL><LI><a href="#[8f]">&gt;&gt;</a>&nbsp;&nbsp;&nbsp;__rt_entry
</UL>

<P><STRONG><a name="[1e5]"></a>__scatterload_rt2_thumb_only</STRONG> (Thumb, 0 bytes, Stack size unknown bytes, __scatter.o(!!!scatter), UNUSED)

<P><STRONG><a name="[1e6]"></a>__scatterload_null</STRONG> (Thumb, 0 bytes, Stack size unknown bytes, __scatter.o(!!!scatter), UNUSED)

<P><STRONG><a name="[91]"></a>__scatterload_copy</STRONG> (Thumb, 26 bytes, Stack size unknown bytes, __scatter_copy.o(!!handler_copy), UNUSED)
<BR><BR>[Calls]<UL><LI><a href="#[91]">&gt;&gt;</a>&nbsp;&nbsp;&nbsp;__scatterload_copy
</UL>
<BR>[Called By]<UL><LI><a href="#[91]">&gt;&gt;</a>&nbsp;&nbsp;&nbsp;__scatterload_copy
</UL>

<P><STRONG><a name="[1e7]"></a>__scatterload_zeroinit</STRONG> (Thumb, 28 bytes, Stack size unknown bytes, __scatter_zi.o(!!handler_zi), UNUSED)

<P><STRONG><a name="[92]"></a>_printf_d</STRONG> (Thumb, 0 bytes, Stack size unknown bytes, _printf_d.o(.ARM.Collect$$_printf_percent$$00000009))
<BR><BR>[Stack]<UL><LI>Max Depth = 56 + Unknown Stack Size
<LI>Call Chain = _printf_d &rArr; _printf_int_dec &rArr; _printf_int_common
</UL>
<BR>[Calls]<UL><LI><a href="#[93]">&gt;&gt;</a>&nbsp;&nbsp;&nbsp;_printf_int_dec
</UL>

<P><STRONG><a name="[aa]"></a>_printf_percent</STRONG> (Thumb, 0 bytes, Stack size unknown bytes, _printf_percent.o(.ARM.Collect$$_printf_percent$$00000000))
<BR><BR>[Called By]<UL><LI><a href="#[a9]">&gt;&gt;</a>&nbsp;&nbsp;&nbsp;__printf
</UL>

<P><STRONG><a name="[1e8]"></a>_printf_percent_end</STRONG> (Thumb, 0 bytes, Stack size unknown bytes, _printf_percent_end.o(.ARM.Collect$$_printf_percent$$00000017))

<P><STRONG><a name="[9b]"></a>__rt_lib_init</STRONG> (Thumb, 0 bytes, Stack size unknown bytes, libinit.o(.ARM.Collect$$libinit$$00000000))
<BR><BR>[Called By]<UL><LI><a href="#[9a]">&gt;&gt;</a>&nbsp;&nbsp;&nbsp;__rt_entry_li
</UL>

<P><STRONG><a name="[94]"></a>__rt_lib_init_fp_1</STRONG> (Thumb, 0 bytes, Stack size unknown bytes, libinit2.o(.ARM.Collect$$libinit$$00000001))
<BR><BR>[Calls]<UL><LI><a href="#[95]">&gt;&gt;</a>&nbsp;&nbsp;&nbsp;_fp_init
</UL>

<P><STRONG><a name="[96]"></a>__rt_lib_init_heap_2</STRONG> (Thumb, 0 bytes, Stack size unknown bytes, libinit2.o(.ARM.Collect$$libinit$$00000005))
<BR><BR>[Stack]<UL><LI>Max Depth = 64 + Unknown Stack Size
<LI>Call Chain = __rt_lib_init_heap_2 &rArr; _init_alloc &rArr; __rt_SIGRTMEM &rArr; __rt_SIGRTMEM_inner &rArr; __default_signal_display &rArr; _ttywrch
</UL>
<BR>[Calls]<UL><LI><a href="#[97]">&gt;&gt;</a>&nbsp;&nbsp;&nbsp;_init_alloc
</UL>

<P><STRONG><a name="[1e9]"></a>__rt_lib_init_preinit_1</STRONG> (Thumb, 0 bytes, Stack size unknown bytes, libinit2.o(.ARM.Collect$$libinit$$00000004))

<P><STRONG><a name="[1ea]"></a>__rt_lib_init_alloca_1</STRONG> (Thumb, 0 bytes, Stack size unknown bytes, libinit2.o(.ARM.Collect$$libinit$$0000002E))

<P><STRONG><a name="[1eb]"></a>__rt_lib_init_argv_1</STRONG> (Thumb, 0 bytes, Stack size unknown bytes, libinit2.o(.ARM.Collect$$libinit$$0000002C))

<P><STRONG><a name="[1ec]"></a>__rt_lib_init_atexit_1</STRONG> (Thumb, 0 bytes, Stack size unknown bytes, libinit2.o(.ARM.Collect$$libinit$$0000001B))

<P><STRONG><a name="[1ed]"></a>__rt_lib_init_clock_1</STRONG> (Thumb, 0 bytes, Stack size unknown bytes, libinit2.o(.ARM.Collect$$libinit$$00000021))

<P><STRONG><a name="[1ee]"></a>__rt_lib_init_cpp_1</STRONG> (Thumb, 0 bytes, Stack size unknown bytes, libinit2.o(.ARM.Collect$$libinit$$00000032))

<P><STRONG><a name="[1ef]"></a>__rt_lib_init_exceptions_1</STRONG> (Thumb, 0 bytes, Stack size unknown bytes, libinit2.o(.ARM.Collect$$libinit$$00000030))

<P><STRONG><a name="[1f0]"></a>__rt_lib_init_fp_trap_1</STRONG> (Thumb, 0 bytes, Stack size unknown bytes, libinit2.o(.ARM.Collect$$libinit$$0000001F))

<P><STRONG><a name="[1f1]"></a>__rt_lib_init_getenv_1</STRONG> (Thumb, 0 bytes, Stack size unknown bytes, libinit2.o(.ARM.Collect$$libinit$$00000023))

<P><STRONG><a name="[1f2]"></a>__rt_lib_init_heap_1</STRONG> (Thumb, 0 bytes, Stack size unknown bytes, libinit2.o(.ARM.Collect$$libinit$$0000000A))

<P><STRONG><a name="[1f3]"></a>__rt_lib_init_lc_collate_1</STRONG> (Thumb, 0 bytes, Stack size unknown bytes, libinit2.o(.ARM.Collect$$libinit$$00000011))

<P><STRONG><a name="[1f4]"></a>__rt_lib_init_lc_ctype_1</STRONG> (Thumb, 0 bytes, Stack size unknown bytes, libinit2.o(.ARM.Collect$$libinit$$00000013))

<P><STRONG><a name="[1f5]"></a>__rt_lib_init_lc_monetary_1</STRONG> (Thumb, 0 bytes, Stack size unknown bytes, libinit2.o(.ARM.Collect$$libinit$$00000015))

<P><STRONG><a name="[1f6]"></a>__rt_lib_init_lc_numeric_1</STRONG> (Thumb, 0 bytes, Stack size unknown bytes, libinit2.o(.ARM.Collect$$libinit$$00000017))

<P><STRONG><a name="[1f7]"></a>__rt_lib_init_lc_time_1</STRONG> (Thumb, 0 bytes, Stack size unknown bytes, libinit2.o(.ARM.Collect$$libinit$$00000019))

<P><STRONG><a name="[1f8]"></a>__rt_lib_init_rand_1</STRONG> (Thumb, 0 bytes, Stack size unknown bytes, libinit2.o(.ARM.Collect$$libinit$$0000000E))

<P><STRONG><a name="[1f9]"></a>__rt_lib_init_return</STRONG> (Thumb, 0 bytes, Stack size unknown bytes, libinit2.o(.ARM.Collect$$libinit$$00000033))

<P><STRONG><a name="[1fa]"></a>__rt_lib_init_signal_1</STRONG> (Thumb, 0 bytes, Stack size unknown bytes, libinit2.o(.ARM.Collect$$libinit$$0000001D))

<P><STRONG><a name="[1fb]"></a>__rt_lib_init_stdio_1</STRONG> (Thumb, 0 bytes, Stack size unknown bytes, libinit2.o(.ARM.Collect$$libinit$$00000025))

<P><STRONG><a name="[1fc]"></a>__rt_lib_init_user_alloc_1</STRONG> (Thumb, 0 bytes, Stack size unknown bytes, libinit2.o(.ARM.Collect$$libinit$$0000000C))

<P><STRONG><a name="[a0]"></a>__rt_lib_shutdown</STRONG> (Thumb, 0 bytes, Stack size unknown bytes, libshutdown.o(.ARM.Collect$$libshutdown$$00000000))
<BR><BR>[Called By]<UL><LI><a href="#[b8]">&gt;&gt;</a>&nbsp;&nbsp;&nbsp;abort
<LI><a href="#[9f]">&gt;&gt;</a>&nbsp;&nbsp;&nbsp;__rt_exit_ls
</UL>

<P><STRONG><a name="[1fd]"></a>__rt_lib_shutdown_cpp_1</STRONG> (Thumb, 0 bytes, Stack size unknown bytes, libshutdown2.o(.ARM.Collect$$libshutdown$$00000002))

<P><STRONG><a name="[1fe]"></a>__rt_lib_shutdown_fp_trap_1</STRONG> (Thumb, 0 bytes, Stack size unknown bytes, libshutdown2.o(.ARM.Collect$$libshutdown$$00000007))

<P><STRONG><a name="[1ff]"></a>__rt_lib_shutdown_heap_1</STRONG> (Thumb, 0 bytes, Stack size unknown bytes, libshutdown2.o(.ARM.Collect$$libshutdown$$0000000F))

<P><STRONG><a name="[200]"></a>__rt_lib_shutdown_return</STRONG> (Thumb, 0 bytes, Stack size unknown bytes, libshutdown2.o(.ARM.Collect$$libshutdown$$00000010))

<P><STRONG><a name="[201]"></a>__rt_lib_shutdown_signal_1</STRONG> (Thumb, 0 bytes, Stack size unknown bytes, libshutdown2.o(.ARM.Collect$$libshutdown$$0000000A))

<P><STRONG><a name="[202]"></a>__rt_lib_shutdown_stdio_1</STRONG> (Thumb, 0 bytes, Stack size unknown bytes, libshutdown2.o(.ARM.Collect$$libshutdown$$00000004))

<P><STRONG><a name="[203]"></a>__rt_lib_shutdown_user_alloc_1</STRONG> (Thumb, 0 bytes, Stack size unknown bytes, libshutdown2.o(.ARM.Collect$$libshutdown$$0000000C))

<P><STRONG><a name="[8f]"></a>__rt_entry</STRONG> (Thumb, 0 bytes, Stack size unknown bytes, __rtentry.o(.ARM.Collect$$rtentry$$00000000))
<BR><BR>[Called By]<UL><LI><a href="#[8d]">&gt;&gt;</a>&nbsp;&nbsp;&nbsp;__main
<LI><a href="#[90]">&gt;&gt;</a>&nbsp;&nbsp;&nbsp;__scatterload_rt2
</UL>

<P><STRONG><a name="[204]"></a>__rt_entry_presh_1</STRONG> (Thumb, 0 bytes, Stack size unknown bytes, __rtentry2.o(.ARM.Collect$$rtentry$$00000002))

<P><STRONG><a name="[98]"></a>__rt_entry_sh</STRONG> (Thumb, 0 bytes, Stack size unknown bytes, __rtentry4.o(.ARM.Collect$$rtentry$$00000004))
<BR><BR>[Stack]<UL><LI>Max Depth = 8 + Unknown Stack Size
<LI>Call Chain = __rt_entry_sh &rArr; __user_setup_stackheap
</UL>
<BR>[Calls]<UL><LI><a href="#[99]">&gt;&gt;</a>&nbsp;&nbsp;&nbsp;__user_setup_stackheap
</UL>

<P><STRONG><a name="[9a]"></a>__rt_entry_li</STRONG> (Thumb, 0 bytes, Stack size unknown bytes, __rtentry2.o(.ARM.Collect$$rtentry$$0000000A))
<BR><BR>[Calls]<UL><LI><a href="#[9b]">&gt;&gt;</a>&nbsp;&nbsp;&nbsp;__rt_lib_init
</UL>

<P><STRONG><a name="[205]"></a>__rt_entry_postsh_1</STRONG> (Thumb, 0 bytes, Stack size unknown bytes, __rtentry2.o(.ARM.Collect$$rtentry$$00000009))

<P><STRONG><a name="[9c]"></a>__rt_entry_main</STRONG> (Thumb, 0 bytes, Stack size unknown bytes, __rtentry2.o(.ARM.Collect$$rtentry$$0000000D))
<BR><BR>[Stack]<UL><LI>Max Depth = 264 + Unknown Stack Size
<LI>Call Chain = __rt_entry_main &rArr; main &rArr; SystemClock_Config() &rArr; HAL_RCC_ClockConfig &rArr; HAL_RCC_GetSysClockFreq &rArr; __aeabi_uldivmod
</UL>
<BR>[Calls]<UL><LI><a href="#[9d]">&gt;&gt;</a>&nbsp;&nbsp;&nbsp;main
<LI><a href="#[9e]">&gt;&gt;</a>&nbsp;&nbsp;&nbsp;exit
</UL>

<P><STRONG><a name="[206]"></a>__rt_entry_postli_1</STRONG> (Thumb, 0 bytes, Stack size unknown bytes, __rtentry2.o(.ARM.Collect$$rtentry$$0000000C))

<P><STRONG><a name="[bd]"></a>__rt_exit</STRONG> (Thumb, 0 bytes, Stack size unknown bytes, rtexit.o(.ARM.Collect$$rtexit$$00000000))
<BR><BR>[Called By]<UL><LI><a href="#[9e]">&gt;&gt;</a>&nbsp;&nbsp;&nbsp;exit
</UL>

<P><STRONG><a name="[9f]"></a>__rt_exit_ls</STRONG> (Thumb, 0 bytes, Stack size unknown bytes, rtexit2.o(.ARM.Collect$$rtexit$$00000003))
<BR><BR>[Calls]<UL><LI><a href="#[a0]">&gt;&gt;</a>&nbsp;&nbsp;&nbsp;__rt_lib_shutdown
</UL>

<P><STRONG><a name="[207]"></a>__rt_exit_prels_1</STRONG> (Thumb, 0 bytes, Stack size unknown bytes, rtexit2.o(.ARM.Collect$$rtexit$$00000002))

<P><STRONG><a name="[a1]"></a>__rt_exit_exit</STRONG> (Thumb, 0 bytes, Stack size unknown bytes, rtexit2.o(.ARM.Collect$$rtexit$$00000004))
<BR><BR>[Calls]<UL><LI><a href="#[a2]">&gt;&gt;</a>&nbsp;&nbsp;&nbsp;_sys_exit
</UL>

<P><STRONG><a name="[10]"></a>Reset_Handler</STRONG> (Thumb, 8 bytes, Stack size 0 bytes, startup_stm32f413xx.o(.text))
<BR>[Address Reference Count : 1]<UL><LI> startup_stm32f413xx.o(RESET)
</UL>
<P><STRONG><a name="[208]"></a>_maybe_terminate_alloc</STRONG> (Thumb, 0 bytes, Stack size 0 bytes, maybetermalloc1.o(.emb_text), UNUSED)

<P><STRONG><a name="[2c]"></a>ADC_IRQHandler</STRONG> (Thumb, 0 bytes, Stack size 0 bytes, startup_stm32f413xx.o(.text))
<BR><BR>[Calls]<UL><LI><a href="#[2c]">&gt;&gt;</a>&nbsp;&nbsp;&nbsp;ADC_IRQHandler
</UL>
<BR>[Called By]<UL><LI><a href="#[2c]">&gt;&gt;</a>&nbsp;&nbsp;&nbsp;ADC_IRQHandler
</UL>
<BR>[Address Reference Count : 1]<UL><LI> startup_stm32f413xx.o(RESET)
</UL>
<P><STRONG><a name="[2e]"></a>CAN1_RX0_IRQHandler</STRONG> (Thumb, 0 bytes, Stack size 0 bytes, startup_stm32f413xx.o(.text))
<BR>[Address Reference Count : 1]<UL><LI> startup_stm32f413xx.o(RESET)
</UL>
<P><STRONG><a name="[2f]"></a>CAN1_RX1_IRQHandler</STRONG> (Thumb, 0 bytes, Stack size 0 bytes, startup_stm32f413xx.o(.text))
<BR>[Address Reference Count : 1]<UL><LI> startup_stm32f413xx.o(RESET)
</UL>
<P><STRONG><a name="[30]"></a>CAN1_SCE_IRQHandler</STRONG> (Thumb, 0 bytes, Stack size 0 bytes, startup_stm32f413xx.o(.text))
<BR>[Address Reference Count : 1]<UL><LI> startup_stm32f413xx.o(RESET)
</UL>
<P><STRONG><a name="[2d]"></a>CAN1_TX_IRQHandler</STRONG> (Thumb, 0 bytes, Stack size 0 bytes, startup_stm32f413xx.o(.text))
<BR>[Address Reference Count : 1]<UL><LI> startup_stm32f413xx.o(RESET)
</UL>
<P><STRONG><a name="[5a]"></a>CAN2_RX0_IRQHandler</STRONG> (Thumb, 0 bytes, Stack size 0 bytes, startup_stm32f413xx.o(.text))
<BR>[Address Reference Count : 1]<UL><LI> startup_stm32f413xx.o(RESET)
</UL>
<P><STRONG><a name="[5b]"></a>CAN2_RX1_IRQHandler</STRONG> (Thumb, 0 bytes, Stack size 0 bytes, startup_stm32f413xx.o(.text))
<BR>[Address Reference Count : 1]<UL><LI> startup_stm32f413xx.o(RESET)
</UL>
<P><STRONG><a name="[5c]"></a>CAN2_SCE_IRQHandler</STRONG> (Thumb, 0 bytes, Stack size 0 bytes, startup_stm32f413xx.o(.text))
<BR>[Address Reference Count : 1]<UL><LI> startup_stm32f413xx.o(RESET)
</UL>
<P><STRONG><a name="[59]"></a>CAN2_TX_IRQHandler</STRONG> (Thumb, 0 bytes, Stack size 0 bytes, startup_stm32f413xx.o(.text))
<BR>[Address Reference Count : 1]<UL><LI> startup_stm32f413xx.o(RESET)
</UL>
<P><STRONG><a name="[65]"></a>CAN3_RX0_IRQHandler</STRONG> (Thumb, 0 bytes, Stack size 0 bytes, startup_stm32f413xx.o(.text))
<BR>[Address Reference Count : 1]<UL><LI> startup_stm32f413xx.o(RESET)
</UL>
<P><STRONG><a name="[66]"></a>CAN3_RX1_IRQHandler</STRONG> (Thumb, 0 bytes, Stack size 0 bytes, startup_stm32f413xx.o(.text))
<BR>[Address Reference Count : 1]<UL><LI> startup_stm32f413xx.o(RESET)
</UL>
<P><STRONG><a name="[67]"></a>CAN3_SCE_IRQHandler</STRONG> (Thumb, 0 bytes, Stack size 0 bytes, startup_stm32f413xx.o(.text))
<BR>[Address Reference Count : 1]<UL><LI> startup_stm32f413xx.o(RESET)
</UL>
<P><STRONG><a name="[64]"></a>CAN3_TX_IRQHandler</STRONG> (Thumb, 0 bytes, Stack size 0 bytes, startup_stm32f413xx.o(.text))
<BR>[Address Reference Count : 1]<UL><LI> startup_stm32f413xx.o(RESET)
</UL>
<P><STRONG><a name="[57]"></a>DFSDM1_FLT0_IRQHandler</STRONG> (Thumb, 0 bytes, Stack size 0 bytes, startup_stm32f413xx.o(.text))
<BR>[Address Reference Count : 1]<UL><LI> startup_stm32f413xx.o(RESET)
</UL>
<P><STRONG><a name="[58]"></a>DFSDM1_FLT1_IRQHandler</STRONG> (Thumb, 0 bytes, Stack size 0 bytes, startup_stm32f413xx.o(.text))
<BR>[Address Reference Count : 1]<UL><LI> startup_stm32f413xx.o(RESET)
</UL>
<P><STRONG><a name="[75]"></a>DFSDM2_FLT0_IRQHandler</STRONG> (Thumb, 0 bytes, Stack size 0 bytes, startup_stm32f413xx.o(.text))
<BR>[Address Reference Count : 1]<UL><LI> startup_stm32f413xx.o(RESET)
</UL>
<P><STRONG><a name="[76]"></a>DFSDM2_FLT1_IRQHandler</STRONG> (Thumb, 0 bytes, Stack size 0 bytes, startup_stm32f413xx.o(.text))
<BR>[Address Reference Count : 1]<UL><LI> startup_stm32f413xx.o(RESET)
</UL>
<P><STRONG><a name="[77]"></a>DFSDM2_FLT2_IRQHandler</STRONG> (Thumb, 0 bytes, Stack size 0 bytes, startup_stm32f413xx.o(.text))
<BR>[Address Reference Count : 1]<UL><LI> startup_stm32f413xx.o(RESET)
</UL>
<P><STRONG><a name="[78]"></a>DFSDM2_FLT3_IRQHandler</STRONG> (Thumb, 0 bytes, Stack size 0 bytes, startup_stm32f413xx.o(.text))
<BR>[Address Reference Count : 1]<UL><LI> startup_stm32f413xx.o(RESET)
</UL>
<P><STRONG><a name="[25]"></a>DMA1_Stream0_IRQHandler</STRONG> (Thumb, 0 bytes, Stack size 0 bytes, startup_stm32f413xx.o(.text))
<BR>[Address Reference Count : 1]<UL><LI> startup_stm32f413xx.o(RESET)
</UL>
<P><STRONG><a name="[26]"></a>DMA1_Stream1_IRQHandler</STRONG> (Thumb, 0 bytes, Stack size 0 bytes, startup_stm32f413xx.o(.text))
<BR>[Address Reference Count : 1]<UL><LI> startup_stm32f413xx.o(RESET)
</UL>
<P><STRONG><a name="[27]"></a>DMA1_Stream2_IRQHandler</STRONG> (Thumb, 0 bytes, Stack size 0 bytes, startup_stm32f413xx.o(.text))
<BR>[Address Reference Count : 1]<UL><LI> startup_stm32f413xx.o(RESET)
</UL>
<P><STRONG><a name="[28]"></a>DMA1_Stream3_IRQHandler</STRONG> (Thumb, 0 bytes, Stack size 0 bytes, startup_stm32f413xx.o(.text))
<BR>[Address Reference Count : 1]<UL><LI> startup_stm32f413xx.o(RESET)
</UL>
<P><STRONG><a name="[29]"></a>DMA1_Stream4_IRQHandler</STRONG> (Thumb, 0 bytes, Stack size 0 bytes, startup_stm32f413xx.o(.text))
<BR>[Address Reference Count : 1]<UL><LI> startup_stm32f413xx.o(RESET)
</UL>
<P><STRONG><a name="[2a]"></a>DMA1_Stream5_IRQHandler</STRONG> (Thumb, 0 bytes, Stack size 0 bytes, startup_stm32f413xx.o(.text))
<BR>[Address Reference Count : 1]<UL><LI> startup_stm32f413xx.o(RESET)
</UL>
<P><STRONG><a name="[2b]"></a>DMA1_Stream6_IRQHandler</STRONG> (Thumb, 0 bytes, Stack size 0 bytes, startup_stm32f413xx.o(.text))
<BR>[Address Reference Count : 1]<UL><LI> startup_stm32f413xx.o(RESET)
</UL>
<P><STRONG><a name="[49]"></a>DMA1_Stream7_IRQHandler</STRONG> (Thumb, 0 bytes, Stack size 0 bytes, startup_stm32f413xx.o(.text))
<BR>[Address Reference Count : 1]<UL><LI> startup_stm32f413xx.o(RESET)
</UL>
<P><STRONG><a name="[52]"></a>DMA2_Stream0_IRQHandler</STRONG> (Thumb, 0 bytes, Stack size 0 bytes, startup_stm32f413xx.o(.text))
<BR>[Address Reference Count : 1]<UL><LI> startup_stm32f413xx.o(RESET)
</UL>
<P><STRONG><a name="[53]"></a>DMA2_Stream1_IRQHandler</STRONG> (Thumb, 0 bytes, Stack size 0 bytes, startup_stm32f413xx.o(.text))
<BR>[Address Reference Count : 1]<UL><LI> startup_stm32f413xx.o(RESET)
</UL>
<P><STRONG><a name="[54]"></a>DMA2_Stream2_IRQHandler</STRONG> (Thumb, 0 bytes, Stack size 0 bytes, startup_stm32f413xx.o(.text))
<BR>[Address Reference Count : 1]<UL><LI> startup_stm32f413xx.o(RESET)
</UL>
<P><STRONG><a name="[55]"></a>DMA2_Stream3_IRQHandler</STRONG> (Thumb, 0 bytes, Stack size 0 bytes, startup_stm32f413xx.o(.text))
<BR>[Address Reference Count : 1]<UL><LI> startup_stm32f413xx.o(RESET)
</UL>
<P><STRONG><a name="[56]"></a>DMA2_Stream4_IRQHandler</STRONG> (Thumb, 0 bytes, Stack size 0 bytes, startup_stm32f413xx.o(.text))
<BR>[Address Reference Count : 1]<UL><LI> startup_stm32f413xx.o(RESET)
</UL>
<P><STRONG><a name="[5e]"></a>DMA2_Stream5_IRQHandler</STRONG> (Thumb, 0 bytes, Stack size 0 bytes, startup_stm32f413xx.o(.text))
<BR>[Address Reference Count : 1]<UL><LI> startup_stm32f413xx.o(RESET)
</UL>
<P><STRONG><a name="[5f]"></a>DMA2_Stream6_IRQHandler</STRONG> (Thumb, 0 bytes, Stack size 0 bytes, startup_stm32f413xx.o(.text))
<BR>[Address Reference Count : 1]<UL><LI> startup_stm32f413xx.o(RESET)
</UL>
<P><STRONG><a name="[60]"></a>DMA2_Stream7_IRQHandler</STRONG> (Thumb, 0 bytes, Stack size 0 bytes, startup_stm32f413xx.o(.text))
<BR>[Address Reference Count : 1]<UL><LI> startup_stm32f413xx.o(RESET)
</UL>
<P><STRONG><a name="[20]"></a>EXTI0_IRQHandler</STRONG> (Thumb, 0 bytes, Stack size 0 bytes, startup_stm32f413xx.o(.text))
<BR>[Address Reference Count : 1]<UL><LI> startup_stm32f413xx.o(RESET)
</UL>
<P><STRONG><a name="[42]"></a>EXTI15_10_IRQHandler</STRONG> (Thumb, 0 bytes, Stack size 0 bytes, startup_stm32f413xx.o(.text))
<BR>[Address Reference Count : 1]<UL><LI> startup_stm32f413xx.o(RESET)
</UL>
<P><STRONG><a name="[21]"></a>EXTI1_IRQHandler</STRONG> (Thumb, 0 bytes, Stack size 0 bytes, startup_stm32f413xx.o(.text))
<BR>[Address Reference Count : 1]<UL><LI> startup_stm32f413xx.o(RESET)
</UL>
<P><STRONG><a name="[22]"></a>EXTI2_IRQHandler</STRONG> (Thumb, 0 bytes, Stack size 0 bytes, startup_stm32f413xx.o(.text))
<BR>[Address Reference Count : 1]<UL><LI> startup_stm32f413xx.o(RESET)
</UL>
<P><STRONG><a name="[23]"></a>EXTI3_IRQHandler</STRONG> (Thumb, 0 bytes, Stack size 0 bytes, startup_stm32f413xx.o(.text))
<BR>[Address Reference Count : 1]<UL><LI> startup_stm32f413xx.o(RESET)
</UL>
<P><STRONG><a name="[24]"></a>EXTI4_IRQHandler</STRONG> (Thumb, 0 bytes, Stack size 0 bytes, startup_stm32f413xx.o(.text))
<BR>[Address Reference Count : 1]<UL><LI> startup_stm32f413xx.o(RESET)
</UL>
<P><STRONG><a name="[31]"></a>EXTI9_5_IRQHandler</STRONG> (Thumb, 0 bytes, Stack size 0 bytes, startup_stm32f413xx.o(.text))
<BR>[Address Reference Count : 1]<UL><LI> startup_stm32f413xx.o(RESET)
</UL>
<P><STRONG><a name="[1e]"></a>FLASH_IRQHandler</STRONG> (Thumb, 0 bytes, Stack size 0 bytes, startup_stm32f413xx.o(.text))
<BR>[Address Reference Count : 1]<UL><LI> startup_stm32f413xx.o(RESET)
</UL>
<P><STRONG><a name="[73]"></a>FMPI2C1_ER_IRQHandler</STRONG> (Thumb, 0 bytes, Stack size 0 bytes, startup_stm32f413xx.o(.text))
<BR>[Address Reference Count : 1]<UL><LI> startup_stm32f413xx.o(RESET)
</UL>
<P><STRONG><a name="[72]"></a>FMPI2C1_EV_IRQHandler</STRONG> (Thumb, 0 bytes, Stack size 0 bytes, startup_stm32f413xx.o(.text))
<BR>[Address Reference Count : 1]<UL><LI> startup_stm32f413xx.o(RESET)
</UL>
<P><STRONG><a name="[69]"></a>FPU_IRQHandler</STRONG> (Thumb, 0 bytes, Stack size 0 bytes, startup_stm32f413xx.o(.text))
<BR>[Address Reference Count : 1]<UL><LI> startup_stm32f413xx.o(RESET)
</UL>
<P><STRONG><a name="[4a]"></a>FSMC_IRQHandler</STRONG> (Thumb, 0 bytes, Stack size 0 bytes, startup_stm32f413xx.o(.text))
<BR>[Address Reference Count : 1]<UL><LI> startup_stm32f413xx.o(RESET)
</UL>
<P><STRONG><a name="[3a]"></a>I2C1_ER_IRQHandler</STRONG> (Thumb, 0 bytes, Stack size 0 bytes, startup_stm32f413xx.o(.text))
<BR>[Address Reference Count : 1]<UL><LI> startup_stm32f413xx.o(RESET)
</UL>
<P><STRONG><a name="[39]"></a>I2C1_EV_IRQHandler</STRONG> (Thumb, 0 bytes, Stack size 0 bytes, startup_stm32f413xx.o(.text))
<BR>[Address Reference Count : 1]<UL><LI> startup_stm32f413xx.o(RESET)
</UL>
<P><STRONG><a name="[3c]"></a>I2C2_ER_IRQHandler</STRONG> (Thumb, 0 bytes, Stack size 0 bytes, startup_stm32f413xx.o(.text))
<BR>[Address Reference Count : 1]<UL><LI> startup_stm32f413xx.o(RESET)
</UL>
<P><STRONG><a name="[3b]"></a>I2C2_EV_IRQHandler</STRONG> (Thumb, 0 bytes, Stack size 0 bytes, startup_stm32f413xx.o(.text))
<BR>[Address Reference Count : 1]<UL><LI> startup_stm32f413xx.o(RESET)
</UL>
<P><STRONG><a name="[63]"></a>I2C3_ER_IRQHandler</STRONG> (Thumb, 0 bytes, Stack size 0 bytes, startup_stm32f413xx.o(.text))
<BR>[Address Reference Count : 1]<UL><LI> startup_stm32f413xx.o(RESET)
</UL>
<P><STRONG><a name="[62]"></a>I2C3_EV_IRQHandler</STRONG> (Thumb, 0 bytes, Stack size 0 bytes, startup_stm32f413xx.o(.text))
<BR>[Address Reference Count : 1]<UL><LI> startup_stm32f413xx.o(RESET)
</UL>
<P><STRONG><a name="[74]"></a>LPTIM1_IRQHandler</STRONG> (Thumb, 0 bytes, Stack size 0 bytes, startup_stm32f413xx.o(.text))
<BR>[Address Reference Count : 1]<UL><LI> startup_stm32f413xx.o(RESET)
</UL>
<P><STRONG><a name="[44]"></a>OTG_FS_WKUP_IRQHandler</STRONG> (Thumb, 0 bytes, Stack size 0 bytes, startup_stm32f413xx.o(.text))
<BR>[Address Reference Count : 1]<UL><LI> startup_stm32f413xx.o(RESET)
</UL>
<P><STRONG><a name="[1b]"></a>PVD_IRQHandler</STRONG> (Thumb, 0 bytes, Stack size 0 bytes, startup_stm32f413xx.o(.text))
<BR>[Address Reference Count : 1]<UL><LI> startup_stm32f413xx.o(RESET)
</UL>
<P><STRONG><a name="[71]"></a>QUADSPI_IRQHandler</STRONG> (Thumb, 0 bytes, Stack size 0 bytes, startup_stm32f413xx.o(.text))
<BR>[Address Reference Count : 1]<UL><LI> startup_stm32f413xx.o(RESET)
</UL>
<P><STRONG><a name="[1f]"></a>RCC_IRQHandler</STRONG> (Thumb, 0 bytes, Stack size 0 bytes, startup_stm32f413xx.o(.text))
<BR>[Address Reference Count : 1]<UL><LI> startup_stm32f413xx.o(RESET)
</UL>
<P><STRONG><a name="[68]"></a>RNG_IRQHandler</STRONG> (Thumb, 0 bytes, Stack size 0 bytes, startup_stm32f413xx.o(.text))
<BR>[Address Reference Count : 1]<UL><LI> startup_stm32f413xx.o(RESET)
</UL>
<P><STRONG><a name="[1d]"></a>RTC_WKUP_IRQHandler</STRONG> (Thumb, 0 bytes, Stack size 0 bytes, startup_stm32f413xx.o(.text))
<BR>[Address Reference Count : 1]<UL><LI> startup_stm32f413xx.o(RESET)
</UL>
<P><STRONG><a name="[6e]"></a>SAI1_IRQHandler</STRONG> (Thumb, 0 bytes, Stack size 0 bytes, startup_stm32f413xx.o(.text))
<BR>[Address Reference Count : 1]<UL><LI> startup_stm32f413xx.o(RESET)
</UL>
<P><STRONG><a name="[4b]"></a>SDIO_IRQHandler</STRONG> (Thumb, 0 bytes, Stack size 0 bytes, startup_stm32f413xx.o(.text))
<BR>[Address Reference Count : 1]<UL><LI> startup_stm32f413xx.o(RESET)
</UL>
<P><STRONG><a name="[3d]"></a>SPI1_IRQHandler</STRONG> (Thumb, 0 bytes, Stack size 0 bytes, startup_stm32f413xx.o(.text))
<BR>[Address Reference Count : 1]<UL><LI> startup_stm32f413xx.o(RESET)
</UL>
<P><STRONG><a name="[3e]"></a>SPI2_IRQHandler</STRONG> (Thumb, 0 bytes, Stack size 0 bytes, startup_stm32f413xx.o(.text))
<BR>[Address Reference Count : 1]<UL><LI> startup_stm32f413xx.o(RESET)
</UL>
<P><STRONG><a name="[4d]"></a>SPI3_IRQHandler</STRONG> (Thumb, 0 bytes, Stack size 0 bytes, startup_stm32f413xx.o(.text))
<BR>[Address Reference Count : 1]<UL><LI> startup_stm32f413xx.o(RESET)
</UL>
<P><STRONG><a name="[6c]"></a>SPI4_IRQHandler</STRONG> (Thumb, 0 bytes, Stack size 0 bytes, startup_stm32f413xx.o(.text))
<BR>[Address Reference Count : 1]<UL><LI> startup_stm32f413xx.o(RESET)
</UL>
<P><STRONG><a name="[6d]"></a>SPI5_IRQHandler</STRONG> (Thumb, 0 bytes, Stack size 0 bytes, startup_stm32f413xx.o(.text))
<BR>[Address Reference Count : 1]<UL><LI> startup_stm32f413xx.o(RESET)
</UL>
<P><STRONG><a name="[1c]"></a>TAMP_STAMP_IRQHandler</STRONG> (Thumb, 0 bytes, Stack size 0 bytes, startup_stm32f413xx.o(.text))
<BR>[Address Reference Count : 1]<UL><LI> startup_stm32f413xx.o(RESET)
</UL>
<P><STRONG><a name="[32]"></a>TIM1_BRK_TIM9_IRQHandler</STRONG> (Thumb, 0 bytes, Stack size 0 bytes, startup_stm32f413xx.o(.text))
<BR>[Address Reference Count : 1]<UL><LI> startup_stm32f413xx.o(RESET)
</UL>
<P><STRONG><a name="[35]"></a>TIM1_CC_IRQHandler</STRONG> (Thumb, 0 bytes, Stack size 0 bytes, startup_stm32f413xx.o(.text))
<BR>[Address Reference Count : 1]<UL><LI> startup_stm32f413xx.o(RESET)
</UL>
<P><STRONG><a name="[34]"></a>TIM1_TRG_COM_TIM11_IRQHandler</STRONG> (Thumb, 0 bytes, Stack size 0 bytes, startup_stm32f413xx.o(.text))
<BR>[Address Reference Count : 1]<UL><LI> startup_stm32f413xx.o(RESET)
</UL>
<P><STRONG><a name="[36]"></a>TIM2_IRQHandler</STRONG> (Thumb, 0 bytes, Stack size 0 bytes, startup_stm32f413xx.o(.text))
<BR>[Address Reference Count : 1]<UL><LI> startup_stm32f413xx.o(RESET)
</UL>
<P><STRONG><a name="[37]"></a>TIM3_IRQHandler</STRONG> (Thumb, 0 bytes, Stack size 0 bytes, startup_stm32f413xx.o(.text))
<BR>[Address Reference Count : 1]<UL><LI> startup_stm32f413xx.o(RESET)
</UL>
<P><STRONG><a name="[38]"></a>TIM4_IRQHandler</STRONG> (Thumb, 0 bytes, Stack size 0 bytes, startup_stm32f413xx.o(.text))
<BR>[Address Reference Count : 1]<UL><LI> startup_stm32f413xx.o(RESET)
</UL>
<P><STRONG><a name="[4c]"></a>TIM5_IRQHandler</STRONG> (Thumb, 0 bytes, Stack size 0 bytes, startup_stm32f413xx.o(.text))
<BR>[Address Reference Count : 1]<UL><LI> startup_stm32f413xx.o(RESET)
</UL>
<P><STRONG><a name="[50]"></a>TIM6_DAC_IRQHandler</STRONG> (Thumb, 0 bytes, Stack size 0 bytes, startup_stm32f413xx.o(.text))
<BR>[Address Reference Count : 1]<UL><LI> startup_stm32f413xx.o(RESET)
</UL>
<P><STRONG><a name="[51]"></a>TIM7_IRQHandler</STRONG> (Thumb, 0 bytes, Stack size 0 bytes, startup_stm32f413xx.o(.text))
<BR>[Address Reference Count : 1]<UL><LI> startup_stm32f413xx.o(RESET)
</UL>
<P><STRONG><a name="[45]"></a>TIM8_BRK_TIM12_IRQHandler</STRONG> (Thumb, 0 bytes, Stack size 0 bytes, startup_stm32f413xx.o(.text))
<BR>[Address Reference Count : 1]<UL><LI> startup_stm32f413xx.o(RESET)
</UL>
<P><STRONG><a name="[48]"></a>TIM8_CC_IRQHandler</STRONG> (Thumb, 0 bytes, Stack size 0 bytes, startup_stm32f413xx.o(.text))
<BR>[Address Reference Count : 1]<UL><LI> startup_stm32f413xx.o(RESET)
</UL>
<P><STRONG><a name="[47]"></a>TIM8_TRG_COM_TIM14_IRQHandler</STRONG> (Thumb, 0 bytes, Stack size 0 bytes, startup_stm32f413xx.o(.text))
<BR>[Address Reference Count : 1]<UL><LI> startup_stm32f413xx.o(RESET)
</UL>
<P><STRONG><a name="[46]"></a>TIM8_UP_TIM13_IRQHandler</STRONG> (Thumb, 0 bytes, Stack size 0 bytes, startup_stm32f413xx.o(.text))
<BR>[Address Reference Count : 1]<UL><LI> startup_stm32f413xx.o(RESET)
</UL>
<P><STRONG><a name="[70]"></a>UART10_IRQHandler</STRONG> (Thumb, 0 bytes, Stack size 0 bytes, startup_stm32f413xx.o(.text))
<BR>[Address Reference Count : 1]<UL><LI> startup_stm32f413xx.o(RESET)
</UL>
<P><STRONG><a name="[4e]"></a>UART4_IRQHandler</STRONG> (Thumb, 0 bytes, Stack size 0 bytes, startup_stm32f413xx.o(.text))
<BR>[Address Reference Count : 1]<UL><LI> startup_stm32f413xx.o(RESET)
</UL>
<P><STRONG><a name="[4f]"></a>UART5_IRQHandler</STRONG> (Thumb, 0 bytes, Stack size 0 bytes, startup_stm32f413xx.o(.text))
<BR>[Address Reference Count : 1]<UL><LI> startup_stm32f413xx.o(RESET)
</UL>
<P><STRONG><a name="[6a]"></a>UART7_IRQHandler</STRONG> (Thumb, 0 bytes, Stack size 0 bytes, startup_stm32f413xx.o(.text))
<BR>[Address Reference Count : 1]<UL><LI> startup_stm32f413xx.o(RESET)
</UL>
<P><STRONG><a name="[6b]"></a>UART8_IRQHandler</STRONG> (Thumb, 0 bytes, Stack size 0 bytes, startup_stm32f413xx.o(.text))
<BR>[Address Reference Count : 1]<UL><LI> startup_stm32f413xx.o(RESET)
</UL>
<P><STRONG><a name="[6f]"></a>UART9_IRQHandler</STRONG> (Thumb, 0 bytes, Stack size 0 bytes, startup_stm32f413xx.o(.text))
<BR>[Address Reference Count : 1]<UL><LI> startup_stm32f413xx.o(RESET)
</UL>
<P><STRONG><a name="[3f]"></a>USART1_IRQHandler</STRONG> (Thumb, 0 bytes, Stack size 0 bytes, startup_stm32f413xx.o(.text))
<BR>[Address Reference Count : 1]<UL><LI> startup_stm32f413xx.o(RESET)
</UL>
<P><STRONG><a name="[40]"></a>USART2_IRQHandler</STRONG> (Thumb, 0 bytes, Stack size 0 bytes, startup_stm32f413xx.o(.text))
<BR>[Address Reference Count : 1]<UL><LI> startup_stm32f413xx.o(RESET)
</UL>
<P><STRONG><a name="[41]"></a>USART3_IRQHandler</STRONG> (Thumb, 0 bytes, Stack size 0 bytes, startup_stm32f413xx.o(.text))
<BR>[Address Reference Count : 1]<UL><LI> startup_stm32f413xx.o(RESET)
</UL>
<P><STRONG><a name="[61]"></a>USART6_IRQHandler</STRONG> (Thumb, 0 bytes, Stack size 0 bytes, startup_stm32f413xx.o(.text))
<BR>[Address Reference Count : 1]<UL><LI> startup_stm32f413xx.o(RESET)
</UL>
<P><STRONG><a name="[1a]"></a>WWDG_IRQHandler</STRONG> (Thumb, 0 bytes, Stack size 0 bytes, startup_stm32f413xx.o(.text))
<BR>[Address Reference Count : 1]<UL><LI> startup_stm32f413xx.o(RESET)
</UL>
<P><STRONG><a name="[bc]"></a>__user_initial_stackheap</STRONG> (Thumb, 0 bytes, Stack size unknown bytes, startup_stm32f413xx.o(.text))
<BR><BR>[Called By]<UL><LI><a href="#[99]">&gt;&gt;</a>&nbsp;&nbsp;&nbsp;__user_setup_stackheap
</UL>

<P><STRONG><a name="[a3]"></a>malloc</STRONG> (Thumb, 94 bytes, Stack size 16 bytes, h1_alloc.o(.text))
<BR><BR>[Stack]<UL><LI>Max Depth = 48<LI>Call Chain = malloc &rArr; __Heap_Full &rArr; __Heap_ProvideMemory &rArr; free
</UL>
<BR>[Calls]<UL><LI><a href="#[a5]">&gt;&gt;</a>&nbsp;&nbsp;&nbsp;__Heap_Full
<LI><a href="#[a4]">&gt;&gt;</a>&nbsp;&nbsp;&nbsp;__rt_heap_descriptor
</UL>
<BR>[Called By]<UL><LI><a href="#[ba]">&gt;&gt;</a>&nbsp;&nbsp;&nbsp;__ARM_exceptions_buffer_init
<LI><a href="#[b7]">&gt;&gt;</a>&nbsp;&nbsp;&nbsp;__cxa_get_globals
<LI><a href="#[196]">&gt;&gt;</a>&nbsp;&nbsp;&nbsp;operator new(unsigned)
<LI><a href="#[88]">&gt;&gt;</a>&nbsp;&nbsp;&nbsp;USBH_MSC_InterfaceInit
</UL>

<P><STRONG><a name="[a6]"></a>free</STRONG> (Thumb, 78 bytes, Stack size 16 bytes, h1_free.o(.text))
<BR><BR>[Stack]<UL><LI>Max Depth = 16<LI>Call Chain = free
</UL>
<BR>[Calls]<UL><LI><a href="#[a4]">&gt;&gt;</a>&nbsp;&nbsp;&nbsp;__rt_heap_descriptor
</UL>
<BR>[Called By]<UL><LI><a href="#[b0]">&gt;&gt;</a>&nbsp;&nbsp;&nbsp;__Heap_ProvideMemory
<LI><a href="#[89]">&gt;&gt;</a>&nbsp;&nbsp;&nbsp;USBH_MSC_InterfaceDeInit
</UL>

<P><STRONG><a name="[107]"></a>__aeabi_uldivmod</STRONG> (Thumb, 0 bytes, Stack size 48 bytes, lludivv7m.o(.text))
<BR><BR>[Stack]<UL><LI>Max Depth = 48<LI>Call Chain = __aeabi_uldivmod
</UL>
<BR>[Called By]<UL><LI><a href="#[131]">&gt;&gt;</a>&nbsp;&nbsp;&nbsp;UART_SetConfig
<LI><a href="#[104]">&gt;&gt;</a>&nbsp;&nbsp;&nbsp;HAL_RCC_GetSysClockFreq
</UL>

<P><STRONG><a name="[209]"></a>_ll_udiv</STRONG> (Thumb, 238 bytes, Stack size 48 bytes, lludivv7m.o(.text), UNUSED)

<P><STRONG><a name="[a7]"></a>__2sprintf</STRONG> (Thumb, 34 bytes, Stack size 32 bytes, noretval__2sprintf.o(.text))
<BR><BR>[Stack]<UL><LI>Max Depth = 120 + Unknown Stack Size
<LI>Call Chain = __2sprintf &rArr; _printf_char_common &rArr; __printf
</UL>
<BR>[Calls]<UL><LI><a href="#[7b]">&gt;&gt;</a>&nbsp;&nbsp;&nbsp;_sputc
<LI><a href="#[a8]">&gt;&gt;</a>&nbsp;&nbsp;&nbsp;_printf_char_common
</UL>
<BR>[Called By]<UL><LI><a href="#[12d]">&gt;&gt;</a>&nbsp;&nbsp;&nbsp;save_to_usb
</UL>

<P><STRONG><a name="[a9]"></a>__printf</STRONG> (Thumb, 104 bytes, Stack size 24 bytes, __printf.o(.text))
<BR><BR>[Stack]<UL><LI>Max Depth = 24 + Unknown Stack Size
<LI>Call Chain = __printf
</UL>
<BR>[Calls]<UL><LI><a href="#[aa]">&gt;&gt;</a>&nbsp;&nbsp;&nbsp;_printf_percent
</UL>
<BR>[Called By]<UL><LI><a href="#[a8]">&gt;&gt;</a>&nbsp;&nbsp;&nbsp;_printf_char_common
</UL>

<P><STRONG><a name="[93]"></a>_printf_int_dec</STRONG> (Thumb, 104 bytes, Stack size 24 bytes, _printf_dec.o(.text))
<BR><BR>[Stack]<UL><LI>Max Depth = 56<LI>Call Chain = _printf_int_dec &rArr; _printf_int_common
</UL>
<BR>[Calls]<UL><LI><a href="#[ab]">&gt;&gt;</a>&nbsp;&nbsp;&nbsp;_printf_int_common
</UL>
<BR>[Called By]<UL><LI><a href="#[92]">&gt;&gt;</a>&nbsp;&nbsp;&nbsp;_printf_d
</UL>

<P><STRONG><a name="[1de]"></a>strcat</STRONG> (Thumb, 24 bytes, Stack size 0 bytes, strcat.o(.text))
<BR><BR>[Called By]<UL><LI><a href="#[12d]">&gt;&gt;</a>&nbsp;&nbsp;&nbsp;save_to_usb
</UL>

<P><STRONG><a name="[17d]"></a>__aeabi_memcpy</STRONG> (Thumb, 0 bytes, Stack size 0 bytes, rt_memcpy_v6.o(.text))
<BR><BR>[Called By]<UL><LI><a href="#[174]">&gt;&gt;</a>&nbsp;&nbsp;&nbsp;USBH_MSC_SCSI_Inquiry
</UL>

<P><STRONG><a name="[ac]"></a>__rt_memcpy</STRONG> (Thumb, 138 bytes, Stack size 0 bytes, rt_memcpy_v6.o(.text), UNUSED)
<BR><BR>[Calls]<UL><LI><a href="#[ad]">&gt;&gt;</a>&nbsp;&nbsp;&nbsp;__aeabi_memcpy4
</UL>

<P><STRONG><a name="[20a]"></a>_memcpy_lastbytes</STRONG> (Thumb, 0 bytes, Stack size unknown bytes, rt_memcpy_v6.o(.text), UNUSED)

<P><STRONG><a name="[ad]"></a>__aeabi_memcpy4</STRONG> (Thumb, 0 bytes, Stack size 8 bytes, rt_memcpy_w.o(.text))
<BR><BR>[Stack]<UL><LI>Max Depth = 8<LI>Call Chain = __aeabi_memcpy4
</UL>
<BR>[Called By]<UL><LI><a href="#[170]">&gt;&gt;</a>&nbsp;&nbsp;&nbsp;USBH_MSC_GetLUNInfo
<LI><a href="#[123]">&gt;&gt;</a>&nbsp;&nbsp;&nbsp;HAL_TIM_PeriodElapsedCallback
<LI><a href="#[de]">&gt;&gt;</a>&nbsp;&nbsp;&nbsp;HAL_HCD_Init
<LI><a href="#[ac]">&gt;&gt;</a>&nbsp;&nbsp;&nbsp;__rt_memcpy
</UL>

<P><STRONG><a name="[20b]"></a>__aeabi_memcpy8</STRONG> (Thumb, 0 bytes, Stack size 8 bytes, rt_memcpy_w.o(.text), UNUSED)

<P><STRONG><a name="[20c]"></a>__rt_memcpy_w</STRONG> (Thumb, 100 bytes, Stack size 8 bytes, rt_memcpy_w.o(.text), UNUSED)

<P><STRONG><a name="[20d]"></a>_memcpy_lastbytes_aligned</STRONG> (Thumb, 0 bytes, Stack size unknown bytes, rt_memcpy_w.o(.text), UNUSED)

<P><STRONG><a name="[17c]"></a>__aeabi_memclr</STRONG> (Thumb, 0 bytes, Stack size 0 bytes, rt_memclr.o(.text))
<BR><BR>[Called By]<UL><LI><a href="#[17a]">&gt;&gt;</a>&nbsp;&nbsp;&nbsp;USBH_MSC_SCSI_Write
<LI><a href="#[175]">&gt;&gt;</a>&nbsp;&nbsp;&nbsp;USBH_MSC_SCSI_TestUnitReady
<LI><a href="#[177]">&gt;&gt;</a>&nbsp;&nbsp;&nbsp;USBH_MSC_SCSI_RequestSense
<LI><a href="#[176]">&gt;&gt;</a>&nbsp;&nbsp;&nbsp;USBH_MSC_SCSI_ReadCapacity
<LI><a href="#[179]">&gt;&gt;</a>&nbsp;&nbsp;&nbsp;USBH_MSC_SCSI_Read
<LI><a href="#[174]">&gt;&gt;</a>&nbsp;&nbsp;&nbsp;USBH_MSC_SCSI_Inquiry
</UL>

<P><STRONG><a name="[ae]"></a>__rt_memclr</STRONG> (Thumb, 68 bytes, Stack size 0 bytes, rt_memclr.o(.text), UNUSED)
<BR><BR>[Calls]<UL><LI><a href="#[af]">&gt;&gt;</a>&nbsp;&nbsp;&nbsp;_memset_w
</UL>

<P><STRONG><a name="[20e]"></a>_memset</STRONG> (Thumb, 0 bytes, Stack size unknown bytes, rt_memclr.o(.text), UNUSED)

<P><STRONG><a name="[e4]"></a>__aeabi_memclr4</STRONG> (Thumb, 0 bytes, Stack size 4 bytes, rt_memclr_w.o(.text))
<BR><BR>[Stack]<UL><LI>Max Depth = 4<LI>Call Chain = __aeabi_memclr4
</UL>
<BR>[Called By]<UL><LI><a href="#[191]">&gt;&gt;</a>&nbsp;&nbsp;&nbsp;SystemClock_Config()
<LI><a href="#[18b]">&gt;&gt;</a>&nbsp;&nbsp;&nbsp;MX_GPIO_Init()
<LI><a href="#[18a]">&gt;&gt;</a>&nbsp;&nbsp;&nbsp;MX_RTC_Init()
<LI><a href="#[130]">&gt;&gt;</a>&nbsp;&nbsp;&nbsp;HAL_UART_MspInit
<LI><a href="#[f5]">&gt;&gt;</a>&nbsp;&nbsp;&nbsp;HAL_I2C_MspInit
<LI><a href="#[df]">&gt;&gt;</a>&nbsp;&nbsp;&nbsp;HAL_HCD_MspInit
<LI><a href="#[1a1]">&gt;&gt;</a>&nbsp;&nbsp;&nbsp;ISensor::Set_Pin_Output(GPIO_TypeDef*, unsigned short)
<LI><a href="#[1a2]">&gt;&gt;</a>&nbsp;&nbsp;&nbsp;ISensor::Set_Pin_Input(GPIO_TypeDef*, unsigned short)
<LI><a href="#[88]">&gt;&gt;</a>&nbsp;&nbsp;&nbsp;USBH_MSC_InterfaceInit
</UL>

<P><STRONG><a name="[20f]"></a>__aeabi_memclr8</STRONG> (Thumb, 0 bytes, Stack size 4 bytes, rt_memclr_w.o(.text), UNUSED)

<P><STRONG><a name="[210]"></a>__rt_memclr_w</STRONG> (Thumb, 78 bytes, Stack size 4 bytes, rt_memclr_w.o(.text), UNUSED)

<P><STRONG><a name="[af]"></a>_memset_w</STRONG> (Thumb, 0 bytes, Stack size unknown bytes, rt_memclr_w.o(.text), UNUSED)
<BR><BR>[Called By]<UL><LI><a href="#[ae]">&gt;&gt;</a>&nbsp;&nbsp;&nbsp;__rt_memclr
</UL>

<P><STRONG><a name="[211]"></a>__use_two_region_memory</STRONG> (Thumb, 2 bytes, Stack size 0 bytes, heapauxi.o(.text), UNUSED)

<P><STRONG><a name="[4]"></a>__rt_heap_escrow</STRONG> (Thumb, 2 bytes, Stack size 0 bytes, heapauxi.o(.text), UNUSED)

<P><STRONG><a name="[3]"></a>__rt_heap_expand</STRONG> (Thumb, 2 bytes, Stack size 0 bytes, heapauxi.o(.text), UNUSED)

<P><STRONG><a name="[a4]"></a>__rt_heap_descriptor</STRONG> (Thumb, 8 bytes, Stack size 0 bytes, rt_heap_descriptor_intlibspace.o(.text))
<BR><BR>[Called By]<UL><LI><a href="#[97]">&gt;&gt;</a>&nbsp;&nbsp;&nbsp;_init_alloc
<LI><a href="#[a6]">&gt;&gt;</a>&nbsp;&nbsp;&nbsp;free
<LI><a href="#[a3]">&gt;&gt;</a>&nbsp;&nbsp;&nbsp;malloc
</UL>

<P><STRONG><a name="[1a9]"></a>__rt_new_handler_addr</STRONG> (Thumb, 8 bytes, Stack size 0 bytes, rt_new_handler_addr_intlibspace.o(.text))
<BR><BR>[Called By]<UL><LI><a href="#[196]">&gt;&gt;</a>&nbsp;&nbsp;&nbsp;operator new(unsigned)
</UL>

<P><STRONG><a name="[212]"></a>__use_no_heap</STRONG> (Thumb, 2 bytes, Stack size 0 bytes, hguard.o(.text), UNUSED)

<P><STRONG><a name="[213]"></a>__heap$guard</STRONG> (Thumb, 2 bytes, Stack size 0 bytes, hguard.o(.text), UNUSED)

<P><STRONG><a name="[e]"></a>_terminate_user_alloc</STRONG> (Thumb, 2 bytes, Stack size 0 bytes, init_alloc.o(.text), UNUSED)

<P><STRONG><a name="[6]"></a>_init_user_alloc</STRONG> (Thumb, 2 bytes, Stack size 0 bytes, init_alloc.o(.text), UNUSED)

<P><STRONG><a name="[a5]"></a>__Heap_Full</STRONG> (Thumb, 34 bytes, Stack size 16 bytes, init_alloc.o(.text))
<BR><BR>[Stack]<UL><LI>Max Depth = 32<LI>Call Chain = __Heap_Full &rArr; __Heap_ProvideMemory &rArr; free
</UL>
<BR>[Calls]<UL><LI><a href="#[b0]">&gt;&gt;</a>&nbsp;&nbsp;&nbsp;__Heap_ProvideMemory
</UL>
<BR>[Called By]<UL><LI><a href="#[a3]">&gt;&gt;</a>&nbsp;&nbsp;&nbsp;malloc
</UL>

<P><STRONG><a name="[b1]"></a>__Heap_Broken</STRONG> (Thumb, 6 bytes, Stack size 0 bytes, init_alloc.o(.text), UNUSED)
<BR><BR>[Calls]<UL><LI><a href="#[b2]">&gt;&gt;</a>&nbsp;&nbsp;&nbsp;__rt_SIGRTMEM
</UL>

<P><STRONG><a name="[97]"></a>_init_alloc</STRONG> (Thumb, 94 bytes, Stack size 24 bytes, init_alloc.o(.text))
<BR><BR>[Stack]<UL><LI>Max Depth = 64<LI>Call Chain = _init_alloc &rArr; __rt_SIGRTMEM &rArr; __rt_SIGRTMEM_inner &rArr; __default_signal_display &rArr; _ttywrch
</UL>
<BR>[Calls]<UL><LI><a href="#[b2]">&gt;&gt;</a>&nbsp;&nbsp;&nbsp;__rt_SIGRTMEM
<LI><a href="#[b0]">&gt;&gt;</a>&nbsp;&nbsp;&nbsp;__Heap_ProvideMemory
<LI><a href="#[b3]">&gt;&gt;</a>&nbsp;&nbsp;&nbsp;__Heap_Initialize
<LI><a href="#[a4]">&gt;&gt;</a>&nbsp;&nbsp;&nbsp;__rt_heap_descriptor
</UL>
<BR>[Called By]<UL><LI><a href="#[96]">&gt;&gt;</a>&nbsp;&nbsp;&nbsp;__rt_lib_init_heap_2
</UL>

<P><STRONG><a name="[b3]"></a>__Heap_Initialize</STRONG> (Thumb, 10 bytes, Stack size 0 bytes, h1_init.o(.text))
<BR><BR>[Called By]<UL><LI><a href="#[97]">&gt;&gt;</a>&nbsp;&nbsp;&nbsp;_init_alloc
</UL>

<P><STRONG><a name="[5]"></a>__Heap_DescSize</STRONG> (Thumb, 4 bytes, Stack size 0 bytes, h1_init.o(.text), UNUSED)

<P><STRONG><a name="[ab]"></a>_printf_int_common</STRONG> (Thumb, 178 bytes, Stack size 32 bytes, _printf_intcommon.o(.text))
<BR><BR>[Stack]<UL><LI>Max Depth = 32<LI>Call Chain = _printf_int_common
</UL>
<BR>[Called By]<UL><LI><a href="#[93]">&gt;&gt;</a>&nbsp;&nbsp;&nbsp;_printf_int_dec
</UL>

<P><STRONG><a name="[a8]"></a>_printf_char_common</STRONG> (Thumb, 32 bytes, Stack size 64 bytes, _printf_char_common.o(.text))
<BR><BR>[Stack]<UL><LI>Max Depth = 88 + Unknown Stack Size
<LI>Call Chain = _printf_char_common &rArr; __printf
</UL>
<BR>[Calls]<UL><LI><a href="#[a9]">&gt;&gt;</a>&nbsp;&nbsp;&nbsp;__printf
</UL>
<BR>[Called By]<UL><LI><a href="#[a7]">&gt;&gt;</a>&nbsp;&nbsp;&nbsp;__2sprintf
</UL>

<P><STRONG><a name="[7b]"></a>_sputc</STRONG> (Thumb, 10 bytes, Stack size 0 bytes, _sputc.o(.text))
<BR><BR>[Called By]<UL><LI><a href="#[a7]">&gt;&gt;</a>&nbsp;&nbsp;&nbsp;__2sprintf
</UL>
<BR>[Address Reference Count : 1]<UL><LI> noretval__2sprintf.o(.text)
</UL>
<P><STRONG><a name="[7f]"></a>__default_new_handler()</STRONG> (Thumb, 4 bytes, Stack size 0 bytes, arm_newhandler_noexceptions.o(.text))
<BR><BR>[Stack]<UL><LI>Max Depth = 80 + Unknown Stack Size
<LI>Call Chain = __default_new_handler() &rArr; std::terminate() &rArr; __cxa_get_globals &rArr; __ARM_exceptions_buffer_init &rArr; malloc &rArr; __Heap_Full &rArr; __Heap_ProvideMemory &rArr; free
</UL>
<BR>[Calls]<UL><LI><a href="#[b4]">&gt;&gt;</a>&nbsp;&nbsp;&nbsp;std::terminate()
</UL>
<BR>[Address Reference Count : 1]<UL><LI> new.o(i._Znwj)
</UL>
<P><STRONG><a name="[214]"></a>__user_libspace</STRONG> (Thumb, 8 bytes, Stack size 0 bytes, libspace.o(.text), UNUSED)

<P><STRONG><a name="[bb]"></a>__user_perproc_libspace</STRONG> (Thumb, 0 bytes, Stack size 0 bytes, libspace.o(.text))
<BR><BR>[Called By]<UL><LI><a href="#[99]">&gt;&gt;</a>&nbsp;&nbsp;&nbsp;__user_setup_stackheap
</UL>

<P><STRONG><a name="[215]"></a>__user_perthread_libspace</STRONG> (Thumb, 0 bytes, Stack size 0 bytes, libspace.o(.text), UNUSED)

<P><STRONG><a name="[b0]"></a>__Heap_ProvideMemory</STRONG> (Thumb, 52 bytes, Stack size 0 bytes, h1_extend.o(.text))
<BR><BR>[Stack]<UL><LI>Max Depth = 16<LI>Call Chain = __Heap_ProvideMemory &rArr; free
</UL>
<BR>[Calls]<UL><LI><a href="#[a6]">&gt;&gt;</a>&nbsp;&nbsp;&nbsp;free
</UL>
<BR>[Called By]<UL><LI><a href="#[97]">&gt;&gt;</a>&nbsp;&nbsp;&nbsp;_init_alloc
<LI><a href="#[a5]">&gt;&gt;</a>&nbsp;&nbsp;&nbsp;__Heap_Full
</UL>

<P><STRONG><a name="[b2]"></a>__rt_SIGRTMEM</STRONG> (Thumb, 14 bytes, Stack size 8 bytes, defsig_rtmem_outer.o(.text))
<BR><BR>[Stack]<UL><LI>Max Depth = 40<LI>Call Chain = __rt_SIGRTMEM &rArr; __rt_SIGRTMEM_inner &rArr; __default_signal_display &rArr; _ttywrch
</UL>
<BR>[Calls]<UL><LI><a href="#[b5]">&gt;&gt;</a>&nbsp;&nbsp;&nbsp;__rt_SIGRTMEM_inner
<LI><a href="#[b6]">&gt;&gt;</a>&nbsp;&nbsp;&nbsp;__sig_exit
</UL>
<BR>[Called By]<UL><LI><a href="#[97]">&gt;&gt;</a>&nbsp;&nbsp;&nbsp;_init_alloc
<LI><a href="#[b1]">&gt;&gt;</a>&nbsp;&nbsp;&nbsp;__Heap_Broken
</UL>

<P><STRONG><a name="[b4]"></a>std::terminate()</STRONG> (Thumb, 26 bytes, Stack size 8 bytes, arm_exceptions_terminate.o(.text))
<BR><BR>[Stack]<UL><LI>Max Depth = 80 + Unknown Stack Size
<LI>Call Chain = std::terminate() &rArr; __cxa_get_globals &rArr; __ARM_exceptions_buffer_init &rArr; malloc &rArr; __Heap_Full &rArr; __Heap_ProvideMemory &rArr; free
</UL>
<BR>[Calls]<UL><LI><a href="#[b8]">&gt;&gt;</a>&nbsp;&nbsp;&nbsp;abort
<LI><a href="#[b7]">&gt;&gt;</a>&nbsp;&nbsp;&nbsp;__cxa_get_globals
</UL>
<BR>[Called By]<UL><LI><a href="#[7f]">&gt;&gt;</a>&nbsp;&nbsp;&nbsp;__default_new_handler()
</UL>

<P><STRONG><a name="[b7]"></a>__cxa_get_globals</STRONG> (Thumb, 62 bytes, Stack size 16 bytes, arm_exceptions_globs.o(.text))
<BR><BR>[Stack]<UL><LI>Max Depth = 72 + Unknown Stack Size
<LI>Call Chain = __cxa_get_globals &rArr; __ARM_exceptions_buffer_init &rArr; malloc &rArr; __Heap_Full &rArr; __Heap_ProvideMemory &rArr; free
</UL>
<BR>[Calls]<UL><LI><a href="#[ba]">&gt;&gt;</a>&nbsp;&nbsp;&nbsp;__ARM_exceptions_buffer_init
<LI><a href="#[b8]">&gt;&gt;</a>&nbsp;&nbsp;&nbsp;abort
<LI><a href="#[b9]">&gt;&gt;</a>&nbsp;&nbsp;&nbsp;__rt_eh_globals_addr
<LI><a href="#[a3]">&gt;&gt;</a>&nbsp;&nbsp;&nbsp;malloc
</UL>
<BR>[Called By]<UL><LI><a href="#[b4]">&gt;&gt;</a>&nbsp;&nbsp;&nbsp;std::terminate()
</UL>

<P><STRONG><a name="[216]"></a>__I$use$semihosting</STRONG> (Thumb, 0 bytes, Stack size 0 bytes, use_no_semi.o(.text), UNUSED)

<P><STRONG><a name="[217]"></a>__use_no_semihosting_swi</STRONG> (Thumb, 2 bytes, Stack size 0 bytes, use_no_semi.o(.text), UNUSED)

<P><STRONG><a name="[218]"></a>__semihosting_library_function</STRONG> (Thumb, 0 bytes, Stack size 8 bytes, indicate_semi.o(.text), UNUSED)

<P><STRONG><a name="[99]"></a>__user_setup_stackheap</STRONG> (Thumb, 74 bytes, Stack size 8 bytes, sys_stackheap_outer.o(.text))
<BR><BR>[Stack]<UL><LI>Max Depth = 8 + Unknown Stack Size
<LI>Call Chain = __user_setup_stackheap
</UL>
<BR>[Calls]<UL><LI><a href="#[bc]">&gt;&gt;</a>&nbsp;&nbsp;&nbsp;__user_initial_stackheap
<LI><a href="#[bb]">&gt;&gt;</a>&nbsp;&nbsp;&nbsp;__user_perproc_libspace
</UL>
<BR>[Called By]<UL><LI><a href="#[98]">&gt;&gt;</a>&nbsp;&nbsp;&nbsp;__rt_entry_sh
</UL>

<P><STRONG><a name="[b9]"></a>__rt_eh_globals_addr</STRONG> (Thumb, 8 bytes, Stack size 0 bytes, rt_eh_globals_addr_intlibspace.o(.text))
<BR><BR>[Called By]<UL><LI><a href="#[b7]">&gt;&gt;</a>&nbsp;&nbsp;&nbsp;__cxa_get_globals
</UL>

<P><STRONG><a name="[9e]"></a>exit</STRONG> (Thumb, 18 bytes, Stack size 8 bytes, exit.o(.text))
<BR><BR>[Stack]<UL><LI>Max Depth = 8 + Unknown Stack Size
<LI>Call Chain = exit
</UL>
<BR>[Calls]<UL><LI><a href="#[bd]">&gt;&gt;</a>&nbsp;&nbsp;&nbsp;__rt_exit
</UL>
<BR>[Called By]<UL><LI><a href="#[9c]">&gt;&gt;</a>&nbsp;&nbsp;&nbsp;__rt_entry_main
</UL>

<P><STRONG><a name="[b8]"></a>abort</STRONG> (Thumb, 22 bytes, Stack size 8 bytes, abort.o(.text))
<BR><BR>[Stack]<UL><LI>Max Depth = 48 + Unknown Stack Size
<LI>Call Chain = abort &rArr; __rt_SIGABRT &rArr; __rt_SIGABRT_inner &rArr; __default_signal_display &rArr; _ttywrch
</UL>
<BR>[Calls]<UL><LI><a href="#[be]">&gt;&gt;</a>&nbsp;&nbsp;&nbsp;__rt_SIGABRT
<LI><a href="#[a2]">&gt;&gt;</a>&nbsp;&nbsp;&nbsp;_sys_exit
<LI><a href="#[a0]">&gt;&gt;</a>&nbsp;&nbsp;&nbsp;__rt_lib_shutdown
</UL>
<BR>[Called By]<UL><LI><a href="#[b7]">&gt;&gt;</a>&nbsp;&nbsp;&nbsp;__cxa_get_globals
<LI><a href="#[7d]">&gt;&gt;</a>&nbsp;&nbsp;&nbsp;[local to arm_exceptions_c]::__default_terminate_handler()
<LI><a href="#[b4]">&gt;&gt;</a>&nbsp;&nbsp;&nbsp;std::terminate()
</UL>

<P><STRONG><a name="[b6]"></a>__sig_exit</STRONG> (Thumb, 10 bytes, Stack size 0 bytes, defsig_exit.o(.text))
<BR><BR>[Calls]<UL><LI><a href="#[a2]">&gt;&gt;</a>&nbsp;&nbsp;&nbsp;_sys_exit
</UL>
<BR>[Called By]<UL><LI><a href="#[be]">&gt;&gt;</a>&nbsp;&nbsp;&nbsp;__rt_SIGABRT
<LI><a href="#[b2]">&gt;&gt;</a>&nbsp;&nbsp;&nbsp;__rt_SIGRTMEM
</UL>

<P><STRONG><a name="[b5]"></a>__rt_SIGRTMEM_inner</STRONG> (Thumb, 22 bytes, Stack size 8 bytes, defsig_rtmem_inner.o(.text))
<BR><BR>[Stack]<UL><LI>Max Depth = 32<LI>Call Chain = __rt_SIGRTMEM_inner &rArr; __default_signal_display &rArr; _ttywrch
</UL>
<BR>[Calls]<UL><LI><a href="#[bf]">&gt;&gt;</a>&nbsp;&nbsp;&nbsp;__default_signal_display
</UL>
<BR>[Called By]<UL><LI><a href="#[b2]">&gt;&gt;</a>&nbsp;&nbsp;&nbsp;__rt_SIGRTMEM
</UL>

<P><STRONG><a name="[ba]"></a>__ARM_exceptions_buffer_init</STRONG> (Thumb, 18 bytes, Stack size 8 bytes, arm_exceptions_mem.o(.text))
<BR><BR>[Stack]<UL><LI>Max Depth = 56<LI>Call Chain = __ARM_exceptions_buffer_init &rArr; malloc &rArr; __Heap_Full &rArr; __Heap_ProvideMemory &rArr; free
</UL>
<BR>[Calls]<UL><LI><a href="#[a3]">&gt;&gt;</a>&nbsp;&nbsp;&nbsp;malloc
</UL>
<BR>[Called By]<UL><LI><a href="#[b7]">&gt;&gt;</a>&nbsp;&nbsp;&nbsp;__cxa_get_globals
</UL>

<P><STRONG><a name="[219]"></a>__ARM_exceptions_buffer_allocate</STRONG> (Thumb, 22 bytes, Stack size 0 bytes, arm_exceptions_mem.o(.text), UNUSED)

<P><STRONG><a name="[21a]"></a>__ARM_exceptions_buffer_free</STRONG> (Thumb, 20 bytes, Stack size 0 bytes, arm_exceptions_mem.o(.text), UNUSED)

<P><STRONG><a name="[a2]"></a>_sys_exit</STRONG> (Thumb, 8 bytes, Stack size 0 bytes, sys_exit.o(.text))
<BR><BR>[Called By]<UL><LI><a href="#[b6]">&gt;&gt;</a>&nbsp;&nbsp;&nbsp;__sig_exit
<LI><a href="#[b8]">&gt;&gt;</a>&nbsp;&nbsp;&nbsp;abort
<LI><a href="#[a1]">&gt;&gt;</a>&nbsp;&nbsp;&nbsp;__rt_exit_exit
</UL>

<P><STRONG><a name="[bf]"></a>__default_signal_display</STRONG> (Thumb, 50 bytes, Stack size 16 bytes, defsig_general.o(.text))
<BR><BR>[Stack]<UL><LI>Max Depth = 24<LI>Call Chain = __default_signal_display &rArr; _ttywrch
</UL>
<BR>[Calls]<UL><LI><a href="#[c0]">&gt;&gt;</a>&nbsp;&nbsp;&nbsp;_ttywrch
</UL>
<BR>[Called By]<UL><LI><a href="#[b5]">&gt;&gt;</a>&nbsp;&nbsp;&nbsp;__rt_SIGRTMEM_inner
<LI><a href="#[c1]">&gt;&gt;</a>&nbsp;&nbsp;&nbsp;__rt_SIGABRT_inner
</UL>

<P><STRONG><a name="[be]"></a>__rt_SIGABRT</STRONG> (Thumb, 14 bytes, Stack size 8 bytes, defsig_abrt_outer.o(.text))
<BR><BR>[Stack]<UL><LI>Max Depth = 40<LI>Call Chain = __rt_SIGABRT &rArr; __rt_SIGABRT_inner &rArr; __default_signal_display &rArr; _ttywrch
</UL>
<BR>[Calls]<UL><LI><a href="#[b6]">&gt;&gt;</a>&nbsp;&nbsp;&nbsp;__sig_exit
<LI><a href="#[c1]">&gt;&gt;</a>&nbsp;&nbsp;&nbsp;__rt_SIGABRT_inner
</UL>
<BR>[Called By]<UL><LI><a href="#[b8]">&gt;&gt;</a>&nbsp;&nbsp;&nbsp;abort
</UL>

<P><STRONG><a name="[c0]"></a>_ttywrch</STRONG> (Thumb, 14 bytes, Stack size 8 bytes, sys_wrch.o(.text))
<BR><BR>[Stack]<UL><LI>Max Depth = 8<LI>Call Chain = _ttywrch
</UL>
<BR>[Called By]<UL><LI><a href="#[bf]">&gt;&gt;</a>&nbsp;&nbsp;&nbsp;__default_signal_display
</UL>

<P><STRONG><a name="[c1]"></a>__rt_SIGABRT_inner</STRONG> (Thumb, 14 bytes, Stack size 8 bytes, defsig_abrt_inner.o(.text))
<BR><BR>[Stack]<UL><LI>Max Depth = 32<LI>Call Chain = __rt_SIGABRT_inner &rArr; __default_signal_display &rArr; _ttywrch
</UL>
<BR>[Calls]<UL><LI><a href="#[bf]">&gt;&gt;</a>&nbsp;&nbsp;&nbsp;__default_signal_display
</UL>
<BR>[Called By]<UL><LI><a href="#[be]">&gt;&gt;</a>&nbsp;&nbsp;&nbsp;__rt_SIGABRT
</UL>

<P><STRONG><a name="[14]"></a>BusFault_Handler</STRONG> (Thumb, 2 bytes, Stack size 0 bytes, stm32f4xx_it.o(i.BusFault_Handler))
<BR><BR>[Calls]<UL><LI><a href="#[14]">&gt;&gt;</a>&nbsp;&nbsp;&nbsp;BusFault_Handler
</UL>
<BR>[Called By]<UL><LI><a href="#[14]">&gt;&gt;</a>&nbsp;&nbsp;&nbsp;BusFault_Handler
</UL>
<BR>[Address Reference Count : 1]<UL><LI> startup_stm32f413xx.o(RESET)
</UL>
<P><STRONG><a name="[17]"></a>DebugMon_Handler</STRONG> (Thumb, 2 bytes, Stack size 0 bytes, stm32f4xx_it.o(i.DebugMon_Handler))
<BR>[Address Reference Count : 1]<UL><LI> startup_stm32f413xx.o(RESET)
</UL>
<P><STRONG><a name="[13b]"></a>Error_Handler</STRONG> (Thumb, 2 bytes, Stack size 0 bytes, main.o(i.Error_Handler))
<BR><BR>[Called By]<UL><LI><a href="#[139]">&gt;&gt;</a>&nbsp;&nbsp;&nbsp;MX_USB_HOST_Init
<LI><a href="#[191]">&gt;&gt;</a>&nbsp;&nbsp;&nbsp;SystemClock_Config()
<LI><a href="#[192]">&gt;&gt;</a>&nbsp;&nbsp;&nbsp;MX_USART3_UART_Init()
<LI><a href="#[190]">&gt;&gt;</a>&nbsp;&nbsp;&nbsp;MX_TIM10_Init()
<LI><a href="#[18c]">&gt;&gt;</a>&nbsp;&nbsp;&nbsp;MX_I2C1_Init()
<LI><a href="#[18a]">&gt;&gt;</a>&nbsp;&nbsp;&nbsp;MX_RTC_Init()
<LI><a href="#[15b]">&gt;&gt;</a>&nbsp;&nbsp;&nbsp;USBH_LL_Init
</UL>

<P><STRONG><a name="[c2]"></a>FATFS_LinkDriver</STRONG> (Thumb, 6 bytes, Stack size 0 bytes, ff_gen_drv.o(i.FATFS_LinkDriver))
<BR><BR>[Stack]<UL><LI>Max Depth = 12<LI>Call Chain = FATFS_LinkDriver &rArr; FATFS_LinkDriverEx
</UL>
<BR>[Calls]<UL><LI><a href="#[c3]">&gt;&gt;</a>&nbsp;&nbsp;&nbsp;FATFS_LinkDriverEx
</UL>
<BR>[Called By]<UL><LI><a href="#[138]">&gt;&gt;</a>&nbsp;&nbsp;&nbsp;MX_FATFS_Init
</UL>

<P><STRONG><a name="[c3]"></a>FATFS_LinkDriverEx</STRONG> (Thumb, 58 bytes, Stack size 12 bytes, ff_gen_drv.o(i.FATFS_LinkDriverEx))
<BR><BR>[Stack]<UL><LI>Max Depth = 12<LI>Call Chain = FATFS_LinkDriverEx
</UL>
<BR>[Called By]<UL><LI><a href="#[c2]">&gt;&gt;</a>&nbsp;&nbsp;&nbsp;FATFS_LinkDriver
</UL>

<P><STRONG><a name="[c4]"></a>HAL_Delay</STRONG> (Thumb, 32 bytes, Stack size 16 bytes, stm32f4xx_hal.o(i.HAL_Delay))
<BR><BR>[Stack]<UL><LI>Max Depth = 16<LI>Call Chain = HAL_Delay
</UL>
<BR>[Calls]<UL><LI><a href="#[c5]">&gt;&gt;</a>&nbsp;&nbsp;&nbsp;HAL_GetTick
</UL>
<BR>[Called By]<UL><LI><a href="#[e2]">&gt;&gt;</a>&nbsp;&nbsp;&nbsp;USB_SetCurrentMode
<LI><a href="#[ed]">&gt;&gt;</a>&nbsp;&nbsp;&nbsp;USB_ResetPort
<LI><a href="#[e3]">&gt;&gt;</a>&nbsp;&nbsp;&nbsp;USB_HostInit
<LI><a href="#[15e]">&gt;&gt;</a>&nbsp;&nbsp;&nbsp;USBH_LL_DriverVBUS
<LI><a href="#[14d]">&gt;&gt;</a>&nbsp;&nbsp;&nbsp;USBH_Delay
<LI><a href="#[19d]">&gt;&gt;</a>&nbsp;&nbsp;&nbsp;HD44780::HD44780()
</UL>

<P><STRONG><a name="[e5]"></a>HAL_GPIO_Init</STRONG> (Thumb, 380 bytes, Stack size 40 bytes, stm32f4xx_hal_gpio.o(i.HAL_GPIO_Init))
<BR><BR>[Stack]<UL><LI>Max Depth = 40<LI>Call Chain = HAL_GPIO_Init
</UL>
<BR>[Called By]<UL><LI><a href="#[18b]">&gt;&gt;</a>&nbsp;&nbsp;&nbsp;MX_GPIO_Init()
<LI><a href="#[130]">&gt;&gt;</a>&nbsp;&nbsp;&nbsp;HAL_UART_MspInit
<LI><a href="#[f5]">&gt;&gt;</a>&nbsp;&nbsp;&nbsp;HAL_I2C_MspInit
<LI><a href="#[df]">&gt;&gt;</a>&nbsp;&nbsp;&nbsp;HAL_HCD_MspInit
<LI><a href="#[1a1]">&gt;&gt;</a>&nbsp;&nbsp;&nbsp;ISensor::Set_Pin_Output(GPIO_TypeDef*, unsigned short)
<LI><a href="#[1a2]">&gt;&gt;</a>&nbsp;&nbsp;&nbsp;ISensor::Set_Pin_Input(GPIO_TypeDef*, unsigned short)
</UL>

<P><STRONG><a name="[19f]"></a>HAL_GPIO_ReadPin</STRONG> (Thumb, 14 bytes, Stack size 0 bytes, stm32f4xx_hal_gpio.o(i.HAL_GPIO_ReadPin))
<BR><BR>[Called By]<UL><LI><a href="#[87]">&gt;&gt;</a>&nbsp;&nbsp;&nbsp;DHT22::Read()
<LI><a href="#[86]">&gt;&gt;</a>&nbsp;&nbsp;&nbsp;DHT22::Check_Response()
</UL>

<P><STRONG><a name="[15f]"></a>HAL_GPIO_WritePin</STRONG> (Thumb, 14 bytes, Stack size 0 bytes, stm32f4xx_hal_gpio.o(i.HAL_GPIO_WritePin))
<BR><BR>[Called By]<UL><LI><a href="#[18b]">&gt;&gt;</a>&nbsp;&nbsp;&nbsp;MX_GPIO_Init()
<LI><a href="#[15e]">&gt;&gt;</a>&nbsp;&nbsp;&nbsp;USBH_LL_DriverVBUS
<LI><a href="#[85]">&gt;&gt;</a>&nbsp;&nbsp;&nbsp;DHT22::Start()
</UL>

<P><STRONG><a name="[c5]"></a>HAL_GetTick</STRONG> (Thumb, 6 bytes, Stack size 0 bytes, stm32f4xx_hal.o(i.HAL_GetTick))
<BR><BR>[Called By]<UL><LI><a href="#[132]">&gt;&gt;</a>&nbsp;&nbsp;&nbsp;HAL_UART_Transmit
<LI><a href="#[103]">&gt;&gt;</a>&nbsp;&nbsp;&nbsp;HAL_RCC_ClockConfig
<LI><a href="#[102]">&gt;&gt;</a>&nbsp;&nbsp;&nbsp;HAL_RCCEx_PeriphCLKConfig
<LI><a href="#[133]">&gt;&gt;</a>&nbsp;&nbsp;&nbsp;UART_WaitOnFlagUntilTimeout
<LI><a href="#[c4]">&gt;&gt;</a>&nbsp;&nbsp;&nbsp;HAL_Delay
<LI><a href="#[108]">&gt;&gt;</a>&nbsp;&nbsp;&nbsp;HAL_RCC_OscConfig
<LI><a href="#[fa]">&gt;&gt;</a>&nbsp;&nbsp;&nbsp;I2C_WaitOnTXEFlagUntilTimeout
<LI><a href="#[136]">&gt;&gt;</a>&nbsp;&nbsp;&nbsp;I2C_WaitOnMasterAddressFlagUntilTimeout
<LI><a href="#[f8]">&gt;&gt;</a>&nbsp;&nbsp;&nbsp;I2C_WaitOnFlagUntilTimeout
<LI><a href="#[fb]">&gt;&gt;</a>&nbsp;&nbsp;&nbsp;I2C_WaitOnBTFFlagUntilTimeout
<LI><a href="#[111]">&gt;&gt;</a>&nbsp;&nbsp;&nbsp;RTC_EnterInitMode
<LI><a href="#[112]">&gt;&gt;</a>&nbsp;&nbsp;&nbsp;HAL_RTC_WaitForSynchro
<LI><a href="#[f7]">&gt;&gt;</a>&nbsp;&nbsp;&nbsp;HAL_I2C_Master_Transmit
</UL>

<P><STRONG><a name="[c6]"></a>HAL_HCD_Connect_Callback</STRONG> (Thumb, 8 bytes, Stack size 0 bytes, usbh_conf.o(i.HAL_HCD_Connect_Callback))
<BR><BR>[Calls]<UL><LI><a href="#[c7]">&gt;&gt;</a>&nbsp;&nbsp;&nbsp;USBH_LL_Connect
</UL>
<BR>[Called By]<UL><LI><a href="#[d8]">&gt;&gt;</a>&nbsp;&nbsp;&nbsp;HCD_Port_IRQHandler
</UL>

<P><STRONG><a name="[c8]"></a>HAL_HCD_Disconnect_Callback</STRONG> (Thumb, 8 bytes, Stack size 0 bytes, usbh_conf.o(i.HAL_HCD_Disconnect_Callback))
<BR><BR>[Stack]<UL><LI>Max Depth = 36<LI>Call Chain = HAL_HCD_Disconnect_Callback &rArr; USBH_LL_Disconnect &rArr; USBH_LL_Stop &rArr; HAL_HCD_Stop &rArr; USB_StopHost
</UL>
<BR>[Calls]<UL><LI><a href="#[c9]">&gt;&gt;</a>&nbsp;&nbsp;&nbsp;USBH_LL_Disconnect
</UL>
<BR>[Called By]<UL><LI><a href="#[d4]">&gt;&gt;</a>&nbsp;&nbsp;&nbsp;HAL_HCD_IRQHandler
</UL>

<P><STRONG><a name="[ca]"></a>HAL_HCD_GetCurrentFrame</STRONG> (Thumb, 6 bytes, Stack size 0 bytes, stm32f4xx_hal_hcd.o(i.HAL_HCD_GetCurrentFrame))
<BR><BR>[Calls]<UL><LI><a href="#[cb]">&gt;&gt;</a>&nbsp;&nbsp;&nbsp;USB_GetCurrentFrame
</UL>
<BR>[Called By]<UL><LI><a href="#[15b]">&gt;&gt;</a>&nbsp;&nbsp;&nbsp;USBH_LL_Init
</UL>

<P><STRONG><a name="[cc]"></a>HAL_HCD_GetCurrentSpeed</STRONG> (Thumb, 6 bytes, Stack size 0 bytes, stm32f4xx_hal_hcd.o(i.HAL_HCD_GetCurrentSpeed))
<BR><BR>[Stack]<UL><LI>Max Depth = 8<LI>Call Chain = HAL_HCD_GetCurrentSpeed &rArr; USB_GetHostSpeed
</UL>
<BR>[Calls]<UL><LI><a href="#[cd]">&gt;&gt;</a>&nbsp;&nbsp;&nbsp;USB_GetHostSpeed
</UL>
<BR>[Called By]<UL><LI><a href="#[162]">&gt;&gt;</a>&nbsp;&nbsp;&nbsp;USBH_LL_GetSpeed
</UL>

<P><STRONG><a name="[163]"></a>HAL_HCD_HC_GetURBState</STRONG> (Thumb, 14 bytes, Stack size 0 bytes, stm32f4xx_hal_hcd.o(i.HAL_HCD_HC_GetURBState))
<BR><BR>[Called By]<UL><LI><a href="#[155]">&gt;&gt;</a>&nbsp;&nbsp;&nbsp;USBH_LL_GetURBState
</UL>

<P><STRONG><a name="[161]"></a>HAL_HCD_HC_GetXferCount</STRONG> (Thumb, 12 bytes, Stack size 0 bytes, stm32f4xx_hal_hcd.o(i.HAL_HCD_HC_GetXferCount))
<BR><BR>[Called By]<UL><LI><a href="#[160]">&gt;&gt;</a>&nbsp;&nbsp;&nbsp;USBH_LL_GetLastXferSize
</UL>

<P><STRONG><a name="[ce]"></a>HAL_HCD_HC_Halt</STRONG> (Thumb, 36 bytes, Stack size 8 bytes, stm32f4xx_hal_hcd.o(i.HAL_HCD_HC_Halt))
<BR><BR>[Stack]<UL><LI>Max Depth = 16<LI>Call Chain = HAL_HCD_HC_Halt &rArr; USB_HC_Halt
</UL>
<BR>[Calls]<UL><LI><a href="#[cf]">&gt;&gt;</a>&nbsp;&nbsp;&nbsp;USB_HC_Halt
</UL>
<BR>[Called By]<UL><LI><a href="#[146]">&gt;&gt;</a>&nbsp;&nbsp;&nbsp;USBH_LL_ClosePipe
</UL>

<P><STRONG><a name="[d0]"></a>HAL_HCD_HC_Init</STRONG> (Thumb, 104 bytes, Stack size 40 bytes, stm32f4xx_hal_hcd.o(i.HAL_HCD_HC_Init))
<BR><BR>[Stack]<UL><LI>Max Depth = 68<LI>Call Chain = HAL_HCD_HC_Init &rArr; USB_HC_Init
</UL>
<BR>[Calls]<UL><LI><a href="#[d1]">&gt;&gt;</a>&nbsp;&nbsp;&nbsp;USB_HC_Init
</UL>
<BR>[Called By]<UL><LI><a href="#[166]">&gt;&gt;</a>&nbsp;&nbsp;&nbsp;USBH_LL_OpenPipe
</UL>

<P><STRONG><a name="[134]"></a>HAL_HCD_HC_NotifyURBChange_Callback</STRONG> (Thumb, 2 bytes, Stack size 0 bytes, usbh_conf.o(i.HAL_HCD_HC_NotifyURBChange_Callback))
<BR><BR>[Called By]<UL><LI><a href="#[dc]">&gt;&gt;</a>&nbsp;&nbsp;&nbsp;HCD_HC_OUT_IRQHandler
<LI><a href="#[db]">&gt;&gt;</a>&nbsp;&nbsp;&nbsp;HCD_HC_IN_IRQHandler
</UL>

<P><STRONG><a name="[d2]"></a>HAL_HCD_HC_SubmitRequest</STRONG> (Thumb, 222 bytes, Stack size 24 bytes, stm32f4xx_hal_hcd.o(i.HAL_HCD_HC_SubmitRequest))
<BR><BR>[Stack]<UL><LI>Max Depth = 56<LI>Call Chain = HAL_HCD_HC_SubmitRequest &rArr; USB_HC_StartXfer &rArr; USB_WritePacket
</UL>
<BR>[Calls]<UL><LI><a href="#[d3]">&gt;&gt;</a>&nbsp;&nbsp;&nbsp;USB_HC_StartXfer
</UL>
<BR>[Called By]<UL><LI><a href="#[143]">&gt;&gt;</a>&nbsp;&nbsp;&nbsp;USBH_LL_SubmitURB
</UL>

<P><STRONG><a name="[d4]"></a>HAL_HCD_IRQHandler</STRONG> (Thumb, 306 bytes, Stack size 24 bytes, stm32f4xx_hal_hcd.o(i.HAL_HCD_IRQHandler))
<BR><BR>[Stack]<UL><LI>Max Depth = 72<LI>Call Chain = HAL_HCD_IRQHandler &rArr; HCD_HC_IN_IRQHandler &rArr; USB_HC_Halt
</UL>
<BR>[Calls]<UL><LI><a href="#[d6]">&gt;&gt;</a>&nbsp;&nbsp;&nbsp;USB_ReadInterrupts
<LI><a href="#[d7]">&gt;&gt;</a>&nbsp;&nbsp;&nbsp;USB_InitFSLSPClkSel
<LI><a href="#[da]">&gt;&gt;</a>&nbsp;&nbsp;&nbsp;USB_HC_ReadInterrupt
<LI><a href="#[d5]">&gt;&gt;</a>&nbsp;&nbsp;&nbsp;USB_GetMode
<LI><a href="#[dd]">&gt;&gt;</a>&nbsp;&nbsp;&nbsp;HCD_RXQLVL_IRQHandler
<LI><a href="#[d8]">&gt;&gt;</a>&nbsp;&nbsp;&nbsp;HCD_Port_IRQHandler
<LI><a href="#[dc]">&gt;&gt;</a>&nbsp;&nbsp;&nbsp;HCD_HC_OUT_IRQHandler
<LI><a href="#[db]">&gt;&gt;</a>&nbsp;&nbsp;&nbsp;HCD_HC_IN_IRQHandler
<LI><a href="#[d9]">&gt;&gt;</a>&nbsp;&nbsp;&nbsp;HAL_HCD_SOF_Callback
<LI><a href="#[c8]">&gt;&gt;</a>&nbsp;&nbsp;&nbsp;HAL_HCD_Disconnect_Callback
</UL>
<BR>[Called By]<UL><LI><a href="#[5d]">&gt;&gt;</a>&nbsp;&nbsp;&nbsp;OTG_FS_IRQHandler
</UL>

<P><STRONG><a name="[de]"></a>HAL_HCD_Init</STRONG> (Thumb, 116 bytes, Stack size 56 bytes, stm32f4xx_hal_hcd.o(i.HAL_HCD_Init))
<BR><BR>[Stack]<UL><LI>Max Depth = 136<LI>Call Chain = HAL_HCD_Init &rArr; HAL_HCD_MspInit &rArr; HAL_GPIO_Init
</UL>
<BR>[Calls]<UL><LI><a href="#[e2]">&gt;&gt;</a>&nbsp;&nbsp;&nbsp;USB_SetCurrentMode
<LI><a href="#[e3]">&gt;&gt;</a>&nbsp;&nbsp;&nbsp;USB_HostInit
<LI><a href="#[e0]">&gt;&gt;</a>&nbsp;&nbsp;&nbsp;USB_DisableGlobalInt
<LI><a href="#[e1]">&gt;&gt;</a>&nbsp;&nbsp;&nbsp;USB_CoreInit
<LI><a href="#[df]">&gt;&gt;</a>&nbsp;&nbsp;&nbsp;HAL_HCD_MspInit
<LI><a href="#[ad]">&gt;&gt;</a>&nbsp;&nbsp;&nbsp;__aeabi_memcpy4
</UL>
<BR>[Called By]<UL><LI><a href="#[15b]">&gt;&gt;</a>&nbsp;&nbsp;&nbsp;USBH_LL_Init
</UL>

<P><STRONG><a name="[df]"></a>HAL_HCD_MspInit</STRONG> (Thumb, 140 bytes, Stack size 40 bytes, usbh_conf.o(i.HAL_HCD_MspInit))
<BR><BR>[Stack]<UL><LI>Max Depth = 80<LI>Call Chain = HAL_HCD_MspInit &rArr; HAL_GPIO_Init
</UL>
<BR>[Calls]<UL><LI><a href="#[e5]">&gt;&gt;</a>&nbsp;&nbsp;&nbsp;HAL_GPIO_Init
<LI><a href="#[e6]">&gt;&gt;</a>&nbsp;&nbsp;&nbsp;HAL_NVIC_SetPriority
<LI><a href="#[e7]">&gt;&gt;</a>&nbsp;&nbsp;&nbsp;HAL_NVIC_EnableIRQ
<LI><a href="#[e4]">&gt;&gt;</a>&nbsp;&nbsp;&nbsp;__aeabi_memclr4
</UL>
<BR>[Called By]<UL><LI><a href="#[de]">&gt;&gt;</a>&nbsp;&nbsp;&nbsp;HAL_HCD_Init
</UL>

<P><STRONG><a name="[e8]"></a>HAL_HCD_PortDisabled_Callback</STRONG> (Thumb, 8 bytes, Stack size 0 bytes, usbh_conf.o(i.HAL_HCD_PortDisabled_Callback))
<BR><BR>[Calls]<UL><LI><a href="#[e9]">&gt;&gt;</a>&nbsp;&nbsp;&nbsp;USBH_LL_PortDisabled
</UL>
<BR>[Called By]<UL><LI><a href="#[d8]">&gt;&gt;</a>&nbsp;&nbsp;&nbsp;HCD_Port_IRQHandler
</UL>

<P><STRONG><a name="[ea]"></a>HAL_HCD_PortEnabled_Callback</STRONG> (Thumb, 8 bytes, Stack size 0 bytes, usbh_conf.o(i.HAL_HCD_PortEnabled_Callback))
<BR><BR>[Calls]<UL><LI><a href="#[eb]">&gt;&gt;</a>&nbsp;&nbsp;&nbsp;USBH_LL_PortEnabled
</UL>
<BR>[Called By]<UL><LI><a href="#[d8]">&gt;&gt;</a>&nbsp;&nbsp;&nbsp;HCD_Port_IRQHandler
</UL>

<P><STRONG><a name="[ec]"></a>HAL_HCD_ResetPort</STRONG> (Thumb, 6 bytes, Stack size 0 bytes, stm32f4xx_hal_hcd.o(i.HAL_HCD_ResetPort))
<BR><BR>[Stack]<UL><LI>Max Depth = 32<LI>Call Chain = HAL_HCD_ResetPort &rArr; USB_ResetPort &rArr; HAL_Delay
</UL>
<BR>[Calls]<UL><LI><a href="#[ed]">&gt;&gt;</a>&nbsp;&nbsp;&nbsp;USB_ResetPort
</UL>
<BR>[Called By]<UL><LI><a href="#[167]">&gt;&gt;</a>&nbsp;&nbsp;&nbsp;USBH_LL_ResetPort
</UL>

<P><STRONG><a name="[d9]"></a>HAL_HCD_SOF_Callback</STRONG> (Thumb, 8 bytes, Stack size 0 bytes, usbh_conf.o(i.HAL_HCD_SOF_Callback))
<BR><BR>[Calls]<UL><LI><a href="#[ee]">&gt;&gt;</a>&nbsp;&nbsp;&nbsp;USBH_LL_IncTimer
</UL>
<BR>[Called By]<UL><LI><a href="#[d4]">&gt;&gt;</a>&nbsp;&nbsp;&nbsp;HAL_HCD_IRQHandler
</UL>

<P><STRONG><a name="[ef]"></a>HAL_HCD_Start</STRONG> (Thumb, 44 bytes, Stack size 8 bytes, stm32f4xx_hal_hcd.o(i.HAL_HCD_Start))
<BR><BR>[Stack]<UL><LI>Max Depth = 16<LI>Call Chain = HAL_HCD_Start &rArr; USB_DriveVbus
</UL>
<BR>[Calls]<UL><LI><a href="#[f0]">&gt;&gt;</a>&nbsp;&nbsp;&nbsp;USB_EnableGlobalInt
<LI><a href="#[f1]">&gt;&gt;</a>&nbsp;&nbsp;&nbsp;USB_DriveVbus
</UL>
[...]
<BR><BR>[Stack]<UL><LI>Max Depth = 80<LI>Call Chain = get_fat &rArr; move_window &rArr; sync_window &rArr; disk_write
</UL>
<BR>[Calls]<UL><LI><a href="#[1ab]">&gt;&gt;</a>&nbsp;&nbsp;&nbsp;move_window
<LI><a href="#[1ac]">&gt;&gt;</a>&nbsp;&nbsp;&nbsp;ld_word
<LI><a href="#[1ad]">&gt;&gt;</a>&nbsp;&nbsp;&nbsp;ld_dword
</UL>
<BR>[Called By]<UL><LI><a href="#[1c5]">&gt;&gt;</a>&nbsp;&nbsp;&nbsp;f_open
<LI><a href="#[1cd]">&gt;&gt;</a>&nbsp;&nbsp;&nbsp;remove_chain
<LI><a href="#[1b5]">&gt;&gt;</a>&nbsp;&nbsp;&nbsp;dir_sdi
<LI><a href="#[1b6]">&gt;&gt;</a>&nbsp;&nbsp;&nbsp;dir_next
<LI><a href="#[1ae]">&gt;&gt;</a>&nbsp;&nbsp;&nbsp;create_chain
</UL>

<P><STRONG><a name="[1d5]"></a>get_fileinfo</STRONG> (Thumb, 106 bytes, Stack size 24 bytes, ff.o(i.get_fileinfo))
<BR><BR>[Stack]<UL><LI>Max Depth = 24<LI>Call Chain = get_fileinfo
</UL>
<BR>[Calls]<UL><LI><a href="#[1ad]">&gt;&gt;</a>&nbsp;&nbsp;&nbsp;ld_dword
</UL>
<BR>[Called By]<UL><LI><a href="#[1d4]">&gt;&gt;</a>&nbsp;&nbsp;&nbsp;f_stat
</UL>

<P><STRONG><a name="[1c2]"></a>get_ldnumber</STRONG> (Thumb, 66 bytes, Stack size 8 bytes, ff.o(i.get_ldnumber))
<BR><BR>[Stack]<UL><LI>Max Depth = 8<LI>Call Chain = get_ldnumber
</UL>
<BR>[Called By]<UL><LI><a href="#[1c1]">&gt;&gt;</a>&nbsp;&nbsp;&nbsp;f_mount
<LI><a href="#[1c4]">&gt;&gt;</a>&nbsp;&nbsp;&nbsp;find_volume
</UL>

<P><STRONG><a name="[1ce]"></a>inc_lock</STRONG> (Thumb, 132 bytes, Stack size 20 bytes, ff.o(i.inc_lock))
<BR><BR>[Stack]<UL><LI>Max Depth = 20<LI>Call Chain = inc_lock
</UL>
<BR>[Called By]<UL><LI><a href="#[1c5]">&gt;&gt;</a>&nbsp;&nbsp;&nbsp;f_open
</UL>

<P><STRONG><a name="[1cb]"></a>ld_clust</STRONG> (Thumb, 38 bytes, Stack size 16 bytes, ff.o(i.ld_clust))
<BR><BR>[Stack]<UL><LI>Max Depth = 16<LI>Call Chain = ld_clust
</UL>
<BR>[Calls]<UL><LI><a href="#[1ac]">&gt;&gt;</a>&nbsp;&nbsp;&nbsp;ld_word
</UL>
<BR>[Called By]<UL><LI><a href="#[1c5]">&gt;&gt;</a>&nbsp;&nbsp;&nbsp;f_open
<LI><a href="#[1c6]">&gt;&gt;</a>&nbsp;&nbsp;&nbsp;follow_path
</UL>

<P><STRONG><a name="[1ad]"></a>ld_dword</STRONG> (Thumb, 22 bytes, Stack size 0 bytes, ff.o(i.ld_dword))
<BR><BR>[Called By]<UL><LI><a href="#[1c5]">&gt;&gt;</a>&nbsp;&nbsp;&nbsp;f_open
<LI><a href="#[1b0]">&gt;&gt;</a>&nbsp;&nbsp;&nbsp;put_fat
<LI><a href="#[1d5]">&gt;&gt;</a>&nbsp;&nbsp;&nbsp;get_fileinfo
<LI><a href="#[1af]">&gt;&gt;</a>&nbsp;&nbsp;&nbsp;get_fat
<LI><a href="#[1c4]">&gt;&gt;</a>&nbsp;&nbsp;&nbsp;find_volume
<LI><a href="#[1aa]">&gt;&gt;</a>&nbsp;&nbsp;&nbsp;check_fs
</UL>

<P><STRONG><a name="[1ac]"></a>ld_word</STRONG> (Thumb, 10 bytes, Stack size 0 bytes, ff.o(i.ld_word))
<BR><BR>[Called By]<UL><LI><a href="#[1cb]">&gt;&gt;</a>&nbsp;&nbsp;&nbsp;ld_clust
<LI><a href="#[1af]">&gt;&gt;</a>&nbsp;&nbsp;&nbsp;get_fat
<LI><a href="#[1c4]">&gt;&gt;</a>&nbsp;&nbsp;&nbsp;find_volume
<LI><a href="#[1aa]">&gt;&gt;</a>&nbsp;&nbsp;&nbsp;check_fs
</UL>

<P><STRONG><a name="[1b8]"></a>mem_cmp</STRONG> (Thumb, 24 bytes, Stack size 8 bytes, ff.o(i.mem_cmp))
<BR><BR>[Stack]<UL><LI>Max Depth = 8<LI>Call Chain = mem_cmp
</UL>
<BR>[Called By]<UL><LI><a href="#[1b7]">&gt;&gt;</a>&nbsp;&nbsp;&nbsp;dir_find
</UL>

<P><STRONG><a name="[1bc]"></a>mem_cpy</STRONG> (Thumb, 18 bytes, Stack size 0 bytes, ff.o(i.mem_cpy))
<BR><BR>[Called By]<UL><LI><a href="#[1d9]">&gt;&gt;</a>&nbsp;&nbsp;&nbsp;f_write
<LI><a href="#[1bb]">&gt;&gt;</a>&nbsp;&nbsp;&nbsp;dir_register
</UL>

<P><STRONG><a name="[1b2]"></a>mem_set</STRONG> (Thumb, 12 bytes, Stack size 0 bytes, ff.o(i.mem_set))
<BR><BR>[Called By]<UL><LI><a href="#[1c5]">&gt;&gt;</a>&nbsp;&nbsp;&nbsp;f_open
<LI><a href="#[1d8]">&gt;&gt;</a>&nbsp;&nbsp;&nbsp;sync_fs
<LI><a href="#[1bb]">&gt;&gt;</a>&nbsp;&nbsp;&nbsp;dir_register
<LI><a href="#[1b6]">&gt;&gt;</a>&nbsp;&nbsp;&nbsp;dir_next
<LI><a href="#[1b1]">&gt;&gt;</a>&nbsp;&nbsp;&nbsp;create_name
</UL>

<P><STRONG><a name="[1ab]"></a>move_window</STRONG> (Thumb, 52 bytes, Stack size 16 bytes, ff.o(i.move_window))
<BR><BR>[Stack]<UL><LI>Max Depth = 48<LI>Call Chain = move_window &rArr; sync_window &rArr; disk_write
</UL>
<BR>[Calls]<UL><LI><a href="#[1b9]">&gt;&gt;</a>&nbsp;&nbsp;&nbsp;sync_window
<LI><a href="#[1cf]">&gt;&gt;</a>&nbsp;&nbsp;&nbsp;disk_read
</UL>
<BR>[Called By]<UL><LI><a href="#[1c5]">&gt;&gt;</a>&nbsp;&nbsp;&nbsp;f_open
<LI><a href="#[1be]">&gt;&gt;</a>&nbsp;&nbsp;&nbsp;f_sync
<LI><a href="#[1b0]">&gt;&gt;</a>&nbsp;&nbsp;&nbsp;put_fat
<LI><a href="#[1af]">&gt;&gt;</a>&nbsp;&nbsp;&nbsp;get_fat
<LI><a href="#[1c4]">&gt;&gt;</a>&nbsp;&nbsp;&nbsp;find_volume
<LI><a href="#[1bb]">&gt;&gt;</a>&nbsp;&nbsp;&nbsp;dir_register
<LI><a href="#[1b7]">&gt;&gt;</a>&nbsp;&nbsp;&nbsp;dir_find
<LI><a href="#[1b4]">&gt;&gt;</a>&nbsp;&nbsp;&nbsp;dir_alloc
<LI><a href="#[1aa]">&gt;&gt;</a>&nbsp;&nbsp;&nbsp;check_fs
</UL>

<P><STRONG><a name="[1b0]"></a>put_fat</STRONG> (Thumb, 250 bytes, Stack size 32 bytes, ff.o(i.put_fat))
<BR><BR>[Stack]<UL><LI>Max Depth = 80<LI>Call Chain = put_fat &rArr; move_window &rArr; sync_window &rArr; disk_write
</UL>
<BR>[Calls]<UL><LI><a href="#[1d7]">&gt;&gt;</a>&nbsp;&nbsp;&nbsp;st_word
<LI><a href="#[1ca]">&gt;&gt;</a>&nbsp;&nbsp;&nbsp;st_dword
<LI><a href="#[1ab]">&gt;&gt;</a>&nbsp;&nbsp;&nbsp;move_window
<LI><a href="#[1ad]">&gt;&gt;</a>&nbsp;&nbsp;&nbsp;ld_dword
</UL>
<BR>[Called By]<UL><LI><a href="#[1cd]">&gt;&gt;</a>&nbsp;&nbsp;&nbsp;remove_chain
<LI><a href="#[1ae]">&gt;&gt;</a>&nbsp;&nbsp;&nbsp;create_chain
</UL>

<P><STRONG><a name="[1d2]"></a>putc_bfd</STRONG> (Thumb, 72 bytes, Stack size 24 bytes, ff.o(i.putc_bfd))
<BR><BR>[Stack]<UL><LI>Max Depth = 176 + In Cycle
<LI>Call Chain = putc_bfd &rArr;  putc_bfd (Cycle)
</UL>
<BR>[Calls]<UL><LI><a href="#[1d9]">&gt;&gt;</a>&nbsp;&nbsp;&nbsp;f_write
<LI><a href="#[1d2]">&gt;&gt;</a>&nbsp;&nbsp;&nbsp;putc_bfd
</UL>
<BR>[Called By]<UL><LI><a href="#[1d0]">&gt;&gt;</a>&nbsp;&nbsp;&nbsp;f_puts
<LI><a href="#[1d2]">&gt;&gt;</a>&nbsp;&nbsp;&nbsp;putc_bfd
</UL>

<P><STRONG><a name="[1d3]"></a>putc_flush</STRONG> (Thumb, 42 bytes, Stack size 16 bytes, ff.o(i.putc_flush))
<BR><BR>[Stack]<UL><LI>Max Depth = 168<LI>Call Chain = putc_flush &rArr; f_write &rArr; create_chain &rArr; put_fat &rArr; move_window &rArr; sync_window &rArr; disk_write
</UL>
<BR>[Calls]<UL><LI><a href="#[1d9]">&gt;&gt;</a>&nbsp;&nbsp;&nbsp;f_write
</UL>
<BR>[Called By]<UL><LI><a href="#[1d0]">&gt;&gt;</a>&nbsp;&nbsp;&nbsp;f_puts
</UL>

<P><STRONG><a name="[1d1]"></a>putc_init</STRONG> (Thumb, 10 bytes, Stack size 0 bytes, ff.o(i.putc_init))
<BR><BR>[Called By]<UL><LI><a href="#[1d0]">&gt;&gt;</a>&nbsp;&nbsp;&nbsp;f_puts
</UL>

<P><STRONG><a name="[1cd]"></a>remove_chain</STRONG> (Thumb, 120 bytes, Stack size 24 bytes, ff.o(i.remove_chain))
<BR><BR>[Stack]<UL><LI>Max Depth = 104<LI>Call Chain = remove_chain &rArr; put_fat &rArr; move_window &rArr; sync_window &rArr; disk_write
</UL>
<BR>[Calls]<UL><LI><a href="#[1b0]">&gt;&gt;</a>&nbsp;&nbsp;&nbsp;put_fat
<LI><a href="#[1af]">&gt;&gt;</a>&nbsp;&nbsp;&nbsp;get_fat
</UL>
<BR>[Called By]<UL><LI><a href="#[1c5]">&gt;&gt;</a>&nbsp;&nbsp;&nbsp;f_open
</UL>

<P><STRONG><a name="[1cc]"></a>st_clust</STRONG> (Thumb, 40 bytes, Stack size 16 bytes, ff.o(i.st_clust))
<BR><BR>[Stack]<UL><LI>Max Depth = 16<LI>Call Chain = st_clust
</UL>
<BR>[Calls]<UL><LI><a href="#[1d7]">&gt;&gt;</a>&nbsp;&nbsp;&nbsp;st_word
</UL>
<BR>[Called By]<UL><LI><a href="#[1c5]">&gt;&gt;</a>&nbsp;&nbsp;&nbsp;f_open
<LI><a href="#[1be]">&gt;&gt;</a>&nbsp;&nbsp;&nbsp;f_sync
</UL>

<P><STRONG><a name="[1ca]"></a>st_dword</STRONG> (Thumb, 16 bytes, Stack size 0 bytes, ff.o(i.st_dword))
<BR><BR>[Called By]<UL><LI><a href="#[1c5]">&gt;&gt;</a>&nbsp;&nbsp;&nbsp;f_open
<LI><a href="#[1be]">&gt;&gt;</a>&nbsp;&nbsp;&nbsp;f_sync
<LI><a href="#[1d8]">&gt;&gt;</a>&nbsp;&nbsp;&nbsp;sync_fs
<LI><a href="#[1b0]">&gt;&gt;</a>&nbsp;&nbsp;&nbsp;put_fat
</UL>

<P><STRONG><a name="[1d7]"></a>st_word</STRONG> (Thumb, 8 bytes, Stack size 0 bytes, ff.o(i.st_word))
<BR><BR>[Called By]<UL><LI><a href="#[1be]">&gt;&gt;</a>&nbsp;&nbsp;&nbsp;f_sync
<LI><a href="#[1d8]">&gt;&gt;</a>&nbsp;&nbsp;&nbsp;sync_fs
<LI><a href="#[1cc]">&gt;&gt;</a>&nbsp;&nbsp;&nbsp;st_clust
<LI><a href="#[1b0]">&gt;&gt;</a>&nbsp;&nbsp;&nbsp;put_fat
</UL>

<P><STRONG><a name="[1d8]"></a>sync_fs</STRONG> (Thumb, 128 bytes, Stack size 16 bytes, ff.o(i.sync_fs))
<BR><BR>[Stack]<UL><LI>Max Depth = 48<LI>Call Chain = sync_fs &rArr; sync_window &rArr; disk_write
</UL>
<BR>[Calls]<UL><LI><a href="#[1b9]">&gt;&gt;</a>&nbsp;&nbsp;&nbsp;sync_window
<LI><a href="#[1d7]">&gt;&gt;</a>&nbsp;&nbsp;&nbsp;st_word
<LI><a href="#[1ca]">&gt;&gt;</a>&nbsp;&nbsp;&nbsp;st_dword
<LI><a href="#[1b2]">&gt;&gt;</a>&nbsp;&nbsp;&nbsp;mem_set
<LI><a href="#[1d6]">&gt;&gt;</a>&nbsp;&nbsp;&nbsp;disk_write
<LI><a href="#[1df]">&gt;&gt;</a>&nbsp;&nbsp;&nbsp;disk_ioctl
</UL>
<BR>[Called By]<UL><LI><a href="#[1be]">&gt;&gt;</a>&nbsp;&nbsp;&nbsp;f_sync
</UL>

<P><STRONG><a name="[1b9]"></a>sync_window</STRONG> (Thumb, 84 bytes, Stack size 24 bytes, ff.o(i.sync_window))
<BR><BR>[Stack]<UL><LI>Max Depth = 32<LI>Call Chain = sync_window &rArr; disk_write
</UL>
<BR>[Calls]<UL><LI><a href="#[1d6]">&gt;&gt;</a>&nbsp;&nbsp;&nbsp;disk_write
</UL>
<BR>[Called By]<UL><LI><a href="#[1d8]">&gt;&gt;</a>&nbsp;&nbsp;&nbsp;sync_fs
<LI><a href="#[1ab]">&gt;&gt;</a>&nbsp;&nbsp;&nbsp;move_window
<LI><a href="#[1b6]">&gt;&gt;</a>&nbsp;&nbsp;&nbsp;dir_next
</UL>

<P><STRONG><a name="[1bf]"></a>validate</STRONG> (Thumb, 54 bytes, Stack size 16 bytes, ff.o(i.validate))
<BR><BR>[Stack]<UL><LI>Max Depth = 16<LI>Call Chain = validate
</UL>
<BR>[Calls]<UL><LI><a href="#[1db]">&gt;&gt;</a>&nbsp;&nbsp;&nbsp;disk_status
</UL>
<BR>[Called By]<UL><LI><a href="#[1bd]">&gt;&gt;</a>&nbsp;&nbsp;&nbsp;f_close
<LI><a href="#[1d9]">&gt;&gt;</a>&nbsp;&nbsp;&nbsp;f_write
<LI><a href="#[1be]">&gt;&gt;</a>&nbsp;&nbsp;&nbsp;f_sync
</UL>

<P><STRONG><a name="[15a]"></a>DeInitStateMachine</STRONG> (Thumb, 78 bytes, Stack size 8 bytes, usbh_core.o(i.DeInitStateMachine))
<BR><BR>[Stack]<UL><LI>Max Depth = 8<LI>Call Chain = DeInitStateMachine
</UL>
<BR>[Called By]<UL><LI><a href="#[13e]">&gt;&gt;</a>&nbsp;&nbsp;&nbsp;USBH_Process
<LI><a href="#[13a]">&gt;&gt;</a>&nbsp;&nbsp;&nbsp;USBH_Init
</UL>

<P><STRONG><a name="[157]"></a>USBH_HandleEnum</STRONG> (Thumb, 550 bytes, Stack size 40 bytes, usbh_core.o(i.USBH_HandleEnum))
<BR><BR>[Stack]<UL><LI>Max Depth = 256<LI>Call Chain = USBH_HandleEnum &rArr; USBH_Get_StringDesc &rArr; USBH_GetDescriptor &rArr; USBH_CtlReq &rArr; USBH_HandleControl &rArr; USBH_CtlSendSetup &rArr; USBH_LL_SubmitURB &rArr; HAL_HCD_HC_SubmitRequest &rArr; USB_HC_StartXfer &rArr; USB_WritePacket
</UL>
<BR>[Calls]<UL><LI><a href="#[14d]">&gt;&gt;</a>&nbsp;&nbsp;&nbsp;USBH_Delay
<LI><a href="#[159]">&gt;&gt;</a>&nbsp;&nbsp;&nbsp;USBH_SetAddress
<LI><a href="#[158]">&gt;&gt;</a>&nbsp;&nbsp;&nbsp;USBH_OpenPipe
<LI><a href="#[153]">&gt;&gt;</a>&nbsp;&nbsp;&nbsp;USBH_Get_StringDesc
<LI><a href="#[151]">&gt;&gt;</a>&nbsp;&nbsp;&nbsp;USBH_Get_DevDesc
<LI><a href="#[14f]">&gt;&gt;</a>&nbsp;&nbsp;&nbsp;USBH_Get_CfgDesc
<LI><a href="#[156]">&gt;&gt;</a>&nbsp;&nbsp;&nbsp;USBH_FreePipe
</UL>
<BR>[Called By]<UL><LI><a href="#[13e]">&gt;&gt;</a>&nbsp;&nbsp;&nbsp;USBH_Process
</UL>

<P><STRONG><a name="[164]"></a>USBH_HandleSof</STRONG> (Thumb, 20 bytes, Stack size 0 bytes, usbh_core.o(i.USBH_HandleSof))
<BR><BR>[Called By]<UL><LI><a href="#[ee]">&gt;&gt;</a>&nbsp;&nbsp;&nbsp;USBH_LL_IncTimer
</UL>

<P><STRONG><a name="[14a]"></a>USBH_HandleControl</STRONG> (Thumb, 450 bytes, Stack size 40 bytes, usbh_ctlreq.o(i.USBH_HandleControl))
<BR><BR>[Stack]<UL><LI>Max Depth = 168<LI>Call Chain = USBH_HandleControl &rArr; USBH_CtlSendSetup &rArr; USBH_LL_SubmitURB &rArr; HAL_HCD_HC_SubmitRequest &rArr; USB_HC_StartXfer &rArr; USB_WritePacket
</UL>
<BR>[Calls]<UL><LI><a href="#[155]">&gt;&gt;</a>&nbsp;&nbsp;&nbsp;USBH_LL_GetURBState
<LI><a href="#[156]">&gt;&gt;</a>&nbsp;&nbsp;&nbsp;USBH_FreePipe
<LI><a href="#[14c]">&gt;&gt;</a>&nbsp;&nbsp;&nbsp;USBH_CtlSendSetup
<LI><a href="#[14b]">&gt;&gt;</a>&nbsp;&nbsp;&nbsp;USBH_CtlSendData
<LI><a href="#[149]">&gt;&gt;</a>&nbsp;&nbsp;&nbsp;USBH_CtlReceiveData
</UL>
<BR>[Called By]<UL><LI><a href="#[148]">&gt;&gt;</a>&nbsp;&nbsp;&nbsp;USBH_CtlReq
</UL>

<P><STRONG><a name="[150]"></a>USBH_ParseCfgDesc</STRONG> (Thumb, 176 bytes, Stack size 32 bytes, usbh_ctlreq.o(i.USBH_ParseCfgDesc))
<BR><BR>[Stack]<UL><LI>Max Depth = 32<LI>Call Chain = USBH_ParseCfgDesc
</UL>
<BR>[Calls]<UL><LI><a href="#[180]">&gt;&gt;</a>&nbsp;&nbsp;&nbsp;USBH_ParseInterfaceDesc
<LI><a href="#[181]">&gt;&gt;</a>&nbsp;&nbsp;&nbsp;USBH_ParseEPDesc
<LI><a href="#[17f]">&gt;&gt;</a>&nbsp;&nbsp;&nbsp;USBH_GetNextDesc
</UL>
<BR>[Called By]<UL><LI><a href="#[14f]">&gt;&gt;</a>&nbsp;&nbsp;&nbsp;USBH_Get_CfgDesc
</UL>

<P><STRONG><a name="[152]"></a>USBH_ParseDevDesc</STRONG> (Thumb, 88 bytes, Stack size 8 bytes, usbh_ctlreq.o(i.USBH_ParseDevDesc))
<BR><BR>[Stack]<UL><LI>Max Depth = 8<LI>Call Chain = USBH_ParseDevDesc
</UL>
<BR>[Called By]<UL><LI><a href="#[151]">&gt;&gt;</a>&nbsp;&nbsp;&nbsp;USBH_Get_DevDesc
</UL>

<P><STRONG><a name="[181]"></a>USBH_ParseEPDesc</STRONG> (Thumb, 32 bytes, Stack size 0 bytes, usbh_ctlreq.o(i.USBH_ParseEPDesc))
<BR><BR>[Called By]<UL><LI><a href="#[150]">&gt;&gt;</a>&nbsp;&nbsp;&nbsp;USBH_ParseCfgDesc
</UL>

<P><STRONG><a name="[180]"></a>USBH_ParseInterfaceDesc</STRONG> (Thumb, 38 bytes, Stack size 0 bytes, usbh_ctlreq.o(i.USBH_ParseInterfaceDesc))
<BR><BR>[Called By]<UL><LI><a href="#[150]">&gt;&gt;</a>&nbsp;&nbsp;&nbsp;USBH_ParseCfgDesc
</UL>

<P><STRONG><a name="[154]"></a>USBH_ParseStringDesc</STRONG> (Thumb, 46 bytes, Stack size 8 bytes, usbh_ctlreq.o(i.USBH_ParseStringDesc))
<BR><BR>[Stack]<UL><LI>Max Depth = 8<LI>Call Chain = USBH_ParseStringDesc
</UL>
<BR>[Called By]<UL><LI><a href="#[153]">&gt;&gt;</a>&nbsp;&nbsp;&nbsp;USBH_Get_StringDesc
</UL>

<P><STRONG><a name="[141]"></a>USBH_GetFreePipe</STRONG> (Thumb, 30 bytes, Stack size 0 bytes, usbh_pipes.o(i.USBH_GetFreePipe))
<BR><BR>[Called By]<UL><LI><a href="#[140]">&gt;&gt;</a>&nbsp;&nbsp;&nbsp;USBH_AllocPipe
</UL>

<P><STRONG><a name="[8a]"></a>USBH_MSC_ClassRequest</STRONG> (Thumb, 120 bytes, Stack size 16 bytes, usbh_msc.o(i.USBH_MSC_ClassRequest))
<BR><BR>[Stack]<UL><LI>Max Depth = 200<LI>Call Chain = USBH_MSC_ClassRequest &rArr; USBH_MSC_BOT_REQ_GetMaxLUN &rArr; USBH_CtlReq &rArr; USBH_HandleControl &rArr; USBH_CtlSendSetup &rArr; USBH_LL_SubmitURB &rArr; HAL_HCD_HC_SubmitRequest &rArr; USB_HC_StartXfer &rArr; USB_WritePacket
</UL>
<BR>[Calls]<UL><LI><a href="#[16f]">&gt;&gt;</a>&nbsp;&nbsp;&nbsp;USBH_MSC_BOT_REQ_GetMaxLUN
<LI><a href="#[147]">&gt;&gt;</a>&nbsp;&nbsp;&nbsp;USBH_ClrFeature
</UL>
<BR>[Address Reference Count : 1]<UL><LI> usbh_msc.o(.data)
</UL>
<P><STRONG><a name="[89]"></a>USBH_MSC_InterfaceDeInit</STRONG> (Thumb, 76 bytes, Stack size 16 bytes, usbh_msc.o(i.USBH_MSC_InterfaceDeInit))
<BR><BR>[Stack]<UL><LI>Max Depth = 48<LI>Call Chain = USBH_MSC_InterfaceDeInit &rArr; USBH_ClosePipe &rArr; USBH_LL_ClosePipe &rArr; HAL_HCD_HC_Halt &rArr; USB_HC_Halt
</UL>
<BR>[Calls]<UL><LI><a href="#[156]">&gt;&gt;</a>&nbsp;&nbsp;&nbsp;USBH_FreePipe
<LI><a href="#[a6]">&gt;&gt;</a>&nbsp;&nbsp;&nbsp;free
<LI><a href="#[145]">&gt;&gt;</a>&nbsp;&nbsp;&nbsp;USBH_ClosePipe
</UL>
<BR>[Address Reference Count : 1]<UL><LI> usbh_msc.o(.data)
</UL>
<P><STRONG><a name="[88]"></a>USBH_MSC_InterfaceInit</STRONG> (Thumb, 256 bytes, Stack size 32 bytes, usbh_msc.o(i.USBH_MSC_InterfaceInit))
<BR><BR>[Stack]<UL><LI>Max Depth = 164<LI>Call Chain = USBH_MSC_InterfaceInit &rArr; USBH_OpenPipe &rArr; USBH_LL_OpenPipe &rArr; HAL_HCD_HC_Init &rArr; USB_HC_Init
</UL>
<BR>[Calls]<UL><LI><a href="#[16d]">&gt;&gt;</a>&nbsp;&nbsp;&nbsp;USBH_LL_SetToggle
<LI><a href="#[e4]">&gt;&gt;</a>&nbsp;&nbsp;&nbsp;__aeabi_memclr4
<LI><a href="#[158]">&gt;&gt;</a>&nbsp;&nbsp;&nbsp;USBH_OpenPipe
<LI><a href="#[140]">&gt;&gt;</a>&nbsp;&nbsp;&nbsp;USBH_AllocPipe
<LI><a href="#[172]">&gt;&gt;</a>&nbsp;&nbsp;&nbsp;USBH_SelectInterface
<LI><a href="#[171]">&gt;&gt;</a>&nbsp;&nbsp;&nbsp;USBH_FindInterface
<LI><a href="#[a3]">&gt;&gt;</a>&nbsp;&nbsp;&nbsp;malloc
<LI><a href="#[173]">&gt;&gt;</a>&nbsp;&nbsp;&nbsp;USBH_MSC_BOT_Init
</UL>
<BR>[Address Reference Count : 1]<UL><LI> usbh_msc.o(.data)
</UL>
<P><STRONG><a name="[8b]"></a>USBH_MSC_Process</STRONG> (Thumb, 812 bytes, Stack size 32 bytes, usbh_msc.o(i.USBH_MSC_Process))
<BR><BR>[Stack]<UL><LI>Max Depth = 280<LI>Call Chain = USBH_MSC_Process &rArr; USBH_MSC_SCSI_Inquiry &rArr; USBH_MSC_BOT_Process &rArr; USBH_MSC_BOT_REQ_Reset &rArr; USBH_CtlReq &rArr; USBH_HandleControl &rArr; USBH_CtlSendSetup &rArr; USBH_LL_SubmitURB &rArr; HAL_HCD_HC_SubmitRequest &rArr; USB_HC_StartXfer &rArr; USB_WritePacket
</UL>
<BR>[Calls]<UL><LI><a href="#[175]">&gt;&gt;</a>&nbsp;&nbsp;&nbsp;USBH_MSC_SCSI_TestUnitReady
<LI><a href="#[177]">&gt;&gt;</a>&nbsp;&nbsp;&nbsp;USBH_MSC_SCSI_RequestSense
<LI><a href="#[176]">&gt;&gt;</a>&nbsp;&nbsp;&nbsp;USBH_MSC_SCSI_ReadCapacity
<LI><a href="#[174]">&gt;&gt;</a>&nbsp;&nbsp;&nbsp;USBH_MSC_SCSI_Inquiry
</UL>
<BR>[Address Reference Count : 1]<UL><LI> usbh_msc.o(.data)
</UL>
<P><STRONG><a name="[178]"></a>USBH_MSC_RdWrProcess</STRONG> (Thumb, 182 bytes, Stack size 32 bytes, usbh_msc.o(i.USBH_MSC_RdWrProcess))
<BR><BR>[Stack]<UL><LI>Max Depth = 288<LI>Call Chain = USBH_MSC_RdWrProcess &rArr; USBH_MSC_SCSI_Write &rArr; USBH_MSC_BOT_Process &rArr; USBH_MSC_BOT_REQ_Reset &rArr; USBH_CtlReq &rArr; USBH_HandleControl &rArr; USBH_CtlSendSetup &rArr; USBH_LL_SubmitURB &rArr; HAL_HCD_HC_SubmitRequest &rArr; USB_HC_StartXfer &rArr; USB_WritePacket
</UL>
<BR>[Calls]<UL><LI><a href="#[17a]">&gt;&gt;</a>&nbsp;&nbsp;&nbsp;USBH_MSC_SCSI_Write
<LI><a href="#[177]">&gt;&gt;</a>&nbsp;&nbsp;&nbsp;USBH_MSC_SCSI_RequestSense
<LI><a href="#[179]">&gt;&gt;</a>&nbsp;&nbsp;&nbsp;USBH_MSC_SCSI_Read
</UL>
<BR>[Called By]<UL><LI><a href="#[17e]">&gt;&gt;</a>&nbsp;&nbsp;&nbsp;USBH_MSC_Write
<LI><a href="#[17b]">&gt;&gt;</a>&nbsp;&nbsp;&nbsp;USBH_MSC_Read
</UL>

<P><STRONG><a name="[8c]"></a>USBH_MSC_SOFProcess</STRONG> (Thumb, 4 bytes, Stack size 0 bytes, usbh_msc.o(i.USBH_MSC_SOFProcess))
<BR>[Address Reference Count : 1]<UL><LI> usbh_msc.o(.data)
</UL>
<P><STRONG><a name="[169]"></a>USBH_MSC_BOT_Abort</STRONG> (Thumb, 36 bytes, Stack size 0 bytes, usbh_msc_bot.o(i.USBH_MSC_BOT_Abort))
<BR><BR>[Stack]<UL><LI>Max Depth = 184<LI>Call Chain = USBH_MSC_BOT_Abort &rArr; USBH_ClrFeature &rArr; USBH_CtlReq &rArr; USBH_HandleControl &rArr; USBH_CtlSendSetup &rArr; USBH_LL_SubmitURB &rArr; HAL_HCD_HC_SubmitRequest &rArr; USB_HC_StartXfer &rArr; USB_WritePacket
</UL>
<BR>[Calls]<UL><LI><a href="#[147]">&gt;&gt;</a>&nbsp;&nbsp;&nbsp;USBH_ClrFeature
</UL>
<BR>[Called By]<UL><LI><a href="#[16a]">&gt;&gt;</a>&nbsp;&nbsp;&nbsp;USBH_MSC_BOT_Process
</UL>

<P><STRONG><a name="[16b]"></a>USBH_MSC_DecodeCSW</STRONG> (Thumb, 70 bytes, Stack size 16 bytes, usbh_msc_bot.o(i.USBH_MSC_DecodeCSW))
<BR><BR>[Stack]<UL><LI>Max Depth = 16<LI>Call Chain = USBH_MSC_DecodeCSW
</UL>
<BR>[Calls]<UL><LI><a href="#[160]">&gt;&gt;</a>&nbsp;&nbsp;&nbsp;USBH_LL_GetLastXferSize
</UL>
<BR>[Called By]<UL><LI><a href="#[16a]">&gt;&gt;</a>&nbsp;&nbsp;&nbsp;USBH_MSC_BOT_Process
</UL>

<P><STRONG><a name="[7c]"></a>_printf_input_char</STRONG> (Thumb, 10 bytes, Stack size 0 bytes, _printf_char_common.o(.text))
<BR>[Address Reference Count : 1]<UL><LI> _printf_char_common.o(.text)
</UL>
<P><STRONG><a name="[7d]"></a>[local to arm_exceptions_c]::__default_terminate_handler()</STRONG> (Thumb, 6 bytes, Stack size 8 bytes, arm_exceptions_globs.o(.text))
<BR><BR>[Stack]<UL><LI>Max Depth = 56 + Unknown Stack Size
<LI>Call Chain = [local to arm_exceptions_c]::__default_terminate_handler() &rArr; abort &rArr; __rt_SIGABRT &rArr; __rt_SIGABRT_inner &rArr; __default_signal_display &rArr; _ttywrch
</UL>
<BR>[Calls]<UL><LI><a href="#[b8]">&gt;&gt;</a>&nbsp;&nbsp;&nbsp;abort
</UL>
<BR>[Address Reference Count : 1]<UL><LI> arm_exceptions_globs.o(.text)
</UL><P>
<H3>
Undefined Global Symbols
</H3><HR></body></html>
