<html>
<body>
<pre>
<h1>µVision Build Log</h1>
<h2>Tool Versions:</h2>
IDE-Version: µVision V5.30.0.0
Copyright (C) 2020 ARM Ltd and ARM Germany GmbH. All rights reserved.
License Information: whocares whocares, whocares, LIC=----
 
Tool Versions:
Toolchain:       MDK-Lite  Version: 5.30.0.0
Toolchain Path:  C:\Keil_v5\ARM\ARMCC\Bin
C Compiler:      Armcc.exe V5.06 update 6 (build 750)
Assembler:       Armasm.exe V5.06 update 6 (build 750)
Linker/Locator:  ArmLink.exe V5.06 update 6 (build 750)
Library Manager: ArmAr.exe V5.06 update 6 (build 750)
Hex Converter:   FromElf.exe V5.06 update 6 (build 750)
CPU DLL:         SARMCM3.DLL V5.30.0.0
Dialog DLL:      DCM.DLL V1.17.3.0
Target DLL:      STLink\ST-LINKIII-KEIL_SWO.dll V3.0.7.0
Dialog DLL:      TCM.DLL V1.42.0.0
 
<h2>Project:</h2>
C:\Users\Lavicola\Documents\Programmieren von Mikrocontrollern\vorlesungsAufgaben\usb_final\MDK-ARM\usb_final.uvprojx
Project File Date:  07/03/2020

<h2>Output:</h2>
*** Using Compiler 'V5.06 update 6 (build 750)', folder: 'C:\Keil_v5\ARM\ARMCC\Bin'
Build target 'usb_final'
compiling usb_host.c...
../Src/usb_host.c(76): warning:  #167-D: argument of type "uint8_t *" is incompatible with parameter of type "char *restrict"
  				uart_length=sprintf(uart_tx_buffer, "Cannot open %s file \n", name);
../Src/usb_host.c(80): warning:  #167-D: argument of type "uint8_t *" is incompatible with parameter of type "char *restrict"
  				uart_length=sprintf(uart_tx_buffer, "file %s created \n", name);
../Src/usb_host.c(91): warning:  #167-D: argument of type "uint8_t *" is incompatible with parameter of type "char *restrict"
  					uart_length=sprintf(uart_tx_buffer, "write error \n");
../Src/usb_host.c(96): warning:  #167-D: argument of type "uint8_t *" is incompatible with parameter of type "const TCHAR *"
  					if (f_open(&MyFile,name,FA_READ) != FR_OK ) {
../Src/usb_host.c(98): warning:  #167-D: argument of type "uint8_t *" is incompatible with parameter of type "char *restrict"
  						uart_length=sprintf(uart_tx_buffer,"Cannot open %s file for verify \n", name);
../Src/usb_host.c(106): warning:  #167-D: argument of type "uint8_t *" is incompatible with parameter of type "char *restrict"
  							uart_length=sprintf(uart_tx_buffer,"Cannot read file for verification \n");
../Src/usb_host.c(115): warning:  #167-D: argument of type "uint8_t *" is incompatible with parameter of type "char *restrict"
  							uart_length=sprintf(uart_tx_buffer, "fclose fail \n");
../Src/usb_host.c(117): warning:  #550-D: variable "a"  was set but never used
  							int a = 0;
../Src/usb_host.c(128): warning:  #167-D: argument of type "uint8_t *" is incompatible with parameter of type "char *restrict"
  						uart_length=sprintf(uart_tx_buffer,"verification OK - read number of bytes is equal to written number of bytes \n");
../Src/usb_host.c(133): warning:  #167-D: argument of type "uint8_t *" is incompatible with parameter of type "char *restrict"
  						uart_length=sprintf(uart_tx_buffer, "verify fail \n");
../Src/usb_host.c: 10 warnings, 0 errors
linking...
Program Size: Code=21964 RO-data=788 RW-data=144 ZI-data=19608  
FromELF: creating hex file...
"usb_final\usb_final.axf" - 0 Error(s), 10 Warning(s).

<h2>Software Packages used:</h2>

Package Vendor: ARM
                http://www.keil.com/pack/ARM.CMSIS.5.7.0.pack
                ARM.CMSIS.5.7.0
                CMSIS (Cortex Microcontroller Software Interface Standard)
   * Component: CORE Version: 5.4.0

Package Vendor: Keil
                http://www.keil.com/pack/Keil.STM32F4xx_DFP.2.14.0.pack
                Keil.STM32F4xx_DFP.2.14.0
                STMicroelectronics STM32F4 Series Device Support, Drivers and Examples

<h2>Collection of Component include folders:</h2>
  .\RTE\_usb_final
  C:\Users\Stein´s Gate\AppData\Local\Arm\Packs\ARM\CMSIS\5.7.0\CMSIS\Core\Include
  C:\Users\Stein´s Gate\AppData\Local\Arm\Packs\Keil\STM32F4xx_DFP\2.14.0\Drivers\CMSIS\Device\ST\STM32F4xx\Include

<h2>Collection of Component Files used:</h2>

   * Component: ARM::CMSIS:CORE:5.4.0
Build Time Elapsed:  00:00:02
</pre>
</body>
</html>
