Component: ARM Compiler 5.06 update 6 (build 750) Tool: armlink [4d35ed]

==============================================================================

Section Cross References

    startup_stm32f413xx.o(STACK) refers (Special) to heapauxi.o(.text) for __use_two_region_memory
    startup_stm32f413xx.o(HEAP) refers (Special) to heapauxi.o(.text) for __use_two_region_memory
    startup_stm32f413xx.o(RESET) refers (Special) to heapauxi.o(.text) for __use_two_region_memory
    startup_stm32f413xx.o(RESET) refers to startup_stm32f413xx.o(STACK) for __initial_sp
    startup_stm32f413xx.o(RESET) refers to startup_stm32f413xx.o(.text) for Reset_Handler
    startup_stm32f413xx.o(RESET) refers to stm32f4xx_it.o(i.NMI_Handler) for NMI_Handler
    startup_stm32f413xx.o(RESET) refers to stm32f4xx_it.o(i.HardFault_Handler) for HardFault_Handler
    startup_stm32f413xx.o(RESET) refers to stm32f4xx_it.o(i.MemManage_Handler) for MemManage_Handler
    startup_stm32f413xx.o(RESET) refers to stm32f4xx_it.o(i.BusFault_Handler) for BusFault_Handler
    startup_stm32f413xx.o(RESET) refers to stm32f4xx_it.o(i.UsageFault_Handler) for UsageFault_Handler
    startup_stm32f413xx.o(RESET) refers to stm32f4xx_it.o(i.SVC_Handler) for SVC_Handler
    startup_stm32f413xx.o(RESET) refers to stm32f4xx_it.o(i.DebugMon_Handler) for DebugMon_Handler
    startup_stm32f413xx.o(RESET) refers to stm32f4xx_it.o(i.PendSV_Handler) for PendSV_Handler
    startup_stm32f413xx.o(RESET) refers to stm32f4xx_it.o(i.SysTick_Handler) for SysTick_Handler
    startup_stm32f413xx.o(RESET) refers to stm32f4xx_it.o(i.TIM1_UP_TIM10_IRQHandler) for TIM1_UP_TIM10_IRQHandler
    startup_stm32f413xx.o(RESET) refers to stm32f4xx_it.o(i.RTC_Alarm_IRQHandler) for RTC_Alarm_IRQHandler
    startup_stm32f413xx.o(RESET) refers to stm32f4xx_it.o(i.OTG_FS_IRQHandler) for OTG_FS_IRQHandler
    startup_stm32f413xx.o(.text) refers (Special) to heapauxi.o(.text) for __use_two_region_memory
    startup_stm32f413xx.o(.text) refers to system_stm32f4xx.o(i.SystemInit) for SystemInit
    startup_stm32f413xx.o(.text) refers to __main.o(!!!main) for __main
    startup_stm32f413xx.o(.text) refers to startup_stm32f413xx.o(HEAP) for Heap_Mem
    startup_stm32f413xx.o(.text) refers to startup_stm32f413xx.o(STACK) for Stack_Mem
    main.o(i.HAL_TIM_PeriodElapsedCallback) refers to componentsmanager.o(i._ZN17ComponentsManager15GetDHT22MeasureER18dht22MeasureObject) for ComponentsManager::GetDHT22Measure(dht22MeasureObject&)
    main.o(i.HAL_TIM_PeriodElapsedCallback) refers to floattostring.o(i._Z13FloatToStringPcf) for FloatToString(char*, float)
    main.o(i.HAL_TIM_PeriodElapsedCallback) refers to main.o(i._Z10GetRTCDatePh) for GetRTCDate(unsigned char*)
    main.o(i.HAL_TIM_PeriodElapsedCallback) refers to main.o(i._Z10GetRTCTimePh) for GetRTCTime(unsigned char*)
    main.o(i.HAL_TIM_PeriodElapsedCallback) refers to usb_host.o(i.MX_USB_HOST_Process) for MX_USB_HOST_Process
    main.o(i.HAL_TIM_PeriodElapsedCallback) refers to rt_memcpy_w.o(.text) for __aeabi_memcpy4
    main.o(i.HAL_TIM_PeriodElapsedCallback) refers to usb_host.o(i.save_to_usb) for save_to_usb
    main.o(i.HAL_TIM_PeriodElapsedCallback) refers to main.o(.data) for .data
    main.o(i._Z10GetRTCDatePh) refers to stm32f4xx_hal_rtc.o(i.HAL_RTC_GetDate) for HAL_RTC_GetDate
    main.o(i._Z10GetRTCDatePh) refers to main.o(.bss) for .bss
    main.o(i._Z10GetRTCTimePh) refers to stm32f4xx_hal_rtc.o(i.HAL_RTC_GetTime) for HAL_RTC_GetTime
    main.o(i._Z10GetRTCTimePh) refers to main.o(.bss) for .bss
    main.o(i._Z11MX_RTC_Initv) refers to rt_memclr_w.o(.text) for __aeabi_memclr4
    main.o(i._Z11MX_RTC_Initv) refers to stm32f4xx_hal_rtc.o(i.HAL_RTC_Init) for HAL_RTC_Init
    main.o(i._Z11MX_RTC_Initv) refers to main.o(i.Error_Handler) for Error_Handler
    main.o(i._Z11MX_RTC_Initv) refers to stm32f4xx_hal_rtc.o(i.HAL_RTC_SetTime) for HAL_RTC_SetTime
    main.o(i._Z11MX_RTC_Initv) refers to stm32f4xx_hal_rtc.o(i.HAL_RTC_SetDate) for HAL_RTC_SetDate
    main.o(i._Z11MX_RTC_Initv) refers to stm32f4xx_hal_rtc.o(i.HAL_RTC_SetAlarm_IT) for HAL_RTC_SetAlarm_IT
    main.o(i._Z11MX_RTC_Initv) refers to main.o(.bss) for .bss
    main.o(i._Z12MX_GPIO_Initv) refers to rt_memclr_w.o(.text) for __aeabi_memclr4
    main.o(i._Z12MX_GPIO_Initv) refers to stm32f4xx_hal_gpio.o(i.HAL_GPIO_WritePin) for HAL_GPIO_WritePin
    main.o(i._Z12MX_GPIO_Initv) refers to stm32f4xx_hal_gpio.o(i.HAL_GPIO_Init) for HAL_GPIO_Init
    main.o(i._Z12MX_I2C1_Initv) refers to stm32f4xx_hal_i2c.o(i.HAL_I2C_Init) for HAL_I2C_Init
    main.o(i._Z12MX_I2C1_Initv) refers to main.o(i.Error_Handler) for Error_Handler
    main.o(i._Z12MX_I2C1_Initv) refers to main.o(.bss) for .bss
    main.o(i._Z13MX_TIM10_Initv) refers to stm32f4xx_hal_tim.o(i.HAL_TIM_Base_Init) for HAL_TIM_Base_Init
    main.o(i._Z13MX_TIM10_Initv) refers to main.o(i.Error_Handler) for Error_Handler
    main.o(i._Z13MX_TIM10_Initv) refers to main.o(.bss) for .bss
[...]
    __printf                                 0x0800048d   Thumb Code   104  __printf.o(.text)
    _printf_int_dec                          0x080004f5   Thumb Code   104  _printf_dec.o(.text)
    strcat                                   0x0800056d   Thumb Code    24  strcat.o(.text)
    __aeabi_memcpy                           0x08000585   Thumb Code     0  rt_memcpy_v6.o(.text)
    __rt_memcpy                              0x08000585   Thumb Code   138  rt_memcpy_v6.o(.text)
    _memcpy_lastbytes                        0x080005eb   Thumb Code     0  rt_memcpy_v6.o(.text)
    __aeabi_memcpy4                          0x0800060f   Thumb Code     0  rt_memcpy_w.o(.text)
    __aeabi_memcpy8                          0x0800060f   Thumb Code     0  rt_memcpy_w.o(.text)
    __rt_memcpy_w                            0x0800060f   Thumb Code   100  rt_memcpy_w.o(.text)
    _memcpy_lastbytes_aligned                0x08000657   Thumb Code     0  rt_memcpy_w.o(.text)
    __aeabi_memclr                           0x08000673   Thumb Code     0  rt_memclr.o(.text)
    __rt_memclr                              0x08000673   Thumb Code    68  rt_memclr.o(.text)
    _memset                                  0x08000677   Thumb Code     0  rt_memclr.o(.text)
    __aeabi_memclr4                          0x080006b7   Thumb Code     0  rt_memclr_w.o(.text)
    __aeabi_memclr8                          0x080006b7   Thumb Code     0  rt_memclr_w.o(.text)
    __rt_memclr_w                            0x080006b7   Thumb Code    78  rt_memclr_w.o(.text)
    _memset_w                                0x080006bb   Thumb Code     0  rt_memclr_w.o(.text)
    __use_two_region_memory                  0x08000705   Thumb Code     2  heapauxi.o(.text)
    __rt_heap_escrow                         0x08000707   Thumb Code     2  heapauxi.o(.text)
    __rt_heap_expand                         0x08000709   Thumb Code     2  heapauxi.o(.text)
    __rt_heap_descriptor                     0x0800070d   Thumb Code     8  rt_heap_descriptor_intlibspace.o(.text)
    __rt_new_handler_addr                    0x08000715   Thumb Code     8  rt_new_handler_addr_intlibspace.o(.text)
    __use_no_heap                            0x0800071d   Thumb Code     2  hguard.o(.text)
    __heap$guard                             0x0800071f   Thumb Code     2  hguard.o(.text)
    _terminate_user_alloc                    0x08000721   Thumb Code     2  init_alloc.o(.text)
    _init_user_alloc                         0x08000723   Thumb Code     2  init_alloc.o(.text)
    __Heap_Full                              0x08000725   Thumb Code    34  init_alloc.o(.text)
    __Heap_Broken                            0x08000747   Thumb Code     6  init_alloc.o(.text)
    _init_alloc                              0x0800074d   Thumb Code    94  init_alloc.o(.text)
    __Heap_Initialize                        0x080007ab   Thumb Code    10  h1_init.o(.text)
    __Heap_DescSize                          0x080007b5   Thumb Code     4  h1_init.o(.text)
    _printf_int_common                       0x080007b9   Thumb Code   178  _printf_intcommon.o(.text)
    _printf_char_common                      0x08000877   Thumb Code    32  _printf_char_common.o(.text)
    _sputc                                   0x0800089d   Thumb Code    10  _sputc.o(.text)
    __default_new_handler()                  0x080008a7   Thumb Code     4  arm_newhandler_noexceptions.o(.text)
    __user_libspace                          0x080008ad   Thumb Code     8  libspace.o(.text)
    __user_perproc_libspace                  0x080008ad   Thumb Code     0  libspace.o(.text)
    __user_perthread_libspace                0x080008ad   Thumb Code     0  libspace.o(.text)
    __Heap_ProvideMemory                     0x080008b5   Thumb Code    52  h1_extend.o(.text)
    __rt_SIGRTMEM                            0x080008e9   Thumb Code    14  defsig_rtmem_outer.o(.text)
    std::terminate()                         0x080008f7   Thumb Code    26  arm_exceptions_terminate.o(.text)
    __cxa_get_globals                        0x08000917   Thumb Code    62  arm_exceptions_globs.o(.text)
    __I$use$semihosting                      0x08000961   Thumb Code     0  use_no_semi.o(.text)
    __use_no_semihosting_swi                 0x08000961   Thumb Code     2  use_no_semi.o(.text)
    __semihosting_library_function           0x08000963   Thumb Code     0  indicate_semi.o(.text)
    __user_setup_stackheap                   0x08000963   Thumb Code    74  sys_stackheap_outer.o(.text)
    __rt_eh_globals_addr                     0x080009ad   Thumb Code     8  rt_eh_globals_addr_intlibspace.o(.text)
    exit                                     0x080009b5   Thumb Code    18  exit.o(.text)
    abort                                    0x080009c7   Thumb Code    22  abort.o(.text)
    __sig_exit                               0x080009dd   Thumb Code    10  defsig_exit.o(.text)
    __rt_SIGRTMEM_inner                      0x080009e9   Thumb Code    22  defsig_rtmem_inner.o(.text)
    __ARM_exceptions_buffer_init             0x08000a39   Thumb Code    18  arm_exceptions_mem.o(.text)
    __ARM_exceptions_buffer_allocate         0x08000a4b   Thumb Code    22  arm_exceptions_mem.o(.text)
    __ARM_exceptions_buffer_free             0x08000a61   Thumb Code    20  arm_exceptions_mem.o(.text)
    _sys_exit                                0x08000a75   Thumb Code     8  sys_exit.o(.text)
    __default_signal_display                 0x08000a81   Thumb Code    50  defsig_general.o(.text)
    __rt_SIGABRT                             0x08000ab3   Thumb Code    14  defsig_abrt_outer.o(.text)
    _ttywrch                                 0x08000ac1   Thumb Code    14  sys_wrch.o(.text)
    __rt_SIGABRT_inner                       0x08000ad1   Thumb Code    14  defsig_abrt_inner.o(.text)
    BusFault_Handler                         0x08000b01   Thumb Code     2  stm32f4xx_it.o(i.BusFault_Handler)
    DebugMon_Handler                         0x08000b51   Thumb Code     2  stm32f4xx_it.o(i.DebugMon_Handler)
    Error_Handler                            0x08000b53   Thumb Code     2  main.o(i.Error_Handler)
    FATFS_LinkDriver                         0x08000b55   Thumb Code     6  ff_gen_drv.o(i.FATFS_LinkDriver)
    FATFS_LinkDriverEx                       0x08000b5d   Thumb Code    58  ff_gen_drv.o(i.FATFS_LinkDriverEx)
    HAL_Delay                                0x08000b9d   Thumb Code    32  stm32f4xx_hal.o(i.HAL_Delay)
    HAL_GPIO_Init                            0x08000bc1   Thumb Code   380  stm32f4xx_hal_gpio.o(i.HAL_GPIO_Init)
    HAL_GPIO_ReadPin                         0x08000d65   Thumb Code    14  stm32f4xx_hal_gpio.o(i.HAL_GPIO_ReadPin)
    HAL_GPIO_WritePin                        0x08000d73   Thumb Code    14  stm32f4xx_hal_gpio.o(i.HAL_GPIO_WritePin)
    HAL_GetTick                              0x08000d81   Thumb Code     6  stm32f4xx_hal.o(i.HAL_GetTick)
    HAL_HCD_Connect_Callback                 0x08000d8d   Thumb Code     8  usbh_conf.o(i.HAL_HCD_Connect_Callback)
    HAL_HCD_Disconnect_Callback              0x08000d95   Thumb Code     8  usbh_conf.o(i.HAL_HCD_Disconnect_Callback)
    HAL_HCD_GetCurrentFrame                  0x08000d9d   Thumb Code     6  stm32f4xx_hal_hcd.o(i.HAL_HCD_GetCurrentFrame)
    HAL_HCD_GetCurrentSpeed                  0x08000da3   Thumb Code     6  stm32f4xx_hal_hcd.o(i.HAL_HCD_GetCurrentSpeed)
    HAL_HCD_HC_GetURBState                   0x08000da9   Thumb Code    14  stm32f4xx_hal_hcd.o(i.HAL_HCD_HC_GetURBState)
    HAL_HCD_HC_GetXferCount                  0x08000db7   Thumb Code    12  stm32f4xx_hal_hcd.o(i.HAL_HCD_HC_GetXferCount)
    HAL_HCD_HC_Halt                          0x08000dc3   Thumb Code    36  stm32f4xx_hal_hcd.o(i.HAL_HCD_HC_Halt)
    HAL_HCD_HC_Init                          0x08000de7   Thumb Code   104  stm32f4xx_hal_hcd.o(i.HAL_HCD_HC_Init)
    HAL_HCD_HC_NotifyURBChange_Callback      0x08000e4f   Thumb Code     2  usbh_conf.o(i.HAL_HCD_HC_NotifyURBChange_Callback)
    HAL_HCD_HC_SubmitRequest                 0x08000e51   Thumb Code   222  stm32f4xx_hal_hcd.o(i.HAL_HCD_HC_SubmitRequest)
    HAL_HCD_IRQHandler                       0x08000f2f   Thumb Code   306  stm32f4xx_hal_hcd.o(i.HAL_HCD_IRQHandler)
    HAL_HCD_Init                             0x08001061   Thumb Code   116  stm32f4xx_hal_hcd.o(i.HAL_HCD_Init)
    HAL_HCD_MspInit                          0x080010d5   Thumb Code   140  usbh_conf.o(i.HAL_HCD_MspInit)
    HAL_HCD_PortDisabled_Callback            0x08001169   Thumb Code     8  usbh_conf.o(i.HAL_HCD_PortDisabled_Callback)
    HAL_HCD_PortEnabled_Callback             0x08001171   Thumb Code     8  usbh_conf.o(i.HAL_HCD_PortEnabled_Callback)
    HAL_HCD_ResetPort                        0x08001179   Thumb Code     6  stm32f4xx_hal_hcd.o(i.HAL_HCD_ResetPort)
    HAL_HCD_SOF_Callback                     0x0800117f   Thumb Code     8  usbh_conf.o(i.HAL_HCD_SOF_Callback)
    HAL_HCD_Start                            0x08001187   Thumb Code    44  stm32f4xx_hal_hcd.o(i.HAL_HCD_Start)
    HAL_HCD_Stop                             0x080011b3   Thumb Code    36  stm32f4xx_hal_hcd.o(i.HAL_HCD_Stop)
    HAL_I2C_Init                             0x080011d9   Thumb Code   392  stm32f4xx_hal_i2c.o(i.HAL_I2C_Init)
    HAL_I2C_Master_Transmit                  0x08001371   Thumb Code   318  stm32f4xx_hal_i2c.o(i.HAL_I2C_Master_Transmit)
    HAL_I2C_MspInit                          0x080014b9   Thumb Code    94  stm32f4xx_hal_msp.o(i.HAL_I2C_MspInit)
    HAL_IncTick                              0x08001525   Thumb Code    12  stm32f4xx_hal.o(i.HAL_IncTick)
    HAL_Init                                 0x08001535   Thumb Code    48  stm32f4xx_hal.o(i.HAL_Init)
    HAL_InitTick                             0x08001569   Thumb Code    58  stm32f4xx_hal.o(i.HAL_InitTick)
    HAL_MspInit                              0x080015ad   Thumb Code    42  stm32f4xx_hal_msp.o(i.HAL_MspInit)
    HAL_NVIC_EnableIRQ                       0x080015dd   Thumb Code    26  stm32f4xx_hal_cortex.o(i.HAL_NVIC_EnableIRQ)
    HAL_NVIC_SetPriority                     0x080015f9   Thumb Code    60  stm32f4xx_hal_cortex.o(i.HAL_NVIC_SetPriority)
    HAL_NVIC_SetPriorityGrouping             0x08001639   Thumb Code    26  stm32f4xx_hal_cortex.o(i.HAL_NVIC_SetPriorityGrouping)
    HAL_RCCEx_PeriphCLKConfig                0x0800165d   Thumb Code   818  stm32f4xx_hal_rcc_ex.o(i.HAL_RCCEx_PeriphCLKConfig)
    HAL_RCC_ClockConfig                      0x080019b1   Thumb Code   310  stm32f4xx_hal_rcc.o(i.HAL_RCC_ClockConfig)
    HAL_RCC_GetHCLKFreq                      0x08001afd   Thumb Code     6  stm32f4xx_hal_rcc.o(i.HAL_RCC_GetHCLKFreq)
    HAL_RCC_GetPCLK1Freq                     0x08001b09   Thumb Code    22  stm32f4xx_hal_rcc.o(i.HAL_RCC_GetPCLK1Freq)
    HAL_RCC_GetPCLK2Freq                     0x08001b29   Thumb Code    22  stm32f4xx_hal_rcc.o(i.HAL_RCC_GetPCLK2Freq)
    HAL_RCC_GetSysClockFreq                  0x08001b49   Thumb Code    94  stm32f4xx_hal_rcc.o(i.HAL_RCC_GetSysClockFreq)
    HAL_RCC_OscConfig                        0x08001bb1   Thumb Code   890  stm32f4xx_hal_rcc_ex.o(i.HAL_RCC_OscConfig)
    HAL_RTCEx_AlarmBEventCallback            0x08001f3d   Thumb Code     2  stm32f4xx_hal_rtc_ex.o(i.HAL_RTCEx_AlarmBEventCallback)
    HAL_RTC_AlarmAEventCallback              0x08001f3f   Thumb Code     2  main.o(i.HAL_RTC_AlarmAEventCallback)
    HAL_RTC_AlarmIRQHandler                  0x08001f41   Thumb Code    86  stm32f4xx_hal_rtc.o(i.HAL_RTC_AlarmIRQHandler)
    HAL_RTC_GetDate                          0x08001f9d   Thumb Code    64  stm32f4xx_hal_rtc.o(i.HAL_RTC_GetDate)
    HAL_RTC_GetTime                          0x08001fe1   Thumb Code    84  stm32f4xx_hal_rtc.o(i.HAL_RTC_GetTime)
    HAL_RTC_Init                             0x08002039   Thumb Code   180  stm32f4xx_hal_rtc.o(i.HAL_RTC_Init)
    HAL_RTC_MspInit                          0x080020f1   Thumb Code    38  stm32f4xx_hal_msp.o(i.HAL_RTC_MspInit)
    HAL_RTC_SetAlarm_IT                      0x08002121   Thumb Code   394  stm32f4xx_hal_rtc.o(i.HAL_RTC_SetAlarm_IT)
    HAL_RTC_SetDate                          0x080022b5   Thumb Code   210  stm32f4xx_hal_rtc.o(i.HAL_RTC_SetDate)
    HAL_RTC_SetTime                          0x0800238d   Thumb Code   244  stm32f4xx_hal_rtc.o(i.HAL_RTC_SetTime)
    HAL_RTC_WaitForSynchro                   0x08002485   Thumb Code    52  stm32f4xx_hal_rtc.o(i.HAL_RTC_WaitForSynchro)
    HAL_SYSTICK_Config                       0x080024b9   Thumb Code    40  stm32f4xx_hal_cortex.o(i.HAL_SYSTICK_Config)
    HAL_TIMEx_BreakCallback                  0x080024e1   Thumb Code     2  stm32f4xx_hal_tim_ex.o(i.HAL_TIMEx_BreakCallback)
    HAL_TIMEx_CommutCallback                 0x080024e3   Thumb Code     2  stm32f4xx_hal_tim_ex.o(i.HAL_TIMEx_CommutCallback)
    HAL_TIMEx_MasterConfigSynchronization    0x080024e5   Thumb Code   114  stm32f4xx_hal_tim_ex.o(i.HAL_TIMEx_MasterConfigSynchronization)
    HAL_TIM_Base_Init                        0x08002575   Thumb Code    56  stm32f4xx_hal_tim.o(i.HAL_TIM_Base_Init)
    HAL_TIM_Base_MspInit                     0x080025ad   Thumb Code    76  stm32f4xx_hal_msp.o(i.HAL_TIM_Base_MspInit)
    HAL_TIM_Base_Start                       0x08002605   Thumb Code    36  stm32f4xx_hal_tim.o(i.HAL_TIM_Base_Start)
    HAL_TIM_Base_Start_IT                    0x08002629   Thumb Code    34  stm32f4xx_hal_tim.o(i.HAL_TIM_Base_Start_IT)
    HAL_TIM_ConfigClockSource                0x0800264b   Thumb Code   226  stm32f4xx_hal_tim.o(i.HAL_TIM_ConfigClockSource)
    HAL_TIM_IC_CaptureCallback               0x0800272d   Thumb Code     2  stm32f4xx_hal_tim.o(i.HAL_TIM_IC_CaptureCallback)
    HAL_TIM_IRQHandler                       0x0800272f   Thumb Code   366  stm32f4xx_hal_tim.o(i.HAL_TIM_IRQHandler)
    HAL_TIM_OC_DelayElapsedCallback          0x0800289d   Thumb Code     2  stm32f4xx_hal_tim.o(i.HAL_TIM_OC_DelayElapsedCallback)
    HAL_TIM_PWM_PulseFinishedCallback        0x0800289f   Thumb Code     2  stm32f4xx_hal_tim.o(i.HAL_TIM_PWM_PulseFinishedCallback)
    HAL_TIM_PeriodElapsedCallback            0x080028a1   Thumb Code   108  main.o(i.HAL_TIM_PeriodElapsedCallback)
    HAL_TIM_TriggerCallback                  0x08002921   Thumb Code     2  stm32f4xx_hal_tim.o(i.HAL_TIM_TriggerCallback)
    HAL_UART_Init                            0x08002923   Thumb Code   100  stm32f4xx_hal_uart.o(i.HAL_UART_Init)
    HAL_UART_MspInit                         0x08002989   Thumb Code    94  stm32f4xx_hal_msp.o(i.HAL_UART_MspInit)
    HAL_UART_Transmit                        0x080029f5   Thumb Code   210  stm32f4xx_hal_uart.o(i.HAL_UART_Transmit)
    HardFault_Handler                        0x080030c9   Thumb Code     2  stm32f4xx_it.o(i.HardFault_Handler)
    MX_FATFS_Init                            0x08003369   Thumb Code    18  fatfs.o(i.MX_FATFS_Init)
    MX_USB_HOST_Init                         0x08003385   Thumb Code    52  usb_host.o(i.MX_USB_HOST_Init)
    MX_USB_HOST_Process                      0x080033c5   Thumb Code     6  usb_host.o(i.MX_USB_HOST_Process)
    MemManage_Handler                        0x080033d1   Thumb Code     2  stm32f4xx_it.o(i.MemManage_Handler)
    NMI_Handler                              0x080033d3   Thumb Code     2  stm32f4xx_it.o(i.NMI_Handler)
    OTG_FS_IRQHandler                        0x080033d5   Thumb Code     6  stm32f4xx_it.o(i.OTG_FS_IRQHandler)
    PendSV_Handler                           0x080033e1   Thumb Code     2  stm32f4xx_it.o(i.PendSV_Handler)
    RTC_Alarm_IRQHandler                     0x080033e5   Thumb Code     6  stm32f4xx_it.o(i.RTC_Alarm_IRQHandler)
    RTC_Bcd2ToByte                           0x080033f1   Thumb Code    18  stm32f4xx_hal_rtc.o(i.RTC_Bcd2ToByte)
    RTC_ByteToBcd2                           0x08003403   Thumb Code    22  stm32f4xx_hal_rtc.o(i.RTC_ByteToBcd2)
    RTC_EnterInitMode                        0x08003419   Thumb Code    56  stm32f4xx_hal_rtc.o(i.RTC_EnterInitMode)
    SVC_Handler                              0x08003451   Thumb Code     2  stm32f4xx_it.o(i.SVC_Handler)
    SysTick_Handler                          0x08003453   Thumb Code     4  stm32f4xx_it.o(i.SysTick_Handler)
    SystemInit                               0x08003459   Thumb Code    22  system_stm32f4xx.o(i.SystemInit)
    TIM1_UP_TIM10_IRQHandler                 0x08003475   Thumb Code     6  stm32f4xx_it.o(i.TIM1_UP_TIM10_IRQHandler)
    TIM_Base_SetConfig                       0x08003481   Thumb Code   160  stm32f4xx_hal_tim.o(i.TIM_Base_SetConfig)
    TIM_ETR_SetConfig                        0x0800354d   Thumb Code    20  stm32f4xx_hal_tim.o(i.TIM_ETR_SetConfig)
    USBH_AllocPipe                           0x08003819   Thumb Code    40  usbh_pipes.o(i.USBH_AllocPipe)
    USBH_BulkReceiveData                     0x08003841   Thumb Code    32  usbh_ioreq.o(i.USBH_BulkReceiveData)
    USBH_BulkSendData                        0x08003861   Thumb Code    44  usbh_ioreq.o(i.USBH_BulkSendData)
    USBH_ClosePipe                           0x0800388d   Thumb Code    10  usbh_pipes.o(i.USBH_ClosePipe)
    USBH_ClrFeature                          0x08003897   Thumb Code    30  usbh_ctlreq.o(i.USBH_ClrFeature)
    USBH_CtlReceiveData                      0x080038b5   Thumb Code    32  usbh_ioreq.o(i.USBH_CtlReceiveData)
    USBH_CtlReq                              0x080038d5   Thumb Code    58  usbh_ctlreq.o(i.USBH_CtlReq)
    USBH_CtlSendData                         0x0800390f   Thumb Code    44  usbh_ioreq.o(i.USBH_CtlSendData)
    USBH_CtlSendSetup                        0x0800393b   Thumb Code    30  usbh_ioreq.o(i.USBH_CtlSendSetup)
    USBH_Delay                               0x08003959   Thumb Code     4  usbh_conf.o(i.USBH_Delay)
    USBH_FindInterface                       0x0800395d   Thumb Code    68  usbh_core.o(i.USBH_FindInterface)
    USBH_FreePipe                            0x080039a1   Thumb Code    24  usbh_pipes.o(i.USBH_FreePipe)
    USBH_GetDescriptor                       0x080039b9   Thumb Code    56  usbh_ctlreq.o(i.USBH_GetDescriptor)
    USBH_GetNextDesc                         0x08003a0f   Thumb Code    14  usbh_ctlreq.o(i.USBH_GetNextDesc)
    USBH_Get_CfgDesc                         0x08003a1d   Thumb Code    46  usbh_ctlreq.o(i.USBH_Get_CfgDesc)
    USBH_Get_DevDesc                         0x08003a4b   Thumb Code    46  usbh_ctlreq.o(i.USBH_Get_DevDesc)
    USBH_Get_StringDesc                      0x08003a79   Thumb Code    42  usbh_ctlreq.o(i.USBH_Get_StringDesc)
    USBH_Get_USB_Status                      0x08003aa3   Thumb Code    36  usbh_conf.o(i.USBH_Get_USB_Status)
    USBH_Init                                0x08003ec3   Thumb Code    66  usbh_core.o(i.USBH_Init)
    USBH_LL_ClosePipe                        0x08003f05   Thumb Code    18  usbh_conf.o(i.USBH_LL_ClosePipe)
    USBH_LL_Connect                          0x08003f17   Thumb Code    18  usbh_core.o(i.USBH_LL_Connect)
    USBH_LL_Disconnect                       0x08003f29   Thumb Code    46  usbh_core.o(i.USBH_LL_Disconnect)
    USBH_LL_DriverVBUS                       0x08003f59   Thumb Code    30  usbh_conf.o(i.USBH_LL_DriverVBUS)
    USBH_LL_GetLastXferSize                  0x08003f7d   Thumb Code     8  usbh_conf.o(i.USBH_LL_GetLastXferSize)
    USBH_LL_GetSpeed                         0x08003f85   Thumb Code    34  usbh_conf.o(i.USBH_LL_GetSpeed)
    USBH_LL_GetToggle                        0x08003fa7   Thumb Code    32  usbh_conf.o(i.USBH_LL_GetToggle)
    USBH_LL_GetURBState                      0x08003fc7   Thumb Code     8  usbh_conf.o(i.USBH_LL_GetURBState)
    USBH_LL_IncTimer                         0x08003fcf   Thumb Code    14  usbh_core.o(i.USBH_LL_IncTimer)
    USBH_LL_Init                             0x08003fdd   Thumb Code    74  usbh_conf.o(i.USBH_LL_Init)
    USBH_LL_OpenPipe                         0x0800402d   Thumb Code    30  usbh_conf.o(i.USBH_LL_OpenPipe)
    USBH_LL_PortDisabled                     0x0800404b   Thumb Code     8  usbh_core.o(i.USBH_LL_PortDisabled)
    USBH_LL_PortEnabled                      0x08004053   Thumb Code     8  usbh_core.o(i.USBH_LL_PortEnabled)
    USBH_LL_ResetPort                        0x0800405b   Thumb Code    18  usbh_conf.o(i.USBH_LL_ResetPort)
    USBH_LL_SetTimer                         0x0800406d   Thumb Code     6  usbh_core.o(i.USBH_LL_SetTimer)
    USBH_LL_SetToggle                        0x08004073   Thumb Code    34  usbh_conf.o(i.USBH_LL_SetToggle)
    USBH_LL_Start                            0x08004095   Thumb Code    18  usbh_conf.o(i.USBH_LL_Start)
    USBH_LL_Stop                             0x080040a7   Thumb Code    18  usbh_conf.o(i.USBH_LL_Stop)
    USBH_LL_SubmitURB                        0x080040b9   Thumb Code    38  usbh_conf.o(i.USBH_LL_SubmitURB)
    USBH_MSC_BOT_Init                        0x08004105   Thumb Code    26  usbh_msc_bot.o(i.USBH_MSC_BOT_Init)
    USBH_MSC_BOT_Process                     0x08004129   Thumb Code   550  usbh_msc_bot.o(i.USBH_MSC_BOT_Process)
    USBH_MSC_BOT_REQ_GetMaxLUN               0x0800434f   Thumb Code    22  usbh_msc_bot.o(i.USBH_MSC_BOT_REQ_GetMaxLUN)
    USBH_MSC_BOT_REQ_Reset                   0x08004365   Thumb Code    24  usbh_msc_bot.o(i.USBH_MSC_BOT_REQ_Reset)
    USBH_MSC_GetLUNInfo                      0x08004441   Thumb Code    46  usbh_msc.o(i.USBH_MSC_GetLUNInfo)
    USBH_MSC_Read                            0x0800499d   Thumb Code   140  usbh_msc.o(i.USBH_MSC_Read)
    USBH_MSC_SCSI_Inquiry                    0x08004a29   Thumb Code   200  usbh_msc_scsi.o(i.USBH_MSC_SCSI_Inquiry)
    USBH_MSC_SCSI_Read                       0x08004af1   Thumb Code   126  usbh_msc_scsi.o(i.USBH_MSC_SCSI_Read)
    USBH_MSC_SCSI_ReadCapacity               0x08004b6f   Thumb Code   134  usbh_msc_scsi.o(i.USBH_MSC_SCSI_ReadCapacity)
    USBH_MSC_SCSI_RequestSense               0x08004bf5   Thumb Code   134  usbh_msc_scsi.o(i.USBH_MSC_SCSI_RequestSense)
    USBH_MSC_SCSI_TestUnitReady              0x08004c7b   Thumb Code    74  usbh_msc_scsi.o(i.USBH_MSC_SCSI_TestUnitReady)
    USBH_MSC_SCSI_Write                      0x08004cc5   Thumb Code   126  usbh_msc_scsi.o(i.USBH_MSC_SCSI_Write)
    USBH_MSC_UnitIsReady                     0x08004d47   Thumb Code    38  usbh_msc.o(i.USBH_MSC_UnitIsReady)
    USBH_MSC_Write                           0x08004d6d   Thumb Code   140  usbh_msc.o(i.USBH_MSC_Write)
    USBH_OpenPipe                            0x08004df9   Thumb Code    22  usbh_pipes.o(i.USBH_OpenPipe)
    USBH_Process                             0x08004f8b   Thumb Code   578  usbh_core.o(i.USBH_Process)
    USBH_RegisterClass                       0x080051cd   Thumb Code    34  usbh_core.o(i.USBH_RegisterClass)
    USBH_SelectInterface                     0x080051ef   Thumb Code    22  usbh_core.o(i.USBH_SelectInterface)
    USBH_SetAddress                          0x08005205   Thumb Code    28  usbh_ctlreq.o(i.USBH_SetAddress)
    USBH_SetCfg                              0x08005221   Thumb Code    28  usbh_ctlreq.o(i.USBH_SetCfg)
    USBH_SetFeature                          0x0800523d   Thumb Code    28  usbh_ctlreq.o(i.USBH_SetFeature)
    USBH_Start                               0x08005259   Thumb Code    22  usbh_core.o(i.USBH_Start)
    USBH_initialize                          0x08005299   Thumb Code     4  usbh_diskio.o(i.USBH_initialize)
    USBH_ioctl                               0x0800529d   Thumb Code   108  usbh_diskio.o(i.USBH_ioctl)
    USBH_read                                0x0800530d   Thumb Code    62  usbh_diskio.o(i.USBH_read)
    USBH_status                              0x08005351   Thumb Code    20  usbh_diskio.o(i.USBH_status)
    USBH_write                               0x08005369   Thumb Code    70  usbh_diskio.o(i.USBH_write)
    USB_CoreInit                             0x080053b5   Thumb Code   122  stm32f4xx_ll_usb.o(i.USB_CoreInit)
    USB_DisableGlobalInt                     0x0800546d   Thumb Code    12  stm32f4xx_ll_usb.o(i.USB_DisableGlobalInt)
    USB_DoPing                               0x08005479   Thumb Code    28  stm32f4xx_ll_usb.o(i.USB_DoPing)
    USB_DriveVbus                            0x08005499   Thumb Code    58  stm32f4xx_ll_usb.o(i.USB_DriveVbus)
    USB_EnableGlobalInt                      0x080054d3   Thumb Code    12  stm32f4xx_ll_usb.o(i.USB_EnableGlobalInt)
    USB_FlushRxFifo                          0x080054e1   Thumb Code    28  stm32f4xx_ll_usb.o(i.USB_FlushRxFifo)
    USB_FlushTxFifo                          0x08005501   Thumb Code    32  stm32f4xx_ll_usb.o(i.USB_FlushTxFifo)
    USB_GetCurrentFrame                      0x08005525   Thumb Code     8  stm32f4xx_ll_usb.o(i.USB_GetCurrentFrame)
    USB_GetHostSpeed                         0x0800552d   Thumb Code    16  stm32f4xx_ll_usb.o(i.USB_GetHostSpeed)
    USB_GetMode                              0x0800553d   Thumb Code     8  stm32f4xx_ll_usb.o(i.USB_GetMode)
    USB_HC_Halt                              0x08005545   Thumb Code   196  stm32f4xx_ll_usb.o(i.USB_HC_Halt)
    USB_HC_Init                              0x08005609   Thumb Code   272  stm32f4xx_ll_usb.o(i.USB_HC_Init)
    USB_HC_ReadInterrupt                     0x08005719   Thumb Code     8  stm32f4xx_ll_usb.o(i.USB_HC_ReadInterrupt)
    USB_HC_StartXfer                         0x08005721   Thumb Code   326  stm32f4xx_ll_usb.o(i.USB_HC_StartXfer)
    USB_HostInit                             0x0800586d   Thumb Code   204  stm32f4xx_ll_usb.o(i.USB_HostInit)
    USB_InitFSLSPClkSel                      0x0800594d   Thumb Code    58  stm32f4xx_ll_usb.o(i.USB_InitFSLSPClkSel)
    USB_ReadInterrupts                       0x08005987   Thumb Code     8  stm32f4xx_ll_usb.o(i.USB_ReadInterrupts)
    USB_ReadPacket                           0x0800598f   Thumb Code    30  stm32f4xx_ll_usb.o(i.USB_ReadPacket)
    USB_ResetPort                            0x080059ad   Thumb Code    52  stm32f4xx_ll_usb.o(i.USB_ResetPort)
    USB_SetCurrentMode                       0x080059e1   Thumb Code    48  stm32f4xx_ll_usb.o(i.USB_SetCurrentMode)
    USB_StopHost                             0x08005a11   Thumb Code   128  stm32f4xx_ll_usb.o(i.USB_StopHost)
    USB_WritePacket                          0x08005a91   Thumb Code    38  stm32f4xx_ll_usb.o(i.USB_WritePacket)
    UsageFault_Handler                       0x08005ab7   Thumb Code     2  stm32f4xx_it.o(i.UsageFault_Handler)
    MX_TIM3_Init()                           0x08005d41   Thumb Code    94  tim_delay.o(i._Z12MX_TIM3_Initv)
    Error_Handler()                          0x08005da9   Thumb Code     2  tim_delay.o(i._Z13Error_Handlerv)
    FloatToString(char*, float)              0x08005dab   Thumb Code   138  floattostring.o(i._Z13FloatToStringPcf)
    SystemClock_Config()                     0x08005e6d   Thumb Code   178  main.o(i._Z18SystemClock_Configv)
    delay(unsigned short)                    0x08005f61   Thumb Code    18  tim_delay.o(i._Z5delayt)
    TIM_Start()                              0x08005f79   Thumb Code     6  tim_delay.o(i._Z9TIM_Startv)
    ComponentsManager::getInstance()         0x08005f85   Thumb Code    26  componentsmanager.o(i._ZN17ComponentsManager11getInstanceEv)
    ComponentsManager::GetDHT22Measure(dht22MeasureObject&) 0x08005fa5   Thumb Code     4  componentsmanager.o(i._ZN17ComponentsManager15GetDHT22MeasureER18dht22MeasureObject)
    ComponentsManager::ComponentsManager()   0x08005fa9   Thumb Code    26  componentsmanager.o(i._ZN17ComponentsManagerC1Ev)
    ComponentsManager::ComponentsManager__sub_object() 0x08005fa9   Thumb Code     0  componentsmanager.o(i._ZN17ComponentsManagerC1Ev)
    DHT22::Check_Response()                  0x08005fc9   Thumb Code    66  dht22.o(i._ZN5DHT2214Check_ResponseEv)
    DHT22::GetMeasurement(dht22MeasureObject&) 0x0800600d   Thumb Code    88  dht22.o(i._ZN5DHT2214GetMeasurementER18dht22MeasureObject)
    DHT22::Read()                            0x08006069   Thumb Code    88  dht22.o(i._ZN5DHT224ReadEv)
    DHT22::Start()                           0x080060c1   Thumb Code    58  dht22.o(i._ZN5DHT225StartEv)
    DHT22::parse(unsigned char*, float*, float*) 0x080060fd   Thumb Code   112  dht22.o(i._ZN5DHT225parseEPhPfS1_)
    DHT22::DHT22(unsigned short, GPIO_TypeDef*) 0x08006175   Thumb Code    10  dht22.o(i._ZN5DHT22C1EtP12GPIO_TypeDef)
    DHT22::DHT22__sub_object(unsigned short, GPIO_TypeDef*) 0x08006175   Thumb Code     0  dht22.o(i._ZN5DHT22C1EtP12GPIO_TypeDef)
    DS18B20::DS18B20(unsigned short, GPIO_TypeDef*) 0x08006185   Thumb Code    10  ds18b20.o(i._ZN7DS18B20C1EtP12GPIO_TypeDef)
    DS18B20::DS18B20__sub_object(unsigned short, GPIO_TypeDef*) 0x08006185   Thumb Code     0  ds18b20.o(i._ZN7DS18B20C1EtP12GPIO_TypeDef)
    HD44780::send_string(char*)              0x08006195   Thumb Code    24  i2c_lcd.o(i._ZN7HD4478011send_stringEPc)
    HD44780::send_cmd(char)                  0x080061ad   Thumb Code    58  i2c_lcd.o(i._ZN7HD447808send_cmdEc)
    HD44780::send_data(char)                 0x080061ed   Thumb Code    58  i2c_lcd.o(i._ZN7HD447809send_dataEc)
    HD44780::HD44780()                       0x0800622d   Thumb Code   140  i2c_lcd.o(i._ZN7HD44780C1Ev)
    HD44780::HD44780__sub_object()           0x0800622d   Thumb Code     0  i2c_lcd.o(i._ZN7HD44780C1Ev)
    ISensor::Set_Pin_Input(GPIO_TypeDef*, unsigned short) 0x080062b9   Thumb Code    36  isensor.o(i._ZN7ISensor13Set_Pin_InputEP12GPIO_TypeDeft)
    ISensor::Set_Pin_Output(GPIO_TypeDef*, unsigned short) 0x080062dd   Thumb Code    38  isensor.o(i._ZN7ISensor14Set_Pin_OutputEP12GPIO_TypeDeft)
    operator new(unsigned)                   0x08006305   Thumb Code    34  new.o(i._Znwj)
    disk_initialize                          0x080068b9   Thumb Code    38  diskio.o(i.disk_initialize)
    disk_ioctl                               0x080068e5   Thumb Code    22  diskio.o(i.disk_ioctl)
    disk_read                                0x08006901   Thumb Code    24  diskio.o(i.disk_read)
    disk_status                              0x0800691d   Thumb Code    18  diskio.o(i.disk_status)
    disk_write                               0x08006935   Thumb Code    24  diskio.o(i.disk_write)
    f_close                                  0x08006979   Thumb Code    42  ff.o(i.f_close)
    f_mount                                  0x080069a5   Thumb Code    90  ff.o(i.f_mount)
    f_open                                   0x08006a05   Thumb Code   498  ff.o(i.f_open)
    f_puts                                   0x08006bf7   Thumb Code    38  ff.o(i.f_puts)
    f_stat                                   0x08006c1d   Thumb Code    60  ff.o(i.f_stat)
    f_sync                                   0x08006c59   Thumb Code   144  ff.o(i.f_sync)
    f_write                                  0x08006ce9   Thumb Code   432  ff.o(i.f_write)
    get_fattime                              0x08007251   Thumb Code     4  fatfs.o(i.get_fattime)
    main                                     0x080073d1   Thumb Code    84  main.o(i.main)
    save_to_usb                              0x08007691   Thumb Code   218  usb_host.o(i.save_to_usb)
    __aeabi_d2f                              0x080078f9   Thumb Code     0  d2f.o(x$fpl$d2f)
    _d2f                                     0x080078f9   Thumb Code    98  d2f.o(x$fpl$d2f)
    __aeabi_ddiv                             0x0800795d   Thumb Code     0  ddiv.o(x$fpl$ddiv)
    _ddiv                                    0x0800795d   Thumb Code   552  ddiv.o(x$fpl$ddiv)
    __aeabi_ui2d                             0x08007c0d   Thumb Code     0  dflt_clz.o(x$fpl$dfltu)
    _dfltu                                   0x08007c0d   Thumb Code    38  dflt_clz.o(x$fpl$dfltu)
    __fpl_dnaninf                            0x08007c33   Thumb Code   156  dnaninf.o(x$fpl$dnaninf)
    __fpl_dretinf                            0x08007ccf   Thumb Code    12  dretinf.o(x$fpl$dretinf)
    _fp_init                                 0x08007cdb   Thumb Code    10  fpinit.o(x$fpl$fpinit)
    __fplib_config_fpu_vfp                   0x08007ce3   Thumb Code     0  fpinit.o(x$fpl$fpinit)
    __fplib_config_pureend_doubles           0x08007ce3   Thumb Code     0  fpinit.o(x$fpl$fpinit)
    __fpl_fretinf                            0x08007ce5   Thumb Code    10  fretinf.o(x$fpl$fretinf)
    __I$use$fp                               0x08007cee   Number         0  usenofp.o(x$fpl$usenofp)
    USBH_Driver                              0x08007cf0   Data          20  usbh_diskio.o(.constdata)
    path                                     0x08007d04   Data           5  usb_host.o(.constdata)
    AHBPrescTable                            0x08007d09   Data          16  system_stm32f4xx.o(.constdata)
    APBPrescTable                            0x08007d19   Data           8  system_stm32f4xx.o(.constdata)
    vtable for DHT22                         0x08007dc0   Data          28  dht22.o(.constdata__ZTV5DHT22)
    vtable for DS18B20                       0x08007ddc   Data          28  ds18b20.o(.constdata__ZTV7DS18B20)
    Region$$Table$$Base                      0x08007dfc   Number         0  anon$$obj.o(Region$$Table)
    Region$$Table$$Limit                     0x08007e1c   Number         0  anon$$obj.o(Region$$Table)
    l_manager                                0x20000000   Data           4  main.o(.data)
    retUSBH                                  0x20000004   Data           1  fatfs.o(.data)
    USBHPath                                 0x20000005   Data           4  fatfs.o(.data)
    Appli_state                              0x20000009   Data           1  usb_host.o(.data)
    isMounted                                0x2000000a   Data           1  usb_host.o(.data)
    isChanged                                0x2000000b   Data           1  usb_host.o(.data)
    uwTickFreq                               0x20000010   Data           1  stm32f4xx_hal.o(.data)
    uwTickPrio                               0x20000014   Data           4  stm32f4xx_hal.o(.data)
    uwTick                                   0x20000018   Data           4  stm32f4xx_hal.o(.data)
    SystemCoreClock                          0x2000001c   Data           4  system_stm32f4xx.o(.data)
    USBH_msc                                 0x20000028   Data          32  usbh_msc.o(.data)
    ComponentsManager::m_Instance            0x20000048   Data           4  componentsmanager.o(.data)
    hi2c1                                    0x2000004c   Data          84  main.o(.bss)
    hrtc                                     0x200000a0   Data          32  main.o(.bss)
    htim10                                   0x200000c0   Data          64  main.o(.bss)
    huart3                                   0x20000100   Data          64  main.o(.bss)
    hUsbHostFS                               0x20000140   Data         984  usb_host.o(.bss)
    USBH_fatfs                               0x20000518   Data         560  usb_host.o(.bss)
    MyFile                                   0x20000748   Data         560  usb_host.o(.bss)
    fno                                      0x20000978   Data          24  usb_host.o(.bss)
    hhcd_USB_OTG_FS                          0x20000990   Data         708  usbh_conf.o(.bss)
    disk                                     0x20000c74   Data          12  ff_gen_drv.o(.bss)
    __libspace_start                         0x20000cc0   Data          96  libspace.o(.bss)
    __temporary_stack_top$libspace           0x20000d20   Data           0  libspace.o(.bss)



==============================================================================

Memory Map of the image

  Image Entry point : 0x080001d9

  Load Region LR_IROM1 (Base: 0x08000000, Size: 0x00007e68, Max: 0x00180000, ABSOLUTE)

    Execution Region ER_IROM1 (Exec base: 0x08000000, Load base: 0x08000000, Size: 0x00007e1c, Max: 0x00180000, ABSOLUTE)

    Exec Addr    Load Addr    Size         Type   Attr      Idx    E Section Name        Object

    0x08000000   0x08000000   0x000001d8   Data   RO            3    RESET               startup_stm32f413xx.o
    0x080001d8   0x080001d8   0x00000008   Code   RO         6404  * !!!main             c_w.l(__main.o)
    0x080001e0   0x080001e0   0x00000034   Code   RO         6848    !!!scatter          c_w.l(__scatter.o)
    0x08000214   0x08000214   0x0000001a   Code   RO         6850    !!handler_copy      c_w.l(__scatter_copy.o)
    0x0800022e   0x0800022e   0x00000002   PAD
    0x08000230   0x08000230   0x0000001c   Code   RO         6852    !!handler_zi        c_w.l(__scatter_zi.o)
    0x0800024c   0x0800024c   0x00000000   Code   RO         6391    .ARM.Collect$$_printf_percent$$00000000  c_w.l(_printf_percent.o)
    0x0800024c   0x0800024c   0x00000006   Code   RO         6390    .ARM.Collect$$_printf_percent$$00000009  c_w.l(_printf_d.o)
    0x08000252   0x08000252   0x00000004   Code   RO         6574    .ARM.Collect$$_printf_percent$$00000017  c_w.l(_printf_percent_end.o)
    0x08000256   0x08000256   0x00000002   Code   RO         6768    .ARM.Collect$$libinit$$00000000  c_w.l(libinit.o)
    0x08000258   0x08000258   0x00000004   Code   RO         6577    .ARM.Collect$$libinit$$00000001  c_w.l(libinit2.o)
    0x0800025c   0x0800025c   0x00000000   Code   RO         6580    .ARM.Collect$$libinit$$00000004  c_w.l(libinit2.o)
    0x0800025c   0x0800025c   0x00000008   Code   RO         6581    .ARM.Collect$$libinit$$00000005  c_w.l(libinit2.o)
    0x08000264   0x08000264   0x00000000   Code   RO         6583    .ARM.Collect$$libinit$$0000000A  c_w.l(libinit2.o)
    0x08000264   0x08000264   0x00000000   Code   RO         6585    .ARM.Collect$$libinit$$0000000C  c_w.l(libinit2.o)
    0x08000264   0x08000264   0x00000000   Code   RO         6587    .ARM.Collect$$libinit$$0000000E  c_w.l(libinit2.o)
    0x08000264   0x08000264   0x00000000   Code   RO         6590    .ARM.Collect$$libinit$$00000011  c_w.l(libinit2.o)
    0x08000264   0x08000264   0x00000000   Code   RO         6592    .ARM.Collect$$libinit$$00000013  c_w.l(libinit2.o)
    0x08000264   0x08000264   0x00000000   Code   RO         6594    .ARM.Collect$$libinit$$00000015  c_w.l(libinit2.o)
    0x08000264   0x08000264   0x00000000   Code   RO         6596    .ARM.Collect$$libinit$$00000017  c_w.l(libinit2.o)
    0x08000264   0x08000264   0x00000000   Code   RO         6598    .ARM.Collect$$libinit$$00000019  c_w.l(libinit2.o)
    0x08000264   0x08000264   0x00000000   Code   RO         6600    .ARM.Collect$$libinit$$0000001B  c_w.l(libinit2.o)
    0x08000264   0x08000264   0x00000000   Code   RO         6602    .ARM.Collect$$libinit$$0000001D  c_w.l(libinit2.o)
    0x08000264   0x08000264   0x00000000   Code   RO         6604    .ARM.Collect$$libinit$$0000001F  c_w.l(libinit2.o)
    0x08000264   0x08000264   0x00000000   Code   RO         6606    .ARM.Collect$$libinit$$00000021  c_w.l(libinit2.o)
    0x08000264   0x08000264   0x00000000   Code   RO         6608    .ARM.Collect$$libinit$$00000023  c_w.l(libinit2.o)
    0x08000264   0x08000264   0x00000000   Code   RO         6610    .ARM.Collect$$libinit$$00000025  c_w.l(libinit2.o)
    0x08000264   0x08000264   0x00000000   Code   RO         6614    .ARM.Collect$$libinit$$0000002C  c_w.l(libinit2.o)
    0x08000264   0x08000264   0x00000000   Code   RO         6616    .ARM.Collect$$libinit$$0000002E  c_w.l(libinit2.o)
    0x08000264   0x08000264   0x00000000   Code   RO         6618    .ARM.Collect$$libinit$$00000030  c_w.l(libinit2.o)
    0x08000264   0x08000264   0x00000000   Code   RO         6620    .ARM.Collect$$libinit$$00000032  c_w.l(libinit2.o)
    0x08000264   0x08000264   0x00000002   Code   RO         6621    .ARM.Collect$$libinit$$00000033  c_w.l(libinit2.o)
    0x08000266   0x08000266   0x00000002   Code   RO         6845    .ARM.Collect$$libshutdown$$00000000  c_w.l(libshutdown.o)
    0x08000268   0x08000268   0x00000000   Code   RO         6803    .ARM.Collect$$libshutdown$$00000002  c_w.l(libshutdown2.o)
    0x08000268   0x08000268   0x00000000   Code   RO         6805    .ARM.Collect$$libshutdown$$00000004  c_w.l(libshutdown2.o)
    0x08000268   0x08000268   0x00000000   Code   RO         6808    .ARM.Collect$$libshutdown$$00000007  c_w.l(libshutdown2.o)
    0x08000268   0x08000268   0x00000000   Code   RO         6811    .ARM.Collect$$libshutdown$$0000000A  c_w.l(libshutdown2.o)
    0x08000268   0x08000268   0x00000000   Code   RO         6813    .ARM.Collect$$libshutdown$$0000000C  c_w.l(libshutdown2.o)
    0x08000268   0x08000268   0x00000000   Code   RO         6816    .ARM.Collect$$libshutdown$$0000000F  c_w.l(libshutdown2.o)
    0x08000268   0x08000268   0x00000002   Code   RO         6817    .ARM.Collect$$libshutdown$$00000010  c_w.l(libshutdown2.o)
    0x0800026a   0x0800026a   0x00000000   Code   RO         6533    .ARM.Collect$$rtentry$$00000000  c_w.l(__rtentry.o)
    0x0800026a   0x0800026a   0x00000000   Code   RO         6667    .ARM.Collect$$rtentry$$00000002  c_w.l(__rtentry2.o)
    0x0800026a   0x0800026a   0x00000006   Code   RO         6679    .ARM.Collect$$rtentry$$00000004  c_w.l(__rtentry4.o)
    0x08000270   0x08000270   0x00000000   Code   RO         6669    .ARM.Collect$$rtentry$$00000009  c_w.l(__rtentry2.o)
    0x08000270   0x08000270   0x00000004   Code   RO         6670    .ARM.Collect$$rtentry$$0000000A  c_w.l(__rtentry2.o)
    0x08000274   0x08000274   0x00000000   Code   RO         6672    .ARM.Collect$$rtentry$$0000000C  c_w.l(__rtentry2.o)
    0x08000274   0x08000274   0x00000008   Code   RO         6673    .ARM.Collect$$rtentry$$0000000D  c_w.l(__rtentry2.o)
    0x0800027c   0x0800027c   0x00000002   Code   RO         6784    .ARM.Collect$$rtexit$$00000000  c_w.l(rtexit.o)
    0x0800027e   0x0800027e   0x00000000   Code   RO         6821    .ARM.Collect$$rtexit$$00000002  c_w.l(rtexit2.o)
    0x0800027e   0x0800027e   0x00000004   Code   RO         6822    .ARM.Collect$$rtexit$$00000003  c_w.l(rtexit2.o)
    0x08000282   0x08000282   0x00000006   Code   RO         6823    .ARM.Collect$$rtexit$$00000004  c_w.l(rtexit2.o)
    0x08000288   0x08000288   0x00000000   Code   RO         6685    .emb_text           c_w.l(maybetermalloc1.o)
    0x08000288   0x08000288   0x00000040   Code   RO            4    .text               startup_stm32f413xx.o
    0x080002c8   0x080002c8   0x0000005e   Code   RO         6302    .text               c_w.l(h1_alloc.o)
    0x08000326   0x08000326   0x0000004e   Code   RO         6304    .text               c_w.l(h1_free.o)
    0x08000374   0x08000374   0x000000ee   Code   RO         6360    .text               c_w.l(lludivv7m.o)
    0x08000462   0x08000462   0x00000002   PAD
    0x08000464   0x08000464   0x00000028   Code   RO         6364    .text               c_w.l(noretval__2sprintf.o)
    0x0800048c   0x0800048c   0x00000068   Code   RO         6366    .text               c_w.l(__printf.o)
    0x080004f4   0x080004f4   0x00000078   Code   RO         6368    .text               c_w.l(_printf_dec.o)
    0x0800056c   0x0800056c   0x00000018   Code   RO         6392    .text               c_w.l(strcat.o)
    0x08000584   0x08000584   0x0000008a   Code   RO         6394    .text               c_w.l(rt_memcpy_v6.o)
    0x0800060e   0x0800060e   0x00000064   Code   RO         6396    .text               c_w.l(rt_memcpy_w.o)
    0x08000672   0x08000672   0x00000044   Code   RO         6398    .text               c_w.l(rt_memclr.o)
    0x080006b6   0x080006b6   0x0000004e   Code   RO         6400    .text               c_w.l(rt_memclr_w.o)
    0x08000704   0x08000704   0x00000006   Code   RO         6402    .text               c_w.l(heapauxi.o)
    0x0800070a   0x0800070a   0x00000002   PAD
    0x0800070c   0x0800070c   0x00000008   Code   RO         6541    .text               c_w.l(rt_heap_descriptor_intlibspace.o)
    0x08000714   0x08000714   0x00000008   Code   RO         6546    .text               c_w.l(rt_new_handler_addr_intlibspace.o)
    0x0800071c   0x0800071c   0x00000004   Code   RO         6548    .text               c_w.l(hguard.o)
    0x08000720   0x08000720   0x0000008a   Code   RO         6550    .text               c_w.l(init_alloc.o)
    0x080007aa   0x080007aa   0x0000000e   Code   RO         6554    .text               c_w.l(h1_init.o)
    0x080007b8   0x080007b8   0x000000b2   Code   RO         6568    .text               c_w.l(_printf_intcommon.o)
    0x0800086a   0x0800086a   0x00000002   PAD
    0x0800086c   0x0800086c   0x00000030   Code   RO         6570    .text               c_w.l(_printf_char_common.o)
    0x0800089c   0x0800089c   0x0000000a   Code   RO         6572    .text               c_w.l(_sputc.o)
    0x080008a6   0x080008a6   0x00000004   Code   RO         6625    .text               cpprt_w.l(arm_newhandler_noexceptions.o)
    0x080008aa   0x080008aa   0x00000002   PAD
    0x080008ac   0x080008ac   0x00000008   Code   RO         6663    .text               c_w.l(libspace.o)
    0x080008b4   0x080008b4   0x00000034   Code   RO         6687    .text               c_w.l(h1_extend.o)
    0x080008e8   0x080008e8   0x0000000e   Code   RO         6693    .text               c_w.l(defsig_rtmem_outer.o)
    0x080008f6   0x080008f6   0x0000001a   Code   RO         6718    .text               cpprt_w.l(arm_exceptions_terminate.o)
    0x08000910   0x08000910   0x00000050   Code   RO         6725    .text               cpprt_w.l(arm_exceptions_globs.o)
    0x08000960   0x08000960   0x00000002   Code   RO         6733    .text               c_w.l(use_no_semi.o)
    0x08000962   0x08000962   0x00000000   Code   RO         6735    .text               c_w.l(indicate_semi.o)
    0x08000962   0x08000962   0x0000004a   Code   RO         6736    .text               c_w.l(sys_stackheap_outer.o)
    0x080009ac   0x080009ac   0x00000008   Code   RO         6743    .text               c_w.l(rt_eh_globals_addr_intlibspace.o)
    0x080009b4   0x080009b4   0x00000012   Code   RO         6747    .text               c_w.l(exit.o)
    0x080009c6   0x080009c6   0x00000016   Code   RO         6749    .text               c_w.l(abort.o)
    0x080009dc   0x080009dc   0x0000000a   Code   RO         6751    .text               c_w.l(defsig_exit.o)
    0x080009e6   0x080009e6   0x00000002   PAD
    0x080009e8   0x080009e8   0x00000050   Code   RO         6757    .text               c_w.l(defsig_rtmem_inner.o)
    0x08000a38   0x08000a38   0x0000003c   Code   RO         6772    .text               cpprt_w.l(arm_exceptions_mem.o)
    0x08000a74   0x08000a74   0x0000000c   Code   RO         6782    .text               c_w.l(sys_exit.o)
    0x08000a80   0x08000a80   0x00000032   Code   RO         6794    .text               c_w.l(defsig_general.o)
    0x08000ab2   0x08000ab2   0x0000000e   Code   RO         6796    .text               c_w.l(defsig_abrt_outer.o)
    0x08000ac0   0x08000ac0   0x0000000e   Code   RO         6818    .text               c_w.l(sys_wrch.o)
    0x08000ace   0x08000ace   0x00000002   PAD
    0x08000ad0   0x08000ad0   0x00000030   Code   RO         6827    .text               c_w.l(defsig_abrt_inner.o)
    0x08000b00   0x08000b00   0x00000002   Code   RO          848    i.BusFault_Handler  stm32f4xx_it.o
    0x08000b02   0x08000b02   0x0000004e   Code   RO         5410    i.DeInitStateMachine  usbh_core.o
    0x08000b50   0x08000b50   0x00000002   Code   RO          849    i.DebugMon_Handler  stm32f4xx_it.o
    0x08000b52   0x08000b52   0x00000002   Code   RO           13    i.Error_Handler     main.o
    0x08000b54   0x08000b54   0x00000006   Code   RO         5336    i.FATFS_LinkDriver  ff_gen_drv.o
    0x08000b5a   0x08000b5a   0x00000002   PAD
    0x08000b5c   0x08000b5c   0x00000040   Code   RO         5337    i.FATFS_LinkDriverEx  ff_gen_drv.o
    0x08000b9c   0x08000b9c   0x00000024   Code   RO         2498    i.HAL_Delay         stm32f4xx_hal.o
    0x08000bc0   0x08000bc0   0x000001a4   Code   RO         1948    i.HAL_GPIO_Init     stm32f4xx_hal_gpio.o
    0x08000d64   0x08000d64   0x0000000e   Code   RO         1950    i.HAL_GPIO_ReadPin  stm32f4xx_hal_gpio.o
    0x08000d72   0x08000d72   0x0000000e   Code   RO         1952    i.HAL_GPIO_WritePin  stm32f4xx_hal_gpio.o
    0x08000d80   0x08000d80   0x0000000c   Code   RO         2504    i.HAL_GetTick       stm32f4xx_hal.o
    0x08000d8c   0x08000d8c   0x00000008   Code   RO          643    i.HAL_HCD_Connect_Callback  usbh_conf.o
    0x08000d94   0x08000d94   0x00000008   Code   RO          644    i.HAL_HCD_Disconnect_Callback  usbh_conf.o
    0x08000d9c   0x08000d9c   0x00000006   Code   RO         1017    i.HAL_HCD_GetCurrentFrame  stm32f4xx_hal_hcd.o
    0x08000da2   0x08000da2   0x00000006   Code   RO         1018    i.HAL_HCD_GetCurrentSpeed  stm32f4xx_hal_hcd.o
    0x08000da8   0x08000da8   0x0000000e   Code   RO         1021    i.HAL_HCD_HC_GetURBState  stm32f4xx_hal_hcd.o
    0x08000db6   0x08000db6   0x0000000c   Code   RO         1022    i.HAL_HCD_HC_GetXferCount  stm32f4xx_hal_hcd.o
    0x08000dc2   0x08000dc2   0x00000024   Code   RO         1023    i.HAL_HCD_HC_Halt   stm32f4xx_hal_hcd.o
    0x08000de6   0x08000de6   0x00000068   Code   RO         1024    i.HAL_HCD_HC_Init   stm32f4xx_hal_hcd.o
    0x08000e4e   0x08000e4e   0x00000002   Code   RO          645    i.HAL_HCD_HC_NotifyURBChange_Callback  usbh_conf.o
    0x08000e50   0x08000e50   0x000000de   Code   RO         1026    i.HAL_HCD_HC_SubmitRequest  stm32f4xx_hal_hcd.o
    0x08000f2e   0x08000f2e   0x00000132   Code   RO         1027    i.HAL_HCD_IRQHandler  stm32f4xx_hal_hcd.o
    0x08001060   0x08001060   0x00000074   Code   RO         1028    i.HAL_HCD_Init      stm32f4xx_hal_hcd.o
    0x080010d4   0x080010d4   0x00000094   Code   RO          647    i.HAL_HCD_MspInit   usbh_conf.o
    0x08001168   0x08001168   0x00000008   Code   RO          648    i.HAL_HCD_PortDisabled_Callback  usbh_conf.o
    0x08001170   0x08001170   0x00000008   Code   RO          649    i.HAL_HCD_PortEnabled_Callback  usbh_conf.o
    0x08001178   0x08001178   0x00000006   Code   RO         1033    i.HAL_HCD_ResetPort  stm32f4xx_hal_hcd.o
    0x0800117e   0x0800117e   0x00000008   Code   RO          650    i.HAL_HCD_SOF_Callback  usbh_conf.o
    0x08001186   0x08001186   0x0000002c   Code   RO         1035    i.HAL_HCD_Start     stm32f4xx_hal_hcd.o
    0x080011b2   0x080011b2   0x00000024   Code   RO         1036    i.HAL_HCD_Stop      stm32f4xx_hal_hcd.o
    0x080011d6   0x080011d6   0x00000002   PAD
    0x080011d8   0x080011d8   0x00000198   Code   RO         2760    i.HAL_I2C_Init      stm32f4xx_hal_i2c.o
    0x08001370   0x08001370   0x00000148   Code   RO         2773    i.HAL_I2C_Master_Transmit  stm32f4xx_hal_i2c.o
    0x080014b8   0x080014b8   0x0000006c   Code   RO          943    i.HAL_I2C_MspInit   stm32f4xx_hal_msp.o
    0x08001524   0x08001524   0x00000010   Code   RO         2510    i.HAL_IncTick       stm32f4xx_hal.o
    0x08001534   0x08001534   0x00000034   Code   RO         2511    i.HAL_Init          stm32f4xx_hal.o
    0x08001568   0x08001568   0x00000044   Code   RO         2512    i.HAL_InitTick      stm32f4xx_hal.o
    0x080015ac   0x080015ac   0x00000030   Code   RO          944    i.HAL_MspInit       stm32f4xx_hal_msp.o
    0x080015dc   0x080015dc   0x0000001a   Code   RO         2361    i.HAL_NVIC_EnableIRQ  stm32f4xx_hal_cortex.o
    0x080015f6   0x080015f6   0x00000002   PAD
    0x080015f8   0x080015f8   0x00000040   Code   RO         2367    i.HAL_NVIC_SetPriority  stm32f4xx_hal_cortex.o
    0x08001638   0x08001638   0x00000024   Code   RO         2368    i.HAL_NVIC_SetPriorityGrouping  stm32f4xx_hal_cortex.o
    0x0800165c   0x0800165c   0x00000354   Code   RO         1602    i.HAL_RCCEx_PeriphCLKConfig  stm32f4xx_hal_rcc_ex.o
    0x080019b0   0x080019b0   0x0000014c   Code   RO         1497    i.HAL_RCC_ClockConfig  stm32f4xx_hal_rcc.o
    0x08001afc   0x08001afc   0x0000000c   Code   RO         1502    i.HAL_RCC_GetHCLKFreq  stm32f4xx_hal_rcc.o
    0x08001b08   0x08001b08   0x00000020   Code   RO         1504    i.HAL_RCC_GetPCLK1Freq  stm32f4xx_hal_rcc.o
    0x08001b28   0x08001b28   0x00000020   Code   RO         1505    i.HAL_RCC_GetPCLK2Freq  stm32f4xx_hal_rcc.o
    0x08001b48   0x08001b48   0x00000068   Code   RO         1506    i.HAL_RCC_GetSysClockFreq  stm32f4xx_hal_rcc.o
    0x08001bb0   0x08001bb0   0x0000038c   Code   RO         1606    i.HAL_RCC_OscConfig  stm32f4xx_hal_rcc_ex.o
    0x08001f3c   0x08001f3c   0x00000002   Code   RO         3384    i.HAL_RTCEx_AlarmBEventCallback  stm32f4xx_hal_rtc_ex.o
    0x08001f3e   0x08001f3e   0x00000002   Code   RO           14    i.HAL_RTC_AlarmAEventCallback  main.o
    0x08001f40   0x08001f40   0x0000005c   Code   RO         3247    i.HAL_RTC_AlarmIRQHandler  stm32f4xx_hal_rtc.o
    0x08001f9c   0x08001f9c   0x00000044   Code   RO         3251    i.HAL_RTC_GetDate   stm32f4xx_hal_rtc.o
    0x08001fe0   0x08001fe0   0x00000058   Code   RO         3253    i.HAL_RTC_GetTime   stm32f4xx_hal_rtc.o
    0x08002038   0x08002038   0x000000b8   Code   RO         3254    i.HAL_RTC_Init      stm32f4xx_hal_rtc.o
    0x080020f0   0x080020f0   0x00000030   Code   RO          946    i.HAL_RTC_MspInit   stm32f4xx_hal_msp.o
    0x08002120   0x08002120   0x00000194   Code   RO         3259    i.HAL_RTC_SetAlarm_IT  stm32f4xx_hal_rtc.o
    0x080022b4   0x080022b4   0x000000d8   Code   RO         3260    i.HAL_RTC_SetDate   stm32f4xx_hal_rtc.o
    0x0800238c   0x0800238c   0x000000f8   Code   RO         3261    i.HAL_RTC_SetTime   stm32f4xx_hal_rtc.o
    0x08002484   0x08002484   0x00000034   Code   RO         3262    i.HAL_RTC_WaitForSynchro  stm32f4xx_hal_rtc.o
    0x080024b8   0x080024b8   0x00000028   Code   RO         2372    i.HAL_SYSTICK_Config  stm32f4xx_hal_cortex.o
    0x080024e0   0x080024e0   0x00000002   Code   RO         4300    i.HAL_TIMEx_BreakCallback  stm32f4xx_hal_tim_ex.o
    0x080024e2   0x080024e2   0x00000002   Code   RO         4301    i.HAL_TIMEx_CommutCallback  stm32f4xx_hal_tim_ex.o
    0x080024e4   0x080024e4   0x00000090   Code   RO         4318    i.HAL_TIMEx_MasterConfigSynchronization  stm32f4xx_hal_tim_ex.o
    0x08002574   0x08002574   0x00000038   Code   RO         3614    i.HAL_TIM_Base_Init  stm32f4xx_hal_tim.o
    0x080025ac   0x080025ac   0x00000058   Code   RO          948    i.HAL_TIM_Base_MspInit  stm32f4xx_hal_msp.o
    0x08002604   0x08002604   0x00000024   Code   RO         3617    i.HAL_TIM_Base_Start  stm32f4xx_hal_tim.o
    0x08002628   0x08002628   0x00000022   Code   RO         3619    i.HAL_TIM_Base_Start_IT  stm32f4xx_hal_tim.o
    0x0800264a   0x0800264a   0x000000e2   Code   RO         3623    i.HAL_TIM_ConfigClockSource  stm32f4xx_hal_tim.o
    0x0800272c   0x0800272c   0x00000002   Code   RO         3643    i.HAL_TIM_IC_CaptureCallback  stm32f4xx_hal_tim.o
    0x0800272e   0x0800272e   0x0000016e   Code   RO         3657    i.HAL_TIM_IRQHandler  stm32f4xx_hal_tim.o
    0x0800289c   0x0800289c   0x00000002   Code   RO         3660    i.HAL_TIM_OC_DelayElapsedCallback  stm32f4xx_hal_tim.o
    0x0800289e   0x0800289e   0x00000002   Code   RO         3687    i.HAL_TIM_PWM_PulseFinishedCallback  stm32f4xx_hal_tim.o
    0x080028a0   0x080028a0   0x00000080   Code   RO           15    i.HAL_TIM_PeriodElapsedCallback  main.o
    0x08002920   0x08002920   0x00000002   Code   RO         3700    i.HAL_TIM_TriggerCallback  stm32f4xx_hal_tim.o
    0x08002922   0x08002922   0x00000064   Code   RO         4576    i.HAL_UART_Init     stm32f4xx_hal_uart.o
    0x08002986   0x08002986   0x00000002   PAD
    0x08002988   0x08002988   0x0000006c   Code   RO          950    i.HAL_UART_MspInit  stm32f4xx_hal_msp.o
    0x080029f4   0x080029f4   0x000000d2   Code   RO         4584    i.HAL_UART_Transmit  stm32f4xx_hal_uart.o
    0x08002ac6   0x08002ac6   0x000002ae   Code   RO         1037    i.HCD_HC_IN_IRQHandler  stm32f4xx_hal_hcd.o
    0x08002d74   0x08002d74   0x00000242   Code   RO         1038    i.HCD_HC_OUT_IRQHandler  stm32f4xx_hal_hcd.o
    0x08002fb6   0x08002fb6   0x000000a0   Code   RO         1039    i.HCD_Port_IRQHandler  stm32f4xx_hal_hcd.o
    0x08003056   0x08003056   0x00000002   PAD
    0x08003058   0x08003058   0x00000070   Code   RO         1040    i.HCD_RXQLVL_IRQHandler  stm32f4xx_hal_hcd.o
    0x080030c8   0x080030c8   0x00000002   Code   RO          850    i.HardFault_Handler  stm32f4xx_it.o
    0x080030ca   0x080030ca   0x0000002e   Code   RO         2803    i.I2C_IsAcknowledgeFailed  stm32f4xx_hal_i2c.o
    0x080030f8   0x080030f8   0x000000b0   Code   RO         2807    i.I2C_MasterRequestWrite  stm32f4xx_hal_i2c.o
    0x080031a8   0x080031a8   0x0000004e   Code   RO         2823    i.I2C_WaitOnBTFFlagUntilTimeout  stm32f4xx_hal_i2c.o
    0x080031f6   0x080031f6   0x0000007a   Code   RO         2824    i.I2C_WaitOnFlagUntilTimeout  stm32f4xx_hal_i2c.o
    0x08003270   0x08003270   0x000000a8   Code   RO         2825    i.I2C_WaitOnMasterAddressFlagUntilTimeout  stm32f4xx_hal_i2c.o
    0x08003318   0x08003318   0x0000004e   Code   RO         2828    i.I2C_WaitOnTXEFlagUntilTimeout  stm32f4xx_hal_i2c.o
    0x08003366   0x08003366   0x00000002   PAD
    0x08003368   0x08003368   0x0000001c   Code   RO          540    i.MX_FATFS_Init     fatfs.o
    0x08003384   0x08003384   0x00000040   Code   RO          582    i.MX_USB_HOST_Init  usb_host.o
    0x080033c4   0x080033c4   0x0000000c   Code   RO          583    i.MX_USB_HOST_Process  usb_host.o
    0x080033d0   0x080033d0   0x00000002   Code   RO          851    i.MemManage_Handler  stm32f4xx_it.o
    0x080033d2   0x080033d2   0x00000002   Code   RO          852    i.NMI_Handler       stm32f4xx_it.o
    0x080033d4   0x080033d4   0x0000000c   Code   RO          853    i.OTG_FS_IRQHandler  stm32f4xx_it.o
    0x080033e0   0x080033e0   0x00000002   Code   RO          854    i.PendSV_Handler    stm32f4xx_it.o
    0x080033e2   0x080033e2   0x00000002   PAD
    0x080033e4   0x080033e4   0x0000000c   Code   RO          855    i.RTC_Alarm_IRQHandler  stm32f4xx_it.o
    0x080033f0   0x080033f0   0x00000012   Code   RO         3263    i.RTC_Bcd2ToByte    stm32f4xx_hal_rtc.o
    0x08003402   0x08003402   0x00000016   Code   RO         3264    i.RTC_ByteToBcd2    stm32f4xx_hal_rtc.o
    0x08003418   0x08003418   0x00000038   Code   RO         3265    i.RTC_EnterInitMode  stm32f4xx_hal_rtc.o
    0x08003450   0x08003450   0x00000002   Code   RO          856    i.SVC_Handler       stm32f4xx_it.o
    0x08003452   0x08003452   0x00000004   Code   RO          857    i.SysTick_Handler   stm32f4xx_it.o
    0x08003456   0x08003456   0x00000002   PAD
    0x08003458   0x08003458   0x0000001c   Code   RO         4883    i.SystemInit        system_stm32f4xx.o
    0x08003474   0x08003474   0x0000000c   Code   RO          858    i.TIM1_UP_TIM10_IRQHandler  stm32f4xx_it.o
    0x08003480   0x08003480   0x000000cc   Code   RO         3702    i.TIM_Base_SetConfig  stm32f4xx_hal_tim.o
    0x0800354c   0x0800354c   0x00000014   Code   RO         3713    i.TIM_ETR_SetConfig  stm32f4xx_hal_tim.o
    0x08003560   0x08003560   0x00000010   Code   RO         3714    i.TIM_ITRx_SetConfig  stm32f4xx_hal_tim.o
    0x08003570   0x08003570   0x00000022   Code   RO         3720    i.TIM_TI1_ConfigInputStage  stm32f4xx_hal_tim.o
    0x08003592   0x08003592   0x00000024   Code   RO         3722    i.TIM_TI2_ConfigInputStage  stm32f4xx_hal_tim.o
    0x080035b6   0x080035b6   0x00000002   PAD
    0x080035b8   0x080035b8   0x000001fc   Code   RO         4603    i.UART_SetConfig    stm32f4xx_hal_uart.o
    0x080037b4   0x080037b4   0x00000064   Code   RO         4605    i.UART_WaitOnFlagUntilTimeout  stm32f4xx_hal_uart.o
    0x08003818   0x08003818   0x00000028   Code   RO         5737    i.USBH_AllocPipe    usbh_pipes.o
    0x08003840   0x08003840   0x00000020   Code   RO         5665    i.USBH_BulkReceiveData  usbh_ioreq.o
    0x08003860   0x08003860   0x0000002c   Code   RO         5666    i.USBH_BulkSendData  usbh_ioreq.o
    0x0800388c   0x0800388c   0x0000000a   Code   RO         5738    i.USBH_ClosePipe    usbh_pipes.o
    0x08003896   0x08003896   0x0000001e   Code   RO         5551    i.USBH_ClrFeature   usbh_ctlreq.o
    0x080038b4   0x080038b4   0x00000020   Code   RO         5667    i.USBH_CtlReceiveData  usbh_ioreq.o
    0x080038d4   0x080038d4   0x0000003a   Code   RO         5552    i.USBH_CtlReq       usbh_ctlreq.o
    0x0800390e   0x0800390e   0x0000002c   Code   RO         5668    i.USBH_CtlSendData  usbh_ioreq.o
    0x0800393a   0x0800393a   0x0000001e   Code   RO         5669    i.USBH_CtlSendSetup  usbh_ioreq.o
    0x08003958   0x08003958   0x00000004   Code   RO          651    i.USBH_Delay        usbh_conf.o
    0x0800395c   0x0800395c   0x00000044   Code   RO         5412    i.USBH_FindInterface  usbh_core.o
    0x080039a0   0x080039a0   0x00000018   Code   RO         5739    i.USBH_FreePipe     usbh_pipes.o
    0x080039b8   0x080039b8   0x00000038   Code   RO         5553    i.USBH_GetDescriptor  usbh_ctlreq.o
    0x080039f0   0x080039f0   0x0000001e   Code   RO         5740    i.USBH_GetFreePipe  usbh_pipes.o
    0x08003a0e   0x08003a0e   0x0000000e   Code   RO         5554    i.USBH_GetNextDesc  usbh_ctlreq.o
    0x08003a1c   0x08003a1c   0x0000002e   Code   RO         5555    i.USBH_Get_CfgDesc  usbh_ctlreq.o
    0x08003a4a   0x08003a4a   0x0000002e   Code   RO         5556    i.USBH_Get_DevDesc  usbh_ctlreq.o
    0x08003a78   0x08003a78   0x0000002a   Code   RO         5557    i.USBH_Get_StringDesc  usbh_ctlreq.o
    0x08003aa2   0x08003aa2   0x00000024   Code   RO          652    i.USBH_Get_USB_Status  usbh_conf.o
    0x08003ac6   0x08003ac6   0x000001c2   Code   RO         5558    i.USBH_HandleControl  usbh_ctlreq.o
    0x08003c88   0x08003c88   0x00000226   Code   RO         5415    i.USBH_HandleEnum   usbh_core.o
    0x08003eae   0x08003eae   0x00000014   Code   RO         5416    i.USBH_HandleSof    usbh_core.o
    0x08003ec2   0x08003ec2   0x00000042   Code   RO         5417    i.USBH_Init         usbh_core.o
    0x08003f04   0x08003f04   0x00000012   Code   RO          653    i.USBH_LL_ClosePipe  usbh_conf.o
    0x08003f16   0x08003f16   0x00000012   Code   RO         5419    i.USBH_LL_Connect   usbh_core.o
    0x08003f28   0x08003f28   0x0000002e   Code   RO         5420    i.USBH_LL_Disconnect  usbh_core.o
    0x08003f56   0x08003f56   0x00000002   PAD
    0x08003f58   0x08003f58   0x00000024   Code   RO          655    i.USBH_LL_DriverVBUS  usbh_conf.o
    0x08003f7c   0x08003f7c   0x00000008   Code   RO          656    i.USBH_LL_GetLastXferSize  usbh_conf.o
    0x08003f84   0x08003f84   0x00000022   Code   RO          657    i.USBH_LL_GetSpeed  usbh_conf.o
    0x08003fa6   0x08003fa6   0x00000020   Code   RO          658    i.USBH_LL_GetToggle  usbh_conf.o
    0x08003fc6   0x08003fc6   0x00000008   Code   RO          659    i.USBH_LL_GetURBState  usbh_conf.o
    0x08003fce   0x08003fce   0x0000000e   Code   RO         5421    i.USBH_LL_IncTimer  usbh_core.o
    0x08003fdc   0x08003fdc   0x00000050   Code   RO          660    i.USBH_LL_Init      usbh_conf.o
    0x0800402c   0x0800402c   0x0000001e   Code   RO          661    i.USBH_LL_OpenPipe  usbh_conf.o
    0x0800404a   0x0800404a   0x00000008   Code   RO         5422    i.USBH_LL_PortDisabled  usbh_core.o
    0x08004052   0x08004052   0x00000008   Code   RO         5423    i.USBH_LL_PortEnabled  usbh_core.o
    0x0800405a   0x0800405a   0x00000012   Code   RO          662    i.USBH_LL_ResetPort  usbh_conf.o
    0x0800406c   0x0800406c   0x00000006   Code   RO         5424    i.USBH_LL_SetTimer  usbh_core.o
    0x08004072   0x08004072   0x00000022   Code   RO          663    i.USBH_LL_SetToggle  usbh_conf.o
    0x08004094   0x08004094   0x00000012   Code   RO          664    i.USBH_LL_Start     usbh_conf.o
    0x080040a6   0x080040a6   0x00000012   Code   RO          665    i.USBH_LL_Stop      usbh_conf.o
    0x080040b8   0x080040b8   0x00000026   Code   RO          666    i.USBH_LL_SubmitURB  usbh_conf.o
    0x080040de   0x080040de   0x00000024   Code   RO         5875    i.USBH_MSC_BOT_Abort  usbh_msc_bot.o
    0x08004102   0x08004102   0x00000002   PAD
    0x08004104   0x08004104   0x00000024   Code   RO         5876    i.USBH_MSC_BOT_Init  usbh_msc_bot.o
    0x08004128   0x08004128   0x00000226   Code   RO         5877    i.USBH_MSC_BOT_Process  usbh_msc_bot.o
    0x0800434e   0x0800434e   0x00000016   Code   RO         5878    i.USBH_MSC_BOT_REQ_GetMaxLUN  usbh_msc_bot.o
    0x08004364   0x08004364   0x00000018   Code   RO         5879    i.USBH_MSC_BOT_REQ_Reset  usbh_msc_bot.o
    0x0800437c   0x0800437c   0x00000078   Code   RO         5784    i.USBH_MSC_ClassRequest  usbh_msc.o
    0x080043f4   0x080043f4   0x0000004c   Code   RO         5880    i.USBH_MSC_DecodeCSW  usbh_msc_bot.o
    0x08004440   0x08004440   0x0000002e   Code   RO         5785    i.USBH_MSC_GetLUNInfo  usbh_msc.o
    0x0800446e   0x0800446e   0x0000004c   Code   RO         5787    i.USBH_MSC_InterfaceDeInit  usbh_msc.o
    0x080044ba   0x080044ba   0x00000100   Code   RO         5788    i.USBH_MSC_InterfaceInit  usbh_msc.o
    0x080045ba   0x080045ba   0x0000032c   Code   RO         5790    i.USBH_MSC_Process  usbh_msc.o
    0x080048e6   0x080048e6   0x000000b6   Code   RO         5791    i.USBH_MSC_RdWrProcess  usbh_msc.o
    0x0800499c   0x0800499c   0x0000008c   Code   RO         5792    i.USBH_MSC_Read     usbh_msc.o
    0x08004a28   0x08004a28   0x000000c8   Code   RO         5927    i.USBH_MSC_SCSI_Inquiry  usbh_msc_scsi.o
    0x08004af0   0x08004af0   0x0000007e   Code   RO         5928    i.USBH_MSC_SCSI_Read  usbh_msc_scsi.o
    0x08004b6e   0x08004b6e   0x00000086   Code   RO         5929    i.USBH_MSC_SCSI_ReadCapacity  usbh_msc_scsi.o
    0x08004bf4   0x08004bf4   0x00000086   Code   RO         5930    i.USBH_MSC_SCSI_RequestSense  usbh_msc_scsi.o
    0x08004c7a   0x08004c7a   0x0000004a   Code   RO         5931    i.USBH_MSC_SCSI_TestUnitReady  usbh_msc_scsi.o
    0x08004cc4   0x08004cc4   0x0000007e   Code   RO         5932    i.USBH_MSC_SCSI_Write  usbh_msc_scsi.o
    0x08004d42   0x08004d42   0x00000004   Code   RO         5793    i.USBH_MSC_SOFProcess  usbh_msc.o
    0x08004d46   0x08004d46   0x00000026   Code   RO         5794    i.USBH_MSC_UnitIsReady  usbh_msc.o
    0x08004d6c   0x08004d6c   0x0000008c   Code   RO         5795    i.USBH_MSC_Write    usbh_msc.o
    0x08004df8   0x08004df8   0x00000016   Code   RO         5741    i.USBH_OpenPipe     usbh_pipes.o
    0x08004e0e   0x08004e0e   0x000000b0   Code   RO         5559    i.USBH_ParseCfgDesc  usbh_ctlreq.o
    0x08004ebe   0x08004ebe   0x00000058   Code   RO         5560    i.USBH_ParseDevDesc  usbh_ctlreq.o
    0x08004f16   0x08004f16   0x00000020   Code   RO         5561    i.USBH_ParseEPDesc  usbh_ctlreq.o
    0x08004f36   0x08004f36   0x00000026   Code   RO         5562    i.USBH_ParseInterfaceDesc  usbh_ctlreq.o
    0x08004f5c   0x08004f5c   0x0000002e   Code   RO         5563    i.USBH_ParseStringDesc  usbh_ctlreq.o
    0x08004f8a   0x08004f8a   0x00000242   Code   RO         5425    i.USBH_Process      usbh_core.o
    0x080051cc   0x080051cc   0x00000022   Code   RO         5427    i.USBH_RegisterClass  usbh_core.o
    0x080051ee   0x080051ee   0x00000016   Code   RO         5428    i.USBH_SelectInterface  usbh_core.o
    0x08005204   0x08005204   0x0000001c   Code   RO         5564    i.USBH_SetAddress   usbh_ctlreq.o
    0x08005220   0x08005220   0x0000001c   Code   RO         5565    i.USBH_SetCfg       usbh_ctlreq.o
    0x0800523c   0x0800523c   0x0000001c   Code   RO         5566    i.USBH_SetFeature   usbh_ctlreq.o
    0x08005258   0x08005258   0x00000016   Code   RO         5429    i.USBH_Start        usbh_core.o
    0x0800526e   0x0800526e   0x00000002   PAD
    0x08005270   0x08005270   0x00000028   Code   RO          584    i.USBH_UserProcess  usb_host.o
    0x08005298   0x08005298   0x00000004   Code   RO          316    i.USBH_initialize   usbh_diskio.o
    0x0800529c   0x0800529c   0x00000070   Code   RO          317    i.USBH_ioctl        usbh_diskio.o
    0x0800530c   0x0800530c   0x00000044   Code   RO          318    i.USBH_read         usbh_diskio.o
    0x08005350   0x08005350   0x00000018   Code   RO          319    i.USBH_status       usbh_diskio.o
    0x08005368   0x08005368   0x0000004c   Code   RO          320    i.USBH_write        usbh_diskio.o
    0x080053b4   0x080053b4   0x00000080   Code   RO         1195    i.USB_CoreInit      stm32f4xx_ll_usb.o
    0x08005434   0x08005434   0x00000038   Code   RO         1196    i.USB_CoreReset     stm32f4xx_ll_usb.o
    0x0800546c   0x0800546c   0x0000000c   Code   RO         1203    i.USB_DisableGlobalInt  stm32f4xx_ll_usb.o
    0x08005478   0x08005478   0x00000020   Code   RO         1204    i.USB_DoPing        stm32f4xx_ll_usb.o
    0x08005498   0x08005498   0x0000003a   Code   RO         1205    i.USB_DriveVbus     stm32f4xx_ll_usb.o
    0x080054d2   0x080054d2   0x0000000c   Code   RO         1211    i.USB_EnableGlobalInt  stm32f4xx_ll_usb.o
    0x080054de   0x080054de   0x00000002   PAD
    0x080054e0   0x080054e0   0x00000020   Code   RO         1212    i.USB_FlushRxFifo   stm32f4xx_ll_usb.o
    0x08005500   0x08005500   0x00000024   Code   RO         1213    i.USB_FlushTxFifo   stm32f4xx_ll_usb.o
    0x08005524   0x08005524   0x00000008   Code   RO         1214    i.USB_GetCurrentFrame  stm32f4xx_ll_usb.o
    0x0800552c   0x0800552c   0x00000010   Code   RO         1216    i.USB_GetHostSpeed  stm32f4xx_ll_usb.o
    0x0800553c   0x0800553c   0x00000008   Code   RO         1217    i.USB_GetMode       stm32f4xx_ll_usb.o
    0x08005544   0x08005544   0x000000c4   Code   RO         1218    i.USB_HC_Halt       stm32f4xx_ll_usb.o
    0x08005608   0x08005608   0x00000110   Code   RO         1219    i.USB_HC_Init       stm32f4xx_ll_usb.o
    0x08005718   0x08005718   0x00000008   Code   RO         1220    i.USB_HC_ReadInterrupt  stm32f4xx_ll_usb.o
    0x08005720   0x08005720   0x0000014c   Code   RO         1221    i.USB_HC_StartXfer  stm32f4xx_ll_usb.o
    0x0800586c   0x0800586c   0x000000e0   Code   RO         1222    i.USB_HostInit      stm32f4xx_ll_usb.o
    0x0800594c   0x0800594c   0x0000003a   Code   RO         1223    i.USB_InitFSLSPClkSel  stm32f4xx_ll_usb.o
    0x08005986   0x08005986   0x00000008   Code   RO         1228    i.USB_ReadInterrupts  stm32f4xx_ll_usb.o
    0x0800598e   0x0800598e   0x0000001e   Code   RO         1229    i.USB_ReadPacket    stm32f4xx_ll_usb.o
    0x080059ac   0x080059ac   0x00000034   Code   RO         1230    i.USB_ResetPort     stm32f4xx_ll_usb.o
    0x080059e0   0x080059e0   0x00000030   Code   RO         1231    i.USB_SetCurrentMode  stm32f4xx_ll_usb.o
    0x08005a10   0x08005a10   0x00000080   Code   RO         1236    i.USB_StopHost      stm32f4xx_ll_usb.o
    0x08005a90   0x08005a90   0x00000026   Code   RO         1237    i.USB_WritePacket   stm32f4xx_ll_usb.o
    0x08005ab6   0x08005ab6   0x00000002   Code   RO          859    i.UsageFault_Handler  stm32f4xx_it.o
    0x08005ab8   0x08005ab8   0x00000028   Code   RO           16    i._Z10GetRTCDatePh  main.o
    0x08005ae0   0x08005ae0   0x00000024   Code   RO           17    i._Z10GetRTCTimePh  main.o
    0x08005b04   0x08005b04   0x000000c8   Code   RO           18    i._Z11MX_RTC_Initv  main.o
    0x08005bcc   0x08005bcc   0x00000134   Code   RO           19    i._Z12MX_GPIO_Initv  main.o
    0x08005d00   0x08005d00   0x00000040   Code   RO           20    i._Z12MX_I2C1_Initv  main.o
    0x08005d40   0x08005d40   0x00000068   Code   RO         5981    i._Z12MX_TIM3_Initv  tim_delay.o
    0x08005da8   0x08005da8   0x00000002   Code   RO         5982    i._Z13Error_Handlerv  tim_delay.o
    0x08005daa   0x08005daa   0x0000008a   Code   RO         6125    i._Z13FloatToStringPcf  floattostring.o
    0x08005e34   0x08005e34   0x00000038   Code   RO           21    i._Z13MX_TIM10_Initv  main.o
    0x08005e6c   0x08005e6c   0x000000bc   Code   RO           22    i._Z18SystemClock_Configv  main.o
    0x08005f28   0x08005f28   0x00000038   Code   RO           23    i._Z19MX_USART3_UART_Initv  main.o
    0x08005f60   0x08005f60   0x00000018   Code   RO         5983    i._Z5delayt         tim_delay.o
    0x08005f78   0x08005f78   0x0000000c   Code   RO         5984    i._Z9TIM_Startv     tim_delay.o
    0x08005f84   0x08005f84   0x00000020   Code   RO         6255    i._ZN17ComponentsManager11getInstanceEv  componentsmanager.o
    0x08005fa4   0x08005fa4   0x00000004   Code   RO         6256    i._ZN17ComponentsManager15GetDHT22MeasureER18dht22MeasureObject  componentsmanager.o
    0x08005fa8   0x08005fa8   0x00000020   Code   RO         6258    i._ZN17ComponentsManagerC1Ev  componentsmanager.o
    0x08005fc8   0x08005fc8   0x00000042   Code   RO         6032    i._ZN5DHT2214Check_ResponseEv  dht22.o
    0x0800600a   0x0800600a   0x00000002   PAD
    0x0800600c   0x0800600c   0x0000005c   Code   RO         6033    i._ZN5DHT2214GetMeasurementER18dht22MeasureObject  dht22.o
    0x08006068   0x08006068   0x00000058   Code   RO         6034    i._ZN5DHT224ReadEv  dht22.o
    0x080060c0   0x080060c0   0x0000003a   Code   RO         6035    i._ZN5DHT225StartEv  dht22.o
    0x080060fa   0x080060fa   0x00000002   PAD
    0x080060fc   0x080060fc   0x00000078   Code   RO         6036    i._ZN5DHT225parseEPhPfS1_  dht22.o
    0x08006174   0x08006174   0x00000010   Code   RO         6037    i._ZN5DHT22C1EtP12GPIO_TypeDef  dht22.o
    0x08006184   0x08006184   0x00000010   Code   RO         6195    i._ZN7DS18B20C1EtP12GPIO_TypeDef  ds18b20.o
    0x08006194   0x08006194   0x00000018   Code   RO         6141    i._ZN7HD4478011send_stringEPc  i2c_lcd.o
    0x080061ac   0x080061ac   0x00000040   Code   RO         6143    i._ZN7HD447808send_cmdEc  i2c_lcd.o
    0x080061ec   0x080061ec   0x00000040   Code   RO         6144    i._ZN7HD447809send_dataEc  i2c_lcd.o
    0x0800622c   0x0800622c   0x0000008c   Code   RO         6145    i._ZN7HD44780C1Ev   i2c_lcd.o
    0x080062b8   0x080062b8   0x00000024   Code   RO         6098    i._ZN7ISensor13Set_Pin_InputEP12GPIO_TypeDeft  isensor.o
    0x080062dc   0x080062dc   0x00000026   Code   RO         6099    i._ZN7ISensor14Set_Pin_OutputEP12GPIO_TypeDeft  isensor.o
    0x08006302   0x08006302   0x00000002   PAD
    0x08006304   0x08006304   0x00000028   Code   RO         6409    i._Znwj             cpprt_w.l(new.o)
    0x0800632c   0x0800632c   0x00000020   Code   RO         2374    i.__NVIC_SetPriority  stm32f4xx_hal_cortex.o
    0x0800634c   0x0800634c   0x00000074   Code   RO         4975    i.check_fs          ff.o
    0x080063c0   0x080063c0   0x00000010   Code   RO         4976    i.chk_chr           ff.o
    0x080063d0   0x080063d0   0x00000060   Code   RO         4977    i.chk_lock          ff.o
    0x08006430   0x08006430   0x00000020   Code   RO         4978    i.clear_lock        ff.o
    0x08006450   0x08006450   0x00000026   Code   RO         4979    i.clmt_clust        ff.o
    0x08006476   0x08006476   0x00000018   Code   RO         4980    i.clust2sect        ff.o
    0x0800648e   0x0800648e   0x000000b0   Code   RO         4981    i.create_chain      ff.o
    0x0800653e   0x0800653e   0x00000002   PAD
    0x08006540   0x08006540   0x000000d0   Code   RO         4982    i.create_name       ff.o
    0x08006610   0x08006610   0x00000030   Code   RO         4983    i.dec_lock          ff.o
    0x08006640   0x08006640   0x0000004a   Code   RO         4984    i.dir_alloc         ff.o
    0x0800668a   0x0800668a   0x00000054   Code   RO         4985    i.dir_find          ff.o
    0x080066de   0x080066de   0x0000010a   Code   RO         4986    i.dir_next          ff.o
    0x080067e8   0x080067e8   0x0000003c   Code   RO         4988    i.dir_register      ff.o
    0x08006824   0x08006824   0x00000094   Code   RO         4990    i.dir_sdi           ff.o
    0x080068b8   0x080068b8   0x0000002c   Code   RO         4920    i.disk_initialize   diskio.o
    0x080068e4   0x080068e4   0x0000001c   Code   RO         4921    i.disk_ioctl        diskio.o
    0x08006900   0x08006900   0x0000001c   Code   RO         4922    i.disk_read         diskio.o
    0x0800691c   0x0800691c   0x00000018   Code   RO         4923    i.disk_status       diskio.o
    0x08006934   0x08006934   0x0000001c   Code   RO         4924    i.disk_write        diskio.o
    0x08006950   0x08006950   0x00000028   Code   RO         4991    i.enq_lock          ff.o
    0x08006978   0x08006978   0x0000002a   Code   RO         4992    i.f_close           ff.o
    0x080069a2   0x080069a2   0x00000002   PAD
    0x080069a4   0x080069a4   0x00000060   Code   RO         4999    i.f_mount           ff.o
    0x08006a04   0x08006a04   0x000001f2   Code   RO         5000    i.f_open            ff.o
    0x08006bf6   0x08006bf6   0x00000026   Code   RO         5004    i.f_puts            ff.o
    0x08006c1c   0x08006c1c   0x0000003c   Code   RO         5008    i.f_stat            ff.o
    0x08006c58   0x08006c58   0x00000090   Code   RO         5009    i.f_sync            ff.o
    0x08006ce8   0x08006ce8   0x000001b0   Code   RO         5012    i.f_write           ff.o
    0x08006e98   0x08006e98   0x0000027c   Code   RO         5013    i.find_volume       ff.o
    0x08007114   0x08007114   0x00000078   Code   RO         5014    i.follow_path       ff.o
    0x0800718c   0x0800718c   0x000000c4   Code   RO         5015    i.get_fat           ff.o
    0x08007250   0x08007250   0x00000004   Code   RO          541    i.get_fattime       fatfs.o
    0x08007254   0x08007254   0x0000006a   Code   RO         5016    i.get_fileinfo      ff.o
    0x080072be   0x080072be   0x00000042   Code   RO         5017    i.get_ldnumber      ff.o
    0x08007300   0x08007300   0x00000088   Code   RO         5018    i.inc_lock          ff.o
    0x08007388   0x08007388   0x00000026   Code   RO         5019    i.ld_clust          ff.o
    0x080073ae   0x080073ae   0x00000016   Code   RO         5020    i.ld_dword          ff.o
    0x080073c4   0x080073c4   0x0000000a   Code   RO         5021    i.ld_word           ff.o
    0x080073ce   0x080073ce   0x00000002   PAD
    0x080073d0   0x080073d0   0x00000068   Code   RO           24    i.main              main.o
    0x08007438   0x08007438   0x00000018   Code   RO         5022    i.mem_cmp           ff.o
    0x08007450   0x08007450   0x00000012   Code   RO         5023    i.mem_cpy           ff.o
    0x08007462   0x08007462   0x0000000c   Code   RO         5024    i.mem_set           ff.o
    0x0800746e   0x0800746e   0x00000034   Code   RO         5025    i.move_window       ff.o
    0x080074a2   0x080074a2   0x000000fa   Code   RO         5026    i.put_fat           ff.o
    0x0800759c   0x0800759c   0x00000048   Code   RO         5027    i.putc_bfd          ff.o
    0x080075e4   0x080075e4   0x0000002a   Code   RO         5028    i.putc_flush        ff.o
    0x0800760e   0x0800760e   0x0000000a   Code   RO         5029    i.putc_init         ff.o
    0x08007618   0x08007618   0x00000078   Code   RO         5030    i.remove_chain      ff.o
    0x08007690   0x08007690   0x00000114   Code   RO          585    i.save_to_usb       usb_host.o
    0x080077a4   0x080077a4   0x00000028   Code   RO         5031    i.st_clust          ff.o
    0x080077cc   0x080077cc   0x00000010   Code   RO         5032    i.st_dword          ff.o
    0x080077dc   0x080077dc   0x00000008   Code   RO         5033    i.st_word           ff.o
    0x080077e4   0x080077e4   0x00000088   Code   RO         5034    i.sync_fs           ff.o
    0x0800786c   0x0800786c   0x00000054   Code   RO         5035    i.sync_window       ff.o
    0x080078c0   0x080078c0   0x00000036   Code   RO         5036    i.validate          ff.o
    0x080078f6   0x080078f6   0x00000002   PAD
    0x080078f8   0x080078f8   0x00000062   Code   RO         6519    x$fpl$d2f           fz_wm.l(d2f.o)
    0x0800795a   0x0800795a   0x00000002   PAD
    0x0800795c   0x0800795c   0x000002b0   Code   RO         6522    x$fpl$ddiv          fz_wm.l(ddiv.o)
    0x08007c0c   0x08007c0c   0x00000026   Code   RO         6525    x$fpl$dfltu         fz_wm.l(dflt_clz.o)
    0x08007c32   0x08007c32   0x0000009c   Code   RO         6654    x$fpl$dnaninf       fz_wm.l(dnaninf.o)
    0x08007cce   0x08007cce   0x0000000c   Code   RO         6656    x$fpl$dretinf       fz_wm.l(dretinf.o)
    0x08007cda   0x08007cda   0x0000000a   Code   RO         6731    x$fpl$fpinit        fz_wm.l(fpinit.o)
    0x08007ce4   0x08007ce4   0x0000000a   Code   RO         6658    x$fpl$fretinf       fz_wm.l(fretinf.o)
    0x08007cee   0x08007cee   0x00000000   Code   RO         6660    x$fpl$usenofp       fz_wm.l(usenofp.o)
    0x08007cee   0x08007cee   0x00000002   PAD
    0x08007cf0   0x08007cf0   0x00000014   Data   RO          321    .constdata          usbh_diskio.o
    0x08007d04   0x08007d04   0x00000005   Data   RO          591    .constdata          usb_host.o
    0x08007d09   0x08007d09   0x00000010   Data   RO         4884    .constdata          system_stm32f4xx.o
    0x08007d19   0x08007d19   0x00000008   Data   RO         4885    .constdata          system_stm32f4xx.o
    0x08007d21   0x08007d21   0x00000001   PAD
    0x08007d22   0x08007d22   0x0000009c   Data   RO         5038    .constdata          ff.o
    0x08007dbe   0x08007dbe   0x00000002   PAD
    0x08007dc0   0x08007dc0   0x0000001c   Data   RO         6081    .constdata__ZTV5DHT22  dht22.o
    0x08007ddc   0x08007ddc   0x0000001c   Data   RO         6240    .constdata__ZTV7DS18B20  ds18b20.o
    0x08007df8   0x08007df8   0x00000004   Data   RO         5796    .conststring        usbh_msc.o
    0x08007dfc   0x08007dfc   0x00000020   Data   RO         6846    Region$$Table       anon$$obj.o


    Execution Region RW_IRAM1 (Exec base: 0x20000000, Load base: 0x08007e1c, Size: 0x00004d20, Max: 0x00050000, ABSOLUTE)

    Exec Addr    Load Addr    Size         Type   Attr      Idx    E Section Name        Object

    0x20000000   0x08007e1c   0x00000004   Data   RW           38    .data               main.o
    0x20000004   0x08007e20   0x00000005   Data   RW          544    .data               fatfs.o
    0x20000009   0x08007e25   0x00000003   Data   RW          592    .data               usb_host.o
    0x2000000c   0x08007e28   0x00000004   Data   RW         1238    .data               stm32f4xx_ll_usb.o
    0x20000010   0x08007e2c   0x0000000c   Data   RW         2518    .data               stm32f4xx_hal.o
    0x2000001c   0x08007e38   0x00000004   Data   RW         4886    .data               system_stm32f4xx.o
    0x20000020   0x08007e3c   0x00000008   Data   RW         5039    .data               ff.o
    0x20000028   0x08007e44   0x00000020   Data   RW         5797    .data               usbh_msc.o
    0x20000048   0x08007e64   0x00000004   Data   RW         6263    .data               componentsmanager.o
    0x2000004c        -       0x000000f4   Zero   RW           37    .bss                main.o
    0x20000140        -       0x00000850   Zero   RW          586    .bss                usb_host.o
    0x20000990        -       0x000002c4   Zero   RW          667    .bss                usbh_conf.o
    0x20000c54        -       0x00000020   Zero   RW         5037    .bss                ff.o
    0x20000c74        -       0x0000000c   Zero   RW         5340    .bss                ff_gen_drv.o
    0x20000c80        -       0x00000040   Zero   RW         5989    .bss                tim_delay.o
    0x20000cc0        -       0x00000060   Zero   RW         6664    .bss                c_w.l(libspace.o)
    0x20000d20        -       0x00002000   Zero   RW            2    HEAP                startup_stm32f413xx.o
    0x20002d20        -       0x00002000   Zero   RW            1    STACK               startup_stm32f413xx.o


==============================================================================

Image component sizes


      Code (inc. data)   RO Data    RW Data    ZI Data      Debug   Object Name

        68         12          0          4          0       1976   componentsmanager.o
       440         18         28          0          0       5536   dht22.o
       152         26          0          0          0       4093   diskio.o
        16          6         28          0          0       1652   ds18b20.o
        32         10          0          5          0       1732   fatfs.o
      5004         78        156          8         32      47575   ff.o
        70          6          0          0         12       1815   ff_gen_drv.o
       138          0          0          0          0        920   floattostring.o
       292         12          0          0          0       2632   i2c_lcd.o
        74          0          0          0          0       2348   isensor.o
      1184        126          0          4        244     724043   main.o
        64         26        472          0      16384        908   startup_stm32f413xx.o
       184         28          0         12          0      10037   stm32f4xx_hal.o
       198         14          0          0          0      34423   stm32f4xx_hal_cortex.o
       448         40          0          0          0       3427   stm32f4xx_hal_gpio.o
      2444          4          0          0          0      15089   stm32f4xx_hal_hcd.o
      1404         30          0          0          0       8957   stm32f4xx_hal_i2c.o
       400         56          0          0          0       3884   stm32f4xx_hal_msp.o
       512         58          0          0          0       4664   stm32f4xx_hal_rcc.o
      1760         52          0          0          0       4092   stm32f4xx_hal_rcc_ex.o
      1448         38          0          0          0      10154   stm32f4xx_hal_rtc.o
         2          0          0          0          0       1108   stm32f4xx_hal_rtc_ex.o
      1036         44          0          0          0      11372   stm32f4xx_hal_tim.o
       148         30          0          0          0       2781   stm32f4xx_hal_tim_ex.o
       918         16          0          0          0       4324   stm32f4xx_hal_uart.o
        56         18          0          0          0       6240   stm32f4xx_it.o
      1792         50          0          4          0      19539   stm32f4xx_ll_usb.o
        28          6         24          4          0       1319   system_stm32f4xx.o
       142         22          0          0         64       2515   tim_delay.o
       392         80          5          3       2128       5272   usb_host.o
       602         20          0          0        708      15333   usbh_conf.o
      1538         20          0          0          0      12927   usbh_core.o
      1206         12          0          0          0      13762   usbh_ctlreq.o
       284         20         20          0          0     756264   usbh_diskio.o
       182          0          0          0          0       4788   usbh_ioreq.o
      1814         10          4         32          0      11965   usbh_msc.o
       744         28          0          0          0       6009   usbh_msc_bot.o
       794          0          0          0          0       6735   usbh_msc_scsi.o
       126          0          0          0          0       4294   usbh_pipes.o

    ----------------------------------------------------------------------
     28176       1016        772         76      19572    1776504   Object Totals
         0          0         32          0          0          0   (incl. Generated)
        40          0          3          0          0          0   (incl. Padding)

    ----------------------------------------------------------------------

      Code (inc. data)   RO Data    RW Data    ZI Data      Debug   Library Member Name

         8          0          0          0          0         68   __main.o
       104          0          0          0          0         84   __printf.o
         0          0          0          0          0          0   __rtentry.o
        12          0          0          0          0          0   __rtentry2.o
         6          0          0          0          0          0   __rtentry4.o
        52          8          0          0          0          0   __scatter.o
        26          0          0          0          0          0   __scatter_copy.o
        28          0          0          0          0          0   __scatter_zi.o
        48          6          0          0          0         96   _printf_char_common.o
         6          0          0          0          0          0   _printf_d.o
       120         16          0          0          0         92   _printf_dec.o
       178          0          0          0          0         88   _printf_intcommon.o
         0          0          0          0          0          0   _printf_percent.o
         4          0          0          0          0          0   _printf_percent_end.o
        10          0          0          0          0         68   _sputc.o
        22          0          0          0          0         80   abort.o
        48         34          0          0          0         76   defsig_abrt_inner.o
        14          0          0          0          0         80   defsig_abrt_outer.o
        10          0          0          0          0         68   defsig_exit.o
        50          0          0          0          0         88   defsig_general.o
        80         58          0          0          0         76   defsig_rtmem_inner.o
        14          0          0          0          0         80   defsig_rtmem_outer.o
        18          0          0          0          0         80   exit.o
        94          0          0          0          0         80   h1_alloc.o
        52          0          0          0          0         68   h1_extend.o
        78          0          0          0          0         80   h1_free.o
        14          0          0          0          0         84   h1_init.o
         6          0          0          0          0        152   heapauxi.o
         4          0          0          0          0        136   hguard.o
         0          0          0          0          0          0   indicate_semi.o
       138          0          0          0          0        168   init_alloc.o
         2          0          0          0          0          0   libinit.o
        14          0          0          0          0          0   libinit2.o
         2          0          0          0          0          0   libshutdown.o
         2          0          0          0          0          0   libshutdown2.o
         8          4          0          0         96         68   libspace.o
       238          0          0          0          0        100   lludivv7m.o
         0          0          0          0          0          0   maybetermalloc1.o
        40          6          0          0          0         84   noretval__2sprintf.o
         8          4          0          0          0         68   rt_eh_globals_addr_intlibspace.o
         8          4          0          0          0         68   rt_heap_descriptor_intlibspace.o
        68          0          0          0          0         68   rt_memclr.o
        78          0          0          0          0         80   rt_memclr_w.o
       138          0          0          0          0         68   rt_memcpy_v6.o
       100          0          0          0          0         80   rt_memcpy_w.o
         8          4          0          0          0         68   rt_new_handler_addr_intlibspace.o
         2          0          0          0          0          0   rtexit.o
        10          0          0          0          0          0   rtexit2.o
        24          0          0          0          0         68   strcat.o
        12          4          0          0          0         68   sys_exit.o
        74          0          0          0          0         80   sys_stackheap_outer.o
        14          0          0          0          0         76   sys_wrch.o
         2          0          0          0          0         68   use_no_semi.o
        80         12          0          0          0        104   arm_exceptions_globs.o
        60          0          0          0          0        108   arm_exceptions_mem.o
        26          0          0          0          0         76   arm_exceptions_terminate.o
         4          0          0          0          0         68   arm_newhandler_noexceptions.o
        40          6          0          0          0         76   new.o
        98          4          0          0          0        140   d2f.o
       688        140          0          0          0        256   ddiv.o
        38          0          0          0          0        116   dflt_clz.o
       156          4          0          0          0        140   dnaninf.o
        12          0          0          0          0        116   dretinf.o
        10          0          0          0          0        116   fpinit.o
        10          0          0          0          0        116   fretinf.o
         0          0          0          0          0          0   usenofp.o

    ----------------------------------------------------------------------
      3336        314          0          0         96       4436   Library Totals
        18          0          0          0          0          0   (incl. Padding)

    ----------------------------------------------------------------------

      Code (inc. data)   RO Data    RW Data    ZI Data      Debug   Library Name

      2096        148          0          0         96       3004   c_w.l
       210         18          0          0          0        432   cpprt_w.l
      1012        148          0          0          0       1000   fz_wm.l

    ----------------------------------------------------------------------
      3336        314          0          0         96       4436   Library Totals

    ----------------------------------------------------------------------

==============================================================================


      Code (inc. data)   RO Data    RW Data    ZI Data      Debug   

     31512       1330        772         76      19668    1749264   Grand Totals
     31512       1330        772         76      19668    1749264   ELF Image Totals
     31512       1330        772         76          0          0   ROM Totals

==============================================================================

    Total RO  Size (Code + RO Data)                32284 (  31.53kB)
    Total RW  Size (RW Data + ZI Data)             19744 (  19.28kB)
    Total ROM Size (Code + RO Data + RW Data)      32360 (  31.60kB)

==============================================================================

